../Core/Src/main.c:72:6:VC0706_SendCommand	40	static
../Core/Src/main.c:85:9:VC0706_TakePhoto	24	static
../Core/Src/main.c:108:9:VC0706_ReadImage	40	static
../Core/Src/main.c:134:9:VC0706_SetBaudRate	24	static
../Core/Src/main.c:145:9:VC0706_Reset	16	static
../Core/Src/main.c:161:5:main	24	static
../Core/Src/main.c:222:6:SystemClock_Config	96	static
../Core/Src/main.c:267:13:MX_USART1_UART_Init	8	static
../Core/Src/main.c:315:13:MX_USART3_UART_Init	8	static
../Core/Src/main.c:363:13:MX_GPIO_Init	64	static
../Core/Src/main.c:618:6:Error_Handler	4	static,ignoring_inline_asm
