../Core/Src/main.c:104:5:main	1136	static
../Core/Src/main.c:219:6:SystemClock_Config	96	static
../Core/Src/main.c:264:13:MX_ADC1_Init	32	static
../Core/Src/main.c:322:13:MX_SPI1_Init	8	static
../Core/Src/main.c:362:13:MX_SPI3_Init	8	static
../Core/Src/main.c:402:13:MX_TIM2_Init	40	static
../Core/Src/main.c:447:13:MX_TIM3_Init	40	static
../Core/Src/main.c:492:13:MX_TIM4_Init	40	static
../Core/Src/main.c:537:13:MX_USART3_UART_Init	8	static
../Core/Src/main.c:585:13:MX_GPIO_Init	56	static
../Core/Src/main.c:735:6:Error_Handler	4	static,ignoring_inline_asm
