../Core/Src/camera_handler.c:48:6:camera_init	8	static
../Core/Src/camera_handler.c:66:9:camera_take_photo	24	static
../Core/Src/camera_handler.c:118:13:finish_image	16	static
../Core/Src/camera_handler.c:139:16:process_chunk	16	static
../Core/Src/camera_handler.c:159:10:camera_get_percent_done	4	static
../Core/Src/camera_handler.c:164:9:camera_process	16	static
../Core/Src/camera_handler.c:177:9:camera_get_ready	4	static
../Core/Src/camera_handler.c:181:6:camera_is_ready_to_request	4	static
../Core/Src/camera_handler.c:186:6:camera_request_chunk	8	static
../Core/Src/camera_handler.c:195:6:camera_receive_chunk	16	static
