../Core/Src/main.c:114:5:main	1136	static
../Core/Src/main.c:198:6:SystemClock_Config	96	static
../Core/Src/main.c:243:13:MX_ADC1_Init	32	static
../Core/Src/main.c:301:13:MX_LPUART1_UART_Init	8	static
../Core/Src/main.c:349:13:MX_USART3_UART_Init	8	static
../Core/Src/main.c:397:13:MX_SPI1_Init	8	static
../Core/Src/main.c:437:13:MX_SPI3_Init	8	static
../Core/Src/main.c:477:13:MX_TIM2_Init	40	static
../Core/Src/main.c:522:13:MX_TIM4_Init	40	static
../Core/Src/main.c:567:13:MX_TIM5_Init	40	static
../Core/Src/main.c:612:13:MX_TIM15_Init	40	static
../Core/Src/main.c:658:13:MX_TIM16_Init	8	static
../Core/Src/main.c:690:13:MX_GPIO_Init	56	static
../Core/Src/main.c:830:1:__io_putchar	16	static
../Core/Src/main.c:841:6:Error_Handler	4	static,ignoring_inline_asm
