../Drivers/ili9341/Src/ILI9341_STM32_Driver.c:92:6:ILI9341_SPI_Init	8	static
../Drivers/ili9341/Src/ILI9341_STM32_Driver.c:98:6:ILI9341_SPI_Send	16	static
../Drivers/ili9341/Src/ILI9341_STM32_Driver.c:104:6:ILI9341_Write_Command	16	static
../Drivers/ili9341/Src/ILI9341_STM32_Driver.c:113:6:ILI9341_Write_Data	16	static
../Drivers/ili9341/Src/ILI9341_STM32_Driver.c:122:6:ILI9341_Set_Address	24	static
../Drivers/ili9341/Src/ILI9341_STM32_Driver.c:140:6:ILI9341_Reset	8	static
../Drivers/ili9341/Src/ILI9341_STM32_Driver.c:150:6:ILI9341_Set_Rotation	24	static
../Drivers/ili9341/Src/ILI9341_STM32_Driver.c:187:6:ILI9341_Enable	8	static
../Drivers/ili9341/Src/ILI9341_STM32_Driver.c:193:6:ILI9341_Init	8	static
../Drivers/ili9341/Src/ILI9341_STM32_Driver.c:333:6:ILI9341_Draw_Colour	24	static
../Drivers/ili9341/Src/ILI9341_STM32_Driver.c:345:6:ILI9341_Draw_Colour_Burst	80	dynamic
../Drivers/ili9341/Src/ILI9341_STM32_Driver.c:389:6:ILI9341_Fill_Screen	16	static
../Drivers/ili9341/Src/ILI9341_STM32_Driver.c:401:6:ILI9341_Draw_Pixel	32	static
../Drivers/ili9341/Src/ILI9341_STM32_Driver.c:452:6:ILI9341_Draw_Rectangle	24	static
../Drivers/ili9341/Src/ILI9341_STM32_Driver.c:468:6:ILI9341_Draw_Horizontal_Line	24	static
../Drivers/ili9341/Src/ILI9341_STM32_Driver.c:480:6:ILI9341_Draw_Vertical_Line	24	static
