Archive member included to satisfy reference by file (symbol)

C:/ST/STM32CubeIDE_1.16.0/STM32CubeIDE/plugins/com.st.stm32cube.ide.mcu.externaltools.gnu-tools-for-stm32.12.3.rel1.win32_1.0.200.202406191623/tools/bin/../lib/gcc/arm-none-eabi/12.3.1/../../../../arm-none-eabi/lib/thumb/v7e-m+fp/hard\libc_nano.a(libc_a-exit.o)
                              C:/ST/STM32CubeIDE_1.16.0/STM32CubeIDE/plugins/com.st.stm32cube.ide.mcu.externaltools.gnu-tools-for-stm32.12.3.rel1.win32_1.0.200.202406191623/tools/bin/../lib/gcc/arm-none-eabi/12.3.1/../../../../arm-none-eabi/lib/thumb/v7e-m+fp/hard/crt0.o (exit)
C:/ST/STM32CubeIDE_1.16.0/STM32CubeIDE/plugins/com.st.stm32cube.ide.mcu.externaltools.gnu-tools-for-stm32.12.3.rel1.win32_1.0.200.202406191623/tools/bin/../lib/gcc/arm-none-eabi/12.3.1/../../../../arm-none-eabi/lib/thumb/v7e-m+fp/hard\libc_nano.a(libc_a-rand.o)
                              ./Core/Src/camera_handler.o (rand)
C:/ST/STM32CubeIDE_1.16.0/STM32CubeIDE/plugins/com.st.stm32cube.ide.mcu.externaltools.gnu-tools-for-stm32.12.3.rel1.win32_1.0.200.202406191623/tools/bin/../lib/gcc/arm-none-eabi/12.3.1/../../../../arm-none-eabi/lib/thumb/v7e-m+fp/hard\libc_nano.a(libc_a-findfp.o)
                              C:/ST/STM32CubeIDE_1.16.0/STM32CubeIDE/plugins/com.st.stm32cube.ide.mcu.externaltools.gnu-tools-for-stm32.12.3.rel1.win32_1.0.200.202406191623/tools/bin/../lib/gcc/arm-none-eabi/12.3.1/../../../../arm-none-eabi/lib/thumb/v7e-m+fp/hard\libc_nano.a(libc_a-exit.o) (__stdio_exit_handler)
C:/ST/STM32CubeIDE_1.16.0/STM32CubeIDE/plugins/com.st.stm32cube.ide.mcu.externaltools.gnu-tools-for-stm32.12.3.rel1.win32_1.0.200.202406191623/tools/bin/../lib/gcc/arm-none-eabi/12.3.1/../../../../arm-none-eabi/lib/thumb/v7e-m+fp/hard\libc_nano.a(libc_a-fwalk.o)
                              C:/ST/STM32CubeIDE_1.16.0/STM32CubeIDE/plugins/com.st.stm32cube.ide.mcu.externaltools.gnu-tools-for-stm32.12.3.rel1.win32_1.0.200.202406191623/tools/bin/../lib/gcc/arm-none-eabi/12.3.1/../../../../arm-none-eabi/lib/thumb/v7e-m+fp/hard\libc_nano.a(libc_a-findfp.o) (_fwalk_sglue)
C:/ST/STM32CubeIDE_1.16.0/STM32CubeIDE/plugins/com.st.stm32cube.ide.mcu.externaltools.gnu-tools-for-stm32.12.3.rel1.win32_1.0.200.202406191623/tools/bin/../lib/gcc/arm-none-eabi/12.3.1/../../../../arm-none-eabi/lib/thumb/v7e-m+fp/hard\libc_nano.a(libc_a-sprintf.o)
                              ./Core/Src/camera_handler.o (sprintf)
C:/ST/STM32CubeIDE_1.16.0/STM32CubeIDE/plugins/com.st.stm32cube.ide.mcu.externaltools.gnu-tools-for-stm32.12.3.rel1.win32_1.0.200.202406191623/tools/bin/../lib/gcc/arm-none-eabi/12.3.1/../../../../arm-none-eabi/lib/thumb/v7e-m+fp/hard\libc_nano.a(libc_a-stdio.o)
                              C:/ST/STM32CubeIDE_1.16.0/STM32CubeIDE/plugins/com.st.stm32cube.ide.mcu.externaltools.gnu-tools-for-stm32.12.3.rel1.win32_1.0.200.202406191623/tools/bin/../lib/gcc/arm-none-eabi/12.3.1/../../../../arm-none-eabi/lib/thumb/v7e-m+fp/hard\libc_nano.a(libc_a-findfp.o) (__sread)
C:/ST/STM32CubeIDE_1.16.0/STM32CubeIDE/plugins/com.st.stm32cube.ide.mcu.externaltools.gnu-tools-for-stm32.12.3.rel1.win32_1.0.200.202406191623/tools/bin/../lib/gcc/arm-none-eabi/12.3.1/../../../../arm-none-eabi/lib/thumb/v7e-m+fp/hard\libc_nano.a(libc_a-memset.o)
                              C:/ST/STM32CubeIDE_1.16.0/STM32CubeIDE/plugins/com.st.stm32cube.ide.mcu.externaltools.gnu-tools-for-stm32.12.3.rel1.win32_1.0.200.202406191623/tools/bin/../lib/gcc/arm-none-eabi/12.3.1/../../../../arm-none-eabi/lib/thumb/v7e-m+fp/hard/crt0.o (memset)
C:/ST/STM32CubeIDE_1.16.0/STM32CubeIDE/plugins/com.st.stm32cube.ide.mcu.externaltools.gnu-tools-for-stm32.12.3.rel1.win32_1.0.200.202406191623/tools/bin/../lib/gcc/arm-none-eabi/12.3.1/../../../../arm-none-eabi/lib/thumb/v7e-m+fp/hard\libc_nano.a(libc_a-strcat.o)
                              ./Core/Src/lcd.o (strcat)
C:/ST/STM32CubeIDE_1.16.0/STM32CubeIDE/plugins/com.st.stm32cube.ide.mcu.externaltools.gnu-tools-for-stm32.12.3.rel1.win32_1.0.200.202406191623/tools/bin/../lib/gcc/arm-none-eabi/12.3.1/../../../../arm-none-eabi/lib/thumb/v7e-m+fp/hard\libc_nano.a(libc_a-closer.o)
                              C:/ST/STM32CubeIDE_1.16.0/STM32CubeIDE/plugins/com.st.stm32cube.ide.mcu.externaltools.gnu-tools-for-stm32.12.3.rel1.win32_1.0.200.202406191623/tools/bin/../lib/gcc/arm-none-eabi/12.3.1/../../../../arm-none-eabi/lib/thumb/v7e-m+fp/hard\libc_nano.a(libc_a-stdio.o) (_close_r)
C:/ST/STM32CubeIDE_1.16.0/STM32CubeIDE/plugins/com.st.stm32cube.ide.mcu.externaltools.gnu-tools-for-stm32.12.3.rel1.win32_1.0.200.202406191623/tools/bin/../lib/gcc/arm-none-eabi/12.3.1/../../../../arm-none-eabi/lib/thumb/v7e-m+fp/hard\libc_nano.a(libc_a-reent.o)
                              C:/ST/STM32CubeIDE_1.16.0/STM32CubeIDE/plugins/com.st.stm32cube.ide.mcu.externaltools.gnu-tools-for-stm32.12.3.rel1.win32_1.0.200.202406191623/tools/bin/../lib/gcc/arm-none-eabi/12.3.1/../../../../arm-none-eabi/lib/thumb/v7e-m+fp/hard\libc_nano.a(libc_a-closer.o) (errno)
[...]
Memory Configuration

Name             Origin             Length             Attributes
RAM              0x20000000         0x00030000         xrw
RAM2             0x10000000         0x00010000         xrw
RAM3             0x20040000         0x00060000         xrw
FLASH            0x08000000         0x00200000         xr
*default*        0x00000000         0xffffffff

Linker script and memory map

LOAD C:/ST/STM32CubeIDE_1.16.0/STM32CubeIDE/plugins/com.st.stm32cube.ide.mcu.externaltools.gnu-tools-for-stm32.12.3.rel1.win32_1.0.200.202406191623/tools/bin/../lib/gcc/arm-none-eabi/12.3.1/thumb/v7e-m+fp/hard/crti.o
LOAD C:/ST/STM32CubeIDE_1.16.0/STM32CubeIDE/plugins/com.st.stm32cube.ide.mcu.externaltools.gnu-tools-for-stm32.12.3.rel1.win32_1.0.200.202406191623/tools/bin/../lib/gcc/arm-none-eabi/12.3.1/thumb/v7e-m+fp/hard/crtbegin.o
LOAD C:/ST/STM32CubeIDE_1.16.0/STM32CubeIDE/plugins/com.st.stm32cube.ide.mcu.externaltools.gnu-tools-for-stm32.12.3.rel1.win32_1.0.200.202406191623/tools/bin/../lib/gcc/arm-none-eabi/12.3.1/../../../../arm-none-eabi/lib/thumb/v7e-m+fp/hard/crt0.o
LOAD ./Core/Src/camera_handler.o
LOAD ./Core/Src/integration.o
LOAD ./Core/Src/ir_sensor.o
LOAD ./Core/Src/lcd.o
LOAD ./Core/Src/load_cell.o
LOAD ./Core/Src/main.o
LOAD ./Core/Src/motor.o
LOAD ./Core/Src/stm32l4xx_hal_msp.o
LOAD ./Core/Src/stm32l4xx_it.o
LOAD ./Core/Src/syscalls.o
LOAD ./Core/Src/sysmem.o
LOAD ./Core/Src/system_stm32l4xx.o
LOAD ./Core/Src/vc0706_driver.o
LOAD ./Core/Startup/startup_stm32l4r5zitxp.o
LOAD ./Drivers/LCD/Src/fonts.o
LOAD ./Drivers/LCD/Src/ili9341.o
LOAD ./Drivers/STM32L4xx_HAL_Driver/Src/stm32l4xx_hal.o
LOAD ./Drivers/STM32L4xx_HAL_Driver/Src/stm32l4xx_hal_adc.o
LOAD ./Drivers/STM32L4xx_HAL_Driver/Src/stm32l4xx_hal_adc_ex.o
LOAD ./Drivers/STM32L4xx_HAL_Driver/Src/stm32l4xx_hal_cortex.o
LOAD ./Drivers/STM32L4xx_HAL_Driver/Src/stm32l4xx_hal_dma.o
LOAD ./Drivers/STM32L4xx_HAL_Driver/Src/stm32l4xx_hal_dma_ex.o
LOAD ./Drivers/STM32L4xx_HAL_Driver/Src/stm32l4xx_hal_exti.o
LOAD ./Drivers/STM32L4xx_HAL_Driver/Src/stm32l4xx_hal_flash.o
LOAD ./Drivers/STM32L4xx_HAL_Driver/Src/stm32l4xx_hal_flash_ex.o
LOAD ./Drivers/STM32L4xx_HAL_Driver/Src/stm32l4xx_hal_flash_ramfunc.o
LOAD ./Drivers/STM32L4xx_HAL_Driver/Src/stm32l4xx_hal_gpio.o
LOAD ./Drivers/STM32L4xx_HAL_Driver/Src/stm32l4xx_hal_i2c.o
LOAD ./Drivers/STM32L4xx_HAL_Driver/Src/stm32l4xx_hal_i2c_ex.o
LOAD ./Drivers/STM32L4xx_HAL_Driver/Src/stm32l4xx_hal_pwr.o
LOAD ./Drivers/STM32L4xx_HAL_Driver/Src/stm32l4xx_hal_pwr_ex.o
LOAD ./Drivers/STM32L4xx_HAL_Driver/Src/stm32l4xx_hal_rcc.o
LOAD ./Drivers/STM32L4xx_HAL_Driver/Src/stm32l4xx_hal_rcc_ex.o
LOAD ./Drivers/STM32L4xx_HAL_Driver/Src/stm32l4xx_hal_spi.o
LOAD ./Drivers/STM32L4xx_HAL_Driver/Src/stm32l4xx_hal_spi_ex.o
LOAD ./Drivers/STM32L4xx_HAL_Driver/Src/stm32l4xx_hal_tim.o
LOAD ./Drivers/STM32L4xx_HAL_Driver/Src/stm32l4xx_hal_tim_ex.o
LOAD ./Drivers/STM32L4xx_HAL_Driver/Src/stm32l4xx_hal_uart.o
LOAD ./Drivers/STM32L4xx_HAL_Driver/Src/stm32l4xx_hal_uart_ex.o
LOAD ./FATFS/App/fatfs.o
LOAD ./FATFS/Target/user_diskio.o
LOAD ./FATFS/Target/user_diskio_spi.o
LOAD ./Middlewares/Third_Party/FatFs/src/diskio.o
LOAD ./Middlewares/Third_Party/FatFs/src/ff.o
LOAD ./Middlewares/Third_Party/FatFs/src/ff_gen_drv.o
LOAD ./Middlewares/Third_Party/FatFs/src/option/syscall.o
START GROUP
LOAD C:/ST/STM32CubeIDE_1.16.0/STM32CubeIDE/plugins/com.st.stm32cube.ide.mcu.externaltools.gnu-tools-for-stm32.12.3.rel1.win32_1.0.200.202406191623/tools/bin/../lib/gcc/arm-none-eabi/12.3.1/../../../../arm-none-eabi/lib/thumb/v7e-m+fp/hard\libc_nano.a
LOAD C:/ST/STM32CubeIDE_1.16.0/STM32CubeIDE/plugins/com.st.stm32cube.ide.mcu.externaltools.gnu-tools-for-stm32.12.3.rel1.win32_1.0.200.202406191623/tools/bin/../lib/gcc/arm-none-eabi/12.3.1/../../../../arm-none-eabi/lib/thumb/v7e-m+fp/hard\libm.a
END GROUP
START GROUP
LOAD C:/ST/STM32CubeIDE_1.16.0/STM32CubeIDE/plugins/com.st.stm32cube.ide.mcu.externaltools.gnu-tools-for-stm32.12.3.rel1.win32_1.0.200.202406191623/tools/bin/../lib/gcc/arm-none-eabi/12.3.1/thumb/v7e-m+fp/hard\libgcc.a
LOAD C:/ST/STM32CubeIDE_1.16.0/STM32CubeIDE/plugins/com.st.stm32cube.ide.mcu.externaltools.gnu-tools-for-stm32.12.3.rel1.win32_1.0.200.202406191623/tools/bin/../lib/gcc/arm-none-eabi/12.3.1/../../../../arm-none-eabi/lib/thumb/v7e-m+fp/hard\libc_nano.a
END GROUP
START GROUP
LOAD C:/ST/STM32CubeIDE_1.16.0/STM32CubeIDE/plugins/com.st.stm32cube.ide.mcu.externaltools.gnu-tools-for-stm32.12.3.rel1.win32_1.0.200.202406191623/tools/bin/../lib/gcc/arm-none-eabi/12.3.1/thumb/v7e-m+fp/hard\libgcc.a
LOAD C:/ST/STM32CubeIDE_1.16.0/STM32CubeIDE/plugins/com.st.stm32cube.ide.mcu.externaltools.gnu-tools-for-stm32.12.3.rel1.win32_1.0.200.202406191623/tools/bin/../lib/gcc/arm-none-eabi/12.3.1/../../../../arm-none-eabi/lib/thumb/v7e-m+fp/hard\libc_nano.a
LOAD C:/ST/STM32CubeIDE_1.16.0/STM32CubeIDE/plugins/com.st.stm32cube.ide.mcu.externaltools.gnu-tools-for-stm32.12.3.rel1.win32_1.0.200.202406191623/tools/bin/../lib/gcc/arm-none-eabi/12.3.1/../../../../arm-none-eabi/lib/thumb/v7e-m+fp/hard\libnosys.a
END GROUP
START GROUP
LOAD C:/ST/STM32CubeIDE_1.16.0/STM32CubeIDE/plugins/com.st.stm32cube.ide.mcu.externaltools.gnu-tools-for-stm32.12.3.rel1.win32_1.0.200.202406191623/tools/bin/../lib/gcc/arm-none-eabi/12.3.1/thumb/v7e-m+fp/hard\libgcc.a
LOAD C:/ST/STM32CubeIDE_1.16.0/STM32CubeIDE/plugins/com.st.stm32cube.ide.mcu.externaltools.gnu-tools-for-stm32.12.3.rel1.win32_1.0.200.202406191623/tools/bin/../lib/gcc/arm-none-eabi/12.3.1/../../../../arm-none-eabi/lib/thumb/v7e-m+fp/hard\libc_nano.a
LOAD C:/ST/STM32CubeIDE_1.16.0/STM32CubeIDE/plugins/com.st.stm32cube.ide.mcu.externaltools.gnu-tools-for-stm32.12.3.rel1.win32_1.0.200.202406191623/tools/bin/../lib/gcc/arm-none-eabi/12.3.1/../../../../arm-none-eabi/lib/thumb/v7e-m+fp/hard\libnosys.a
END GROUP
LOAD C:/ST/STM32CubeIDE_1.16.0/STM32CubeIDE/plugins/com.st.stm32cube.ide.mcu.externaltools.gnu-tools-for-stm32.12.3.rel1.win32_1.0.200.202406191623/tools/bin/../lib/gcc/arm-none-eabi/12.3.1/thumb/v7e-m+fp/hard/crtend.o
LOAD C:/ST/STM32CubeIDE_1.16.0/STM32CubeIDE/plugins/com.st.stm32cube.ide.mcu.externaltools.gnu-tools-for-stm32.12.3.rel1.win32_1.0.200.202406191623/tools/bin/../lib/gcc/arm-none-eabi/12.3.1/thumb/v7e-m+fp/hard/crtn.o
                0x200a0000                        _estack = (ORIGIN (RAM3) + LENGTH (RAM3))
                0x00000200                        _Min_Heap_Size = 0x200
                0x00000400                        _Min_Stack_Size = 0x400

.isr_vector     0x08000000      0x1bc
                0x08000000                        . = ALIGN (0x4)
 *(.isr_vector)
 .isr_vector    0x08000000      0x1bc ./Core/Startup/startup_stm32l4r5zitxp.o
                0x08000000                g_pfnVectors
                0x080001bc                        . = ALIGN (0x4)

.text           0x080001c0     0xb558
                0x080001c0                        . = ALIGN (0x4)
 *(.text)
 .text          0x080001c0       0x40 C:/ST/STM32CubeIDE_1.16.0/STM32CubeIDE/plugins/com.st.stm32cube.ide.mcu.externaltools.gnu-tools-for-stm32.12.3.rel1.win32_1.0.200.202406191623/tools/bin/../lib/gcc/arm-none-eabi/12.3.1/thumb/v7e-m+fp/hard/crtbegin.o
 .text          0x08000200       0xa0 C:/ST/STM32CubeIDE_1.16.0/STM32CubeIDE/plugins/com.st.stm32cube.ide.mcu.externaltools.gnu-tools-for-stm32.12.3.rel1.win32_1.0.200.202406191623/tools/bin/../lib/gcc/arm-none-eabi/12.3.1/../../../../arm-none-eabi/lib/thumb/v7e-m+fp/hard\libc_nano.a(libc_a-memchr.o)
                0x08000200                memchr
 .text          0x080002a0      0x378 C:/ST/STM32CubeIDE_1.16.0/STM32CubeIDE/plugins/com.st.stm32cube.ide.mcu.externaltools.gnu-tools-for-stm32.12.3.rel1.win32_1.0.200.202406191623/tools/bin/../lib/gcc/arm-none-eabi/12.3.1/thumb/v7e-m+fp/hard\libgcc.a(_arm_addsubdf3.o)
                0x080002a0                __aeabi_drsub
                0x080002a8                __aeabi_dsub
                0x080002a8                __subdf3
                0x080002ac                __aeabi_dadd
                0x080002ac                __adddf3
                0x08000524                __floatunsidf
                0x08000524                __aeabi_ui2d
                0x08000544                __floatsidf
                0x08000544                __aeabi_i2d
                0x08000568                __aeabi_f2d
                0x08000568                __extendsfdf2
                0x080005ac                __floatundidf
                0x080005ac                __aeabi_ul2d
                0x080005bc                __floatdidf
                0x080005bc                __aeabi_l2d
 .text          0x08000618      0x424 C:/ST/STM32CubeIDE_1.16.0/STM32CubeIDE/plugins/com.st.stm32cube.ide.mcu.externaltools.gnu-tools-for-stm32.12.3.rel1.win32_1.0.200.202406191623/tools/bin/../lib/gcc/arm-none-eabi/12.3.1/thumb/v7e-m+fp/hard\libgcc.a(_arm_muldivdf3.o)
                0x08000618                __aeabi_dmul
                0x08000618                __muldf3
                0x0800086c                __divdf3
                0x0800086c                __aeabi_ddiv
 .text          0x08000a3c       0xa0 C:/ST/STM32CubeIDE_1.16.0/STM32CubeIDE/plugins/com.st.stm32cube.ide.mcu.externaltools.gnu-tools-for-stm32.12.3.rel1.win32_1.0.200.202406191623/tools/bin/../lib/gcc/arm-none-eabi/12.3.1/thumb/v7e-m+fp/hard\libgcc.a(_arm_truncdfsf2.o)
                0x08000a3c                __truncdfsf2
                0x08000a3c                __aeabi_d2f
 .text          0x08000adc       0x30 C:/ST/STM32CubeIDE_1.16.0/STM32CubeIDE/plugins/com.st.stm32cube.ide.mcu.externaltools.gnu-tools-for-stm32.12.3.rel1.win32_1.0.200.202406191623/tools/bin/../lib/gcc/arm-none-eabi/12.3.1/thumb/v7e-m+fp/hard\libgcc.a(_aeabi_uldivmod.o)
                0x08000adc                __aeabi_uldivmod
 .text          0x08000b0c      0x2bc C:/ST/STM32CubeIDE_1.16.0/STM32CubeIDE/plugins/com.st.stm32cube.ide.mcu.externaltools.gnu-tools-for-stm32.12.3.rel1.win32_1.0.200.202406191623/tools/bin/../lib/gcc/arm-none-eabi/12.3.1/thumb/v7e-m+fp/hard\libgcc.a(_udivmoddi4.o)
                0x08000b0c                __udivmoddi4
 .text          0x08000dc8        0x4 C:/ST/STM32CubeIDE_1.16.0/STM32CubeIDE/plugins/com.st.stm32cube.ide.mcu.externaltools.gnu-tools-for-stm32.12.3.rel1.win32_1.0.200.202406191623/tools/bin/../lib/gcc/arm-none-eabi/12.3.1/thumb/v7e-m+fp/hard\libgcc.a(_dvmd_tls.o)
                0x08000dc8                __aeabi_idiv0
                0x08000dc8                __aeabi_ldiv0
 *(.text*)
 .text.camera_init
                0x08000dcc       0x58 ./Core/Src/camera_handler.o
                0x08000dcc                camera_init
 .text.finish_image
                0x08000e24       0x80 ./Core/Src/camera_handler.o
 .text.process_chunk
                0x08000ea4       0x6c ./Core/Src/camera_handler.o
 .text.camera_process
                0x08000f10       0x32 ./Core/Src/camera_handler.o
                0x08000f10                camera_process
 *fill*         0x08000f42        0x2 
 .text.camera_get_ready
                0x08000f44       0x18 ./Core/Src/camera_handler.o
                0x08000f44                camera_get_ready
 .text.init_peripherals
                0x08000f5c       0x40 ./Core/Src/integration.o
                0x08000f5c                init_peripherals
 .text.ir_sensor_init
                0x08000f9c       0x3c ./Core/Src/ir_sensor.o
                0x08000f9c                ir_sensor_init
 .text.read_distance
                0x08000fd8       0x7c ./Core/Src/ir_sensor.o
 .text.ir_sensor_interrupt_routine
                0x08001054       0x44 ./Core/Src/ir_sensor.o
                0x08001054                ir_sensor_interrupt_routine
 .text.squirrel_clip
                0x08001098       0x24 ./Core/Src/lcd.o
                0x08001098                squirrel_clip
 .text.squirrel_res
                0x080010bc       0x24 ./Core/Src/lcd.o
                0x080010bc                squirrel_res
 .text.display_stats
                0x080010e0      0x14c ./Core/Src/lcd.o
                0x080010e0                display_stats
 .text.lcd_init
                0x0800122c       0x10 ./Core/Src/lcd.o
                0x0800122c                lcd_init
 .text.lcd_between
                0x0800123c       0x18 ./Core/Src/lcd.o
                0x0800123c                lcd_between
 .text.microDelay
                0x08001254       0x16 ./Core/Src/load_cell.o
 *fill*         0x0800126a        0x2 
 .text.getHX711
                0x0800126c       0xbc ./Core/Src/load_cell.o
 .text.weigh    0x08001328       0x84 ./Core/Src/load_cell.o
 .text.ps_init  0x080013ac        0xe ./Core/Src/load_cell.o
                0x080013ac                ps_init
 *fill*         0x080013ba        0x2 
 .text.ps_isr   0x080013bc       0x18 ./Core/Src/load_cell.o
                0x080013bc                ps_isr
 .text.ps_get_reading
                0x080013d4       0x18 ./Core/Src/load_cell.o
                0x080013d4                ps_get_reading
 .text.main     0x080013ec       0x9c ./Core/Src/main.o
                0x080013ec                main
 .text.SystemClock_Config
                0x08001488       0x8c ./Core/Src/main.o
                0x08001488                SystemClock_Config
 .text.MX_ADC1_Init
                0x08001514       0xc8 ./Core/Src/main.o
 .text.MX_SPI1_Init
                0x080015dc       0x7c ./Core/Src/main.o
 .text.MX_SPI3_Init
                0x08001658       0x7c ./Core/Src/main.o
 .text.MX_TIM2_Init
                0x080016d4       0x9c ./Core/Src/main.o
 .text.MX_TIM3_Init
                0x08001770       0x9c ./Core/Src/main.o
 .text.MX_TIM4_Init
                0x0800180c       0x9c ./Core/Src/main.o
 .text.MX_TIM5_Init
                0x080018a8       0x9c ./Core/Src/main.o
 .text.MX_USART3_UART_Init
                0x08001944       0x98 ./Core/Src/main.o
 .text.MX_GPIO_Init
                0x080019dc      0x2c8 ./Core/Src/main.o
 .text.Error_Handler
                0x08001ca4        0xc ./Core/Src/main.o
                0x08001ca4                Error_Handler
 .text.stepper_rotate_clockwise_ir
                0x08001cb0       0xcc ./Core/Src/motor.o
                0x08001cb0                stepper_rotate_clockwise_ir
 .text.HAL_MspInit
                0x08001d7c       0x48 ./Core/Src/stm32l4xx_hal_msp.o
                0x08001d7c                HAL_MspInit
 .text.HAL_ADC_MspInit
                0x08001dc4      0x10c ./Core/Src/stm32l4xx_hal_msp.o
                0x08001dc4                HAL_ADC_MspInit
 .text.HAL_SPI_MspInit
                0x08001ed0       0xe8 ./Core/Src/stm32l4xx_hal_msp.o
                0x08001ed0                HAL_SPI_MspInit
 .text.HAL_TIM_Base_MspInit
                0x08001fb8      0x1a8 ./Core/Src/stm32l4xx_hal_msp.o
                0x08001fb8                HAL_TIM_Base_MspInit
 .text.HAL_UART_MspInit
                0x08002160       0xbc ./Core/Src/stm32l4xx_hal_msp.o
                0x08002160                HAL_UART_MspInit
 .text.NMI_Handler
                0x0800221c        0x8 ./Core/Src/stm32l4xx_it.o
                0x0800221c                NMI_Handler
 .text.HardFault_Handler
                0x08002224        0x8 ./Core/Src/stm32l4xx_it.o
                0x08002224                HardFault_Handler
 .text.MemManage_Handler
                0x0800222c        0x8 ./Core/Src/stm32l4xx_it.o
                0x0800222c                MemManage_Handler
 .text.BusFault_Handler
                0x08002234        0x8 ./Core/Src/stm32l4xx_it.o
                0x08002234                BusFault_Handler
 .text.UsageFault_Handler
                0x0800223c        0x8 ./Core/Src/stm32l4xx_it.o
                0x0800223c                UsageFault_Handler
 .text.SVC_Handler
                0x08002244        0xe ./Core/Src/stm32l4xx_it.o
                0x08002244                SVC_Handler
 .text.DebugMon_Handler
                0x08002252        0xe ./Core/Src/stm32l4xx_it.o
                0x08002252                DebugMon_Handler
 .text.PendSV_Handler
                0x08002260        0xe ./Core/Src/stm32l4xx_it.o
                0x08002260                PendSV_Handler
 .text.SysTick_Handler
                0x0800226e        0xc ./Core/Src/stm32l4xx_it.o
                0x0800226e                SysTick_Handler
 *fill*         0x0800227a        0x2 
 .text.TIM3_IRQHandler
                0x0800227c       0x20 ./Core/Src/stm32l4xx_it.o
                0x0800227c                TIM3_IRQHandler
 .text.TIM4_IRQHandler
                0x0800229c       0x18 ./Core/Src/stm32l4xx_it.o
                0x0800229c                TIM4_IRQHandler
 .text.TIM5_IRQHandler
                0x080022b4       0x1c ./Core/Src/stm32l4xx_it.o
                0x080022b4                TIM5_IRQHandler
 .text._getpid  0x080022d0       0x10 ./Core/Src/syscalls.o
                0x080022d0                _getpid
 .text._kill    0x080022e0       0x20 ./Core/Src/syscalls.o
                0x080022e0                _kill
 .text._exit    0x08002300       0x16 ./Core/Src/syscalls.o
                0x08002300                _exit
 .text._read    0x08002316       0x3a ./Core/Src/syscalls.o
                0x08002316                _read
 .text._write   0x08002350       0x38 ./Core/Src/syscalls.o
                0x08002350                _write
 .text._close   0x08002388       0x18 ./Core/Src/syscalls.o
                0x08002388                _close
 .text._fstat   0x080023a0       0x20 ./Core/Src/syscalls.o
                0x080023a0                _fstat
 .text._isatty  0x080023c0       0x16 ./Core/Src/syscalls.o
                0x080023c0                _isatty
 .text._lseek   0x080023d6       0x1a ./Core/Src/syscalls.o
                0x080023d6                _lseek
 .text._sbrk    0x080023f0       0x6c ./Core/Src/sysmem.o
                0x080023f0                _sbrk
 .text.SystemInit
                0x0800245c       0x24 ./Core/Src/system_stm32l4xx.o
                0x0800245c                SystemInit
 .text.VC0706_SendCommand
                0x08002480       0x68 ./Core/Src/vc0706_driver.o
                0x08002480                VC0706_SendCommand
 .text.VC0706_ReadImageBlock
                0x080024e8       0x7c ./Core/Src/vc0706_driver.o
                0x080024e8                VC0706_ReadImageBlock
 .text.Reset_Handler
                0x08002564       0x50 ./Core/Startup/startup_stm32l4r5zitxp.o
                0x08002564                Reset_Handler
 .text.Default_Handler
                0x080025b4        0x2 ./Core/Startup/startup_stm32l4r5zitxp.o
                0x080025b4                RTC_Alarm_IRQHandler
                0x080025b4                EXTI2_IRQHandler
                0x080025b4                TIM8_TRG_COM_IRQHandler
                0x080025b4                TIM8_CC_IRQHandler
                0x080025b4                TIM1_CC_IRQHandler
                0x080025b4                TSC_IRQHandler
                0x080025b4                TAMP_STAMP_IRQHandler
                0x080025b4                EXTI3_IRQHandler
                0x080025b4                LPTIM2_IRQHandler
                0x080025b4                DFSDM1_FLT1_IRQHandler
                0x080025b4                GFXMMU_IRQHandler
                0x080025b4                I2C3_ER_IRQHandler
                0x080025b4                DFSDM1_FLT2_IRQHandler
                0x080025b4                EXTI0_IRQHandler
                0x080025b4                I2C2_EV_IRQHandler
                0x080025b4                CAN1_RX0_IRQHandler
                0x080025b4                FPU_IRQHandler
                0x080025b4                TIM1_UP_TIM16_IRQHandler
                0x080025b4                LTDC_ER_IRQHandler
                0x080025b4                SPI1_IRQHandler
                0x080025b4                OCTOSPI1_IRQHandler
                0x080025b4                TIM6_DAC_IRQHandler
                0x080025b4                DCMI_IRQHandler
                0x080025b4                TIM8_UP_IRQHandler
                0x080025b4                OCTOSPI2_IRQHandler
                0x080025b4                DMA2_Channel2_IRQHandler
                0x080025b4                DMA1_Channel4_IRQHandler
                0x080025b4                SAI2_IRQHandler
                0x080025b4                ADC1_IRQHandler
                0x080025b4                DFSDM1_FLT3_IRQHandler
                0x080025b4                USART3_IRQHandler
                0x080025b4                DMA1_Channel7_IRQHandler
                0x080025b4                CAN1_RX1_IRQHandler
                0x080025b4                UART5_IRQHandler
                0x080025b4                DMA2_Channel1_IRQHandler
                0x080025b4                I2C1_EV_IRQHandler
                0x080025b4                DMAMUX1_OVR_IRQHandler
                0x080025b4                DMA1_Channel6_IRQHandler
                0x080025b4                UART4_IRQHandler
                0x080025b4                DMA2_Channel4_IRQHandler
                0x080025b4                RCC_IRQHandler
                0x080025b4                DMA1_Channel1_IRQHandler
                0x080025b4                Default_Handler
                0x080025b4                DMA2_Channel7_IRQHandler
                0x080025b4                EXTI15_10_IRQHandler
                0x080025b4                TIM7_IRQHandler
                0x080025b4                SDMMC1_IRQHandler
                0x080025b4                I2C3_EV_IRQHandler
                0x080025b4                EXTI9_5_IRQHandler
                0x080025b4                RTC_WKUP_IRQHandler
                0x080025b4                LTDC_IRQHandler
                0x080025b4                PVD_PVM_IRQHandler
                0x080025b4                SPI2_IRQHandler
                0x080025b4                CAN1_TX_IRQHandler
                0x080025b4                DMA2_Channel5_IRQHandler
                0x080025b4                CRS_IRQHandler
                0x080025b4                DMA1_Channel5_IRQHandler
                0x080025b4                EXTI4_IRQHandler
                0x080025b4                RNG_IRQHandler
                0x080025b4                TIM1_TRG_COM_TIM17_IRQHandler
                0x080025b4                DMA1_Channel3_IRQHandler
                0x080025b4                COMP_IRQHandler
                0x080025b4                WWDG_IRQHandler
                0x080025b4                I2C4_EV_IRQHandler
                0x080025b4                LPUART1_IRQHandler
                0x080025b4                DMA2_Channel6_IRQHandler
                0x080025b4                TIM2_IRQHandler
                0x080025b4                DMA2D_IRQHandler
                0x080025b4                EXTI1_IRQHandler
                0x080025b4                USART2_IRQHandler
                0x080025b4                DFSDM1_FLT0_IRQHandler
                0x080025b4                I2C2_ER_IRQHandler
                0x080025b4                DMA1_Channel2_IRQHandler
                0x080025b4                TIM8_BRK_IRQHandler
                0x080025b4                CAN1_SCE_IRQHandler
                0x080025b4                FLASH_IRQHandler
                0x080025b4                USART1_IRQHandler
                0x080025b4                OTG_FS_IRQHandler
                0x080025b4                SPI3_IRQHandler
                0x080025b4                I2C1_ER_IRQHandler
                0x080025b4                FMC_IRQHandler
                0x080025b4                LPTIM1_IRQHandler
                0x080025b4                I2C4_ER_IRQHandler
                0x080025b4                SAI1_IRQHandler
                0x080025b4                DMA2_Channel3_IRQHandler
                0x080025b4                TIM1_BRK_TIM15_IRQHandler
 .text.ILI9341_Select
                0x080025b6       0x14 ./Drivers/LCD/Src/ili9341.o
 .text.ILI9341_Unselect
                0x080025ca       0x14 ./Drivers/LCD/Src/ili9341.o
                0x080025ca                ILI9341_Unselect
 *fill*         0x080025de        0x2 
 .text.ILI9341_Reset
                0x080025e0       0x28 ./Drivers/LCD/Src/ili9341.o
 .text.ILI9341_WriteCommand
                0x08002608       0x34 ./Drivers/LCD/Src/ili9341.o
 .text.ILI9341_WriteData
                0x0800263c       0x5c ./Drivers/LCD/Src/ili9341.o
 .text.ILI9341_SetAddressWindow
                0x08002698       0x90 ./Drivers/LCD/Src/ili9341.o
 .text.ILI9341_Init
                0x08002728      0x25c ./Drivers/LCD/Src/ili9341.o
                0x08002728                ILI9341_Init
 .text.ILI9341_WriteChar
                0x08002984       0xe4 ./Drivers/LCD/Src/ili9341.o
 .text.ILI9341_WriteString
                0x08002a68       0x96 ./Drivers/LCD/Src/ili9341.o
                0x08002a68                ILI9341_WriteString
 *fill*         0x08002afe        0x2 
 .text.ILI9341_FillRectangle
                0x08002b00       0xdc ./Drivers/LCD/Src/ili9341.o
                0x08002b00                ILI9341_FillRectangle
 .text.ILI9341_FillScreen
                0x08002bdc       0x24 ./Drivers/LCD/Src/ili9341.o
                0x08002bdc                ILI9341_FillScreen
 .text.ILI9341_DrawImage
                0x08002c00       0x90 ./Drivers/LCD/Src/ili9341.o
                0x08002c00                ILI9341_DrawImage
 .text.HAL_Init
                0x08002c90       0x30 ./Drivers/STM32L4xx_HAL_Driver/Src/stm32l4xx_hal.o
                0x08002c90                HAL_Init
 .text.HAL_InitTick
                0x08002cc0       0x78 ./Drivers/STM32L4xx_HAL_Driver/Src/stm32l4xx_hal.o
                0x08002cc0                HAL_InitTick
 .text.HAL_IncTick
                0x08002d38       0x28 ./Drivers/STM32L4xx_HAL_Driver/Src/stm32l4xx_hal.o
                0x08002d38                HAL_IncTick
 .text.HAL_GetTick
                0x08002d60       0x18 ./Drivers/STM32L4xx_HAL_Driver/Src/stm32l4xx_hal.o
                0x08002d60                HAL_GetTick
 .text.HAL_Delay
                0x08002d78       0x48 ./Drivers/STM32L4xx_HAL_Driver/Src/stm32l4xx_hal.o
                0x08002d78                HAL_Delay
 .text.LL_ADC_SetCommonClock
                0x08002dc0       0x26 ./Drivers/STM32L4xx_HAL_Driver/Src/stm32l4xx_hal_adc.o
 .text.LL_ADC_SetCommonPathInternalCh
                0x08002de6       0x26 ./Drivers/STM32L4xx_HAL_Driver/Src/stm32l4xx_hal_adc.o
 .text.LL_ADC_GetCommonPathInternalCh
                0x08002e0c       0x1c ./Drivers/STM32L4xx_HAL_Driver/Src/stm32l4xx_hal_adc.o
 .text.LL_ADC_SetOffset
                0x08002e28       0x48 ./Drivers/STM32L4xx_HAL_Driver/Src/stm32l4xx_hal_adc.o
 .text.LL_ADC_GetOffsetChannel
                0x08002e70       0x2c ./Drivers/STM32L4xx_HAL_Driver/Src/stm32l4xx_hal_adc.o
 .text.LL_ADC_SetOffsetState
                0x08002e9c       0x36 ./Drivers/STM32L4xx_HAL_Driver/Src/stm32l4xx_hal_adc.o
 .text.LL_ADC_SetSamplingTimeCommonConfig
                0x08002ed2       0x26 ./Drivers/STM32L4xx_HAL_Driver/Src/stm32l4xx_hal_adc.o
 .text.LL_ADC_REG_IsTriggerSourceSWStart
                0x08002ef8       0x26 ./Drivers/STM32L4xx_HAL_Driver/Src/stm32l4xx_hal_adc.o
 .text.LL_ADC_REG_SetSequencerRanks
                0x08002f1e       0x58 ./Drivers/STM32L4xx_HAL_Driver/Src/stm32l4xx_hal_adc.o
 .text.LL_ADC_SetChannelSamplingTime
                0x08002f76       0x56 ./Drivers/STM32L4xx_HAL_Driver/Src/stm32l4xx_hal_adc.o
 .text.LL_ADC_SetChannelSingleDiff
                0x08002fcc       0x48 ./Drivers/STM32L4xx_HAL_Driver/Src/stm32l4xx_hal_adc.o
 .text.LL_ADC_DisableDeepPowerDown
                0x08003014       0x24 ./Drivers/STM32L4xx_HAL_Driver/Src/stm32l4xx_hal_adc.o
 .text.LL_ADC_IsDeepPowerDownEnabled
                0x08003038       0x28 ./Drivers/STM32L4xx_HAL_Driver/Src/stm32l4xx_hal_adc.o
 .text.LL_ADC_EnableInternalRegulator
                0x08003060       0x28 ./Drivers/STM32L4xx_HAL_Driver/Src/stm32l4xx_hal_adc.o
 .text.LL_ADC_IsInternalRegulatorEnabled
                0x08003088       0x28 ./Drivers/STM32L4xx_HAL_Driver/Src/stm32l4xx_hal_adc.o
 .text.LL_ADC_Enable
                0x080030b0       0x28 ./Drivers/STM32L4xx_HAL_Driver/Src/stm32l4xx_hal_adc.o
 .text.LL_ADC_IsEnabled
                0x080030d8       0x26 ./Drivers/STM32L4xx_HAL_Driver/Src/stm32l4xx_hal_adc.o
 .text.LL_ADC_REG_StartConversion
                0x080030fe       0x28 ./Drivers/STM32L4xx_HAL_Driver/Src/stm32l4xx_hal_adc.o
 .text.LL_ADC_REG_IsConversionOngoing
                0x08003126       0x26 ./Drivers/STM32L4xx_HAL_Driver/Src/stm32l4xx_hal_adc.o
 .text.LL_ADC_INJ_IsConversionOngoing
                0x0800314c       0x26 ./Drivers/STM32L4xx_HAL_Driver/Src/stm32l4xx_hal_adc.o
 *fill*         0x08003172        0x2 
 .text.HAL_ADC_Init
                0x08003174      0x28c ./Drivers/STM32L4xx_HAL_Driver/Src/stm32l4xx_hal_adc.o
                0x08003174                HAL_ADC_Init
 .text.HAL_ADC_Start
                0x08003400       0xc6 ./Drivers/STM32L4xx_HAL_Driver/Src/stm32l4xx_hal_adc.o
                0x08003400                HAL_ADC_Start
 .text.HAL_ADC_PollForConversion
                0x080034c6      0x11e ./Drivers/STM32L4xx_HAL_Driver/Src/stm32l4xx_hal_adc.o
                0x080034c6                HAL_ADC_PollForConversion
 .text.HAL_ADC_GetValue
                0x080035e4       0x1a ./Drivers/STM32L4xx_HAL_Driver/Src/stm32l4xx_hal_adc.o
                0x080035e4                HAL_ADC_GetValue
 *fill*         0x080035fe        0x2 
 .text.HAL_ADC_ConfigChannel
                0x08003600      0x7f8 ./Drivers/STM32L4xx_HAL_Driver/Src/stm32l4xx_hal_adc.o
                0x08003600                HAL_ADC_ConfigChannel
 .text.ADC_Enable
                0x08003df8      0x10c ./Drivers/STM32L4xx_HAL_Driver/Src/stm32l4xx_hal_adc.o
                0x08003df8                ADC_Enable
 .text.__NVIC_SetPriorityGrouping
                0x08003f04       0x48 ./Drivers/STM32L4xx_HAL_Driver/Src/stm32l4xx_hal_cortex.o
 .text.__NVIC_GetPriorityGrouping
                0x08003f4c       0x1c ./Drivers/STM32L4xx_HAL_Driver/Src/stm32l4xx_hal_cortex.o
 .text.__NVIC_EnableIRQ
                0x08003f68       0x3c ./Drivers/STM32L4xx_HAL_Driver/Src/stm32l4xx_hal_cortex.o
 .text.__NVIC_SetPriority
                0x08003fa4       0x54 ./Drivers/STM32L4xx_HAL_Driver/Src/stm32l4xx_hal_cortex.o
 .text.NVIC_EncodePriority
                0x08003ff8       0x66 ./Drivers/STM32L4xx_HAL_Driver/Src/stm32l4xx_hal_cortex.o
 *fill*         0x0800405e        0x2 
 .text.SysTick_Config
                0x08004060       0x44 ./Drivers/STM32L4xx_HAL_Driver/Src/stm32l4xx_hal_cortex.o
 .text.HAL_NVIC_SetPriorityGrouping
                0x080040a4       0x16 ./Drivers/STM32L4xx_HAL_Driver/Src/stm32l4xx_hal_cortex.o
                0x080040a4                HAL_NVIC_SetPriorityGrouping
 .text.HAL_NVIC_SetPriority
                0x080040ba       0x38 ./Drivers/STM32L4xx_HAL_Driver/Src/stm32l4xx_hal_cortex.o
                0x080040ba                HAL_NVIC_SetPriority
 .text.HAL_NVIC_EnableIRQ
                0x080040f2       0x1c ./Drivers/STM32L4xx_HAL_Driver/Src/stm32l4xx_hal_cortex.o
                0x080040f2                HAL_NVIC_EnableIRQ
 .text.HAL_SYSTICK_Config
                0x0800410e       0x18 ./Drivers/STM32L4xx_HAL_Driver/Src/stm32l4xx_hal_cortex.o
                0x0800410e                HAL_SYSTICK_Config
 *fill*         0x08004126        0x2 
 .text.HAL_GPIO_Init
                0x08004128      0x324 ./Drivers/STM32L4xx_HAL_Driver/Src/stm32l4xx_hal_gpio.o
                0x08004128                HAL_GPIO_Init
 .text.HAL_GPIO_ReadPin
                0x0800444c       0x30 ./Drivers/STM32L4xx_HAL_Driver/Src/stm32l4xx_hal_gpio.o
                0x0800444c                HAL_GPIO_ReadPin
 .text.HAL_GPIO_WritePin
                0x0800447c       0x30 ./Drivers/STM32L4xx_HAL_Driver/Src/stm32l4xx_hal_gpio.o
                0x0800447c                HAL_GPIO_WritePin
 .text.HAL_PWREx_GetVoltageRange
                0x080044ac       0x40 ./Drivers/STM32L4xx_HAL_Driver/Src/stm32l4xx_hal_pwr_ex.o
                0x080044ac                HAL_PWREx_GetVoltageRange
 .text.HAL_PWREx_ControlVoltageScaling
                0x080044ec      0x148 ./Drivers/STM32L4xx_HAL_Driver/Src/stm32l4xx_hal_pwr_ex.o
                0x080044ec                HAL_PWREx_ControlVoltageScaling
 .text.HAL_PWREx_EnableVddIO2
                0x08004634       0x20 ./Drivers/STM32L4xx_HAL_Driver/Src/stm32l4xx_hal_pwr_ex.o
                0x08004634                HAL_PWREx_EnableVddIO2
 .text.HAL_RCC_OscConfig
                0x08004654      0x834 ./Drivers/STM32L4xx_HAL_Driver/Src/stm32l4xx_hal_rcc.o
                0x08004654                HAL_RCC_OscConfig
 .text.HAL_RCC_ClockConfig
                0x08004e88      0x274 ./Drivers/STM32L4xx_HAL_Driver/Src/stm32l4xx_hal_rcc.o
                0x08004e88                HAL_RCC_ClockConfig
 .text.HAL_RCC_GetSysClockFreq
                0x080050fc      0x118 ./Drivers/STM32L4xx_HAL_Driver/Src/stm32l4xx_hal_rcc.o
                0x080050fc                HAL_RCC_GetSysClockFreq
 .text.HAL_RCC_GetHCLKFreq
                0x08005214       0x18 ./Drivers/STM32L4xx_HAL_Driver/Src/stm32l4xx_hal_rcc.o
                0x08005214                HAL_RCC_GetHCLKFreq
 .text.HAL_RCC_GetPCLK1Freq
                0x0800522c       0x2c ./Drivers/STM32L4xx_HAL_Driver/Src/stm32l4xx_hal_rcc.o
                0x0800522c                HAL_RCC_GetPCLK1Freq
 .text.HAL_RCC_GetPCLK2Freq
                0x08005258       0x2c ./Drivers/STM32L4xx_HAL_Driver/Src/stm32l4xx_hal_rcc.o
                0x08005258                HAL_RCC_GetPCLK2Freq
 .text.RCC_SetFlashLatencyFromMSIRange
                0x08005284       0xb4 ./Drivers/STM32L4xx_HAL_Driver/Src/stm32l4xx_hal_rcc.o
 .text.RCC_GetSysClockFreqFromPLLSource
                0x08005338       0xcc ./Drivers/STM32L4xx_HAL_Driver/Src/stm32l4xx_hal_rcc.o
 .text.HAL_RCCEx_PeriphCLKConfig
                0x08005404      0x660 ./Drivers/STM32L4xx_HAL_Driver/Src/stm32l4xx_hal_rcc_ex.o
                0x08005404                HAL_RCCEx_PeriphCLKConfig
 .text.RCCEx_PLLSAI1_Config
                0x08005a64      0x1e8 ./Drivers/STM32L4xx_HAL_Driver/Src/stm32l4xx_hal_rcc_ex.o
 .text.RCCEx_PLLSAI2_Config
                0x08005c4c      0x1e8 ./Drivers/STM32L4xx_HAL_Driver/Src/stm32l4xx_hal_rcc_ex.o
 .text.HAL_SPI_Init
                0x08005e34      0x146 ./Drivers/STM32L4xx_HAL_Driver/Src/stm32l4xx_hal_spi.o
                0x08005e34                HAL_SPI_Init
 .text.HAL_SPI_Transmit
                0x08005f7a      0x2ec ./Drivers/STM32L4xx_HAL_Driver/Src/stm32l4xx_hal_spi.o
                0x08005f7a                HAL_SPI_Transmit
 .text.HAL_SPI_TransmitReceive
                0x08006266      0x43e ./Drivers/STM32L4xx_HAL_Driver/Src/stm32l4xx_hal_spi.o
                0x08006266                HAL_SPI_TransmitReceive
 .text.SPI_WaitFlagStateUntilTimeout
                0x080066a4      0x110 ./Drivers/STM32L4xx_HAL_Driver/Src/stm32l4xx_hal_spi.o
 .text.SPI_WaitFifoStateUntilTimeout
                0x080067b4      0x12c ./Drivers/STM32L4xx_HAL_Driver/Src/stm32l4xx_hal_spi.o
 .text.SPI_EndRxTxTransaction
                0x080068e0       0x8c ./Drivers/STM32L4xx_HAL_Driver/Src/stm32l4xx_hal_spi.o
 .text.HAL_TIM_Base_Init
                0x0800696c       0xae ./Drivers/STM32L4xx_HAL_Driver/Src/stm32l4xx_hal_tim.o
                0x0800696c                HAL_TIM_Base_Init
 *fill*         0x08006a1a        0x2 
 .text.HAL_TIM_Base_Start_IT
                0x08006a1c       0xe0 ./Drivers/STM32L4xx_HAL_Driver/Src/stm32l4xx_hal_tim.o
                0x08006a1c                HAL_TIM_Base_Start_IT
 .text.HAL_TIM_Base_Stop_IT
                0x08006afc       0x5e ./Drivers/STM32L4xx_HAL_Driver/Src/stm32l4xx_hal_tim.o
                0x08006afc                HAL_TIM_Base_Stop_IT
 .text.HAL_TIM_IRQHandler
                0x08006b5a      0x20e ./Drivers/STM32L4xx_HAL_Driver/Src/stm32l4xx_hal_tim.o
                0x08006b5a                HAL_TIM_IRQHandler
 .text.HAL_TIM_ConfigClockSource
                0x08006d68      0x192 ./Drivers/STM32L4xx_HAL_Driver/Src/stm32l4xx_hal_tim.o
                0x08006d68                HAL_TIM_ConfigClockSource
 .text.HAL_TIM_PeriodElapsedCallback
                0x08006efa       0x14 ./Drivers/STM32L4xx_HAL_Driver/Src/stm32l4xx_hal_tim.o
                0x08006efa                HAL_TIM_PeriodElapsedCallback
 .text.HAL_TIM_OC_DelayElapsedCallback
                0x08006f0e       0x14 ./Drivers/STM32L4xx_HAL_Driver/Src/stm32l4xx_hal_tim.o
                0x08006f0e                HAL_TIM_OC_DelayElapsedCallback
 .text.HAL_TIM_IC_CaptureCallback
                0x08006f22       0x14 ./Drivers/STM32L4xx_HAL_Driver/Src/stm32l4xx_hal_tim.o
                0x08006f22                HAL_TIM_IC_CaptureCallback
 .text.HAL_TIM_PWM_PulseFinishedCallback
                0x08006f36       0x14 ./Drivers/STM32L4xx_HAL_Driver/Src/stm32l4xx_hal_tim.o
                0x08006f36                HAL_TIM_PWM_PulseFinishedCallback
 .text.HAL_TIM_TriggerCallback
                0x08006f4a       0x14 ./Drivers/STM32L4xx_HAL_Driver/Src/stm32l4xx_hal_tim.o
                0x08006f4a                HAL_TIM_TriggerCallback
 *fill*         0x08006f5e        0x2 
 .text.TIM_Base_SetConfig
                0x08006f60      0x14c ./Drivers/STM32L4xx_HAL_Driver/Src/stm32l4xx_hal_tim.o
                0x08006f60                TIM_Base_SetConfig
 .text.TIM_TI1_ConfigInputStage
                0x080070ac       0x5e ./Drivers/STM32L4xx_HAL_Driver/Src/stm32l4xx_hal_tim.o
 .text.TIM_TI2_ConfigInputStage
                0x0800710a       0x60 ./Drivers/STM32L4xx_HAL_Driver/Src/stm32l4xx_hal_tim.o
 .text.TIM_ITRx_SetConfig
                0x0800716a       0x36 ./Drivers/STM32L4xx_HAL_Driver/Src/stm32l4xx_hal_tim.o
 .text.TIM_ETR_SetConfig
                0x080071a0       0x40 ./Drivers/STM32L4xx_HAL_Driver/Src/stm32l4xx_hal_tim.o
                0x080071a0                TIM_ETR_SetConfig
 .text.HAL_TIMEx_MasterConfigSynchronization
                0x080071e0      0x110 ./Drivers/STM32L4xx_HAL_Driver/Src/stm32l4xx_hal_tim_ex.o
                0x080071e0                HAL_TIMEx_MasterConfigSynchronization
 .text.HAL_TIMEx_CommutCallback
                0x080072f0       0x14 ./Drivers/STM32L4xx_HAL_Driver/Src/stm32l4xx_hal_tim_ex.o
                0x080072f0                HAL_TIMEx_CommutCallback
 .text.HAL_TIMEx_BreakCallback
                0x08007304       0x14 ./Drivers/STM32L4xx_HAL_Driver/Src/stm32l4xx_hal_tim_ex.o
                0x08007304                HAL_TIMEx_BreakCallback
 .text.HAL_TIMEx_Break2Callback
                0x08007318       0x14 ./Drivers/STM32L4xx_HAL_Driver/Src/stm32l4xx_hal_tim_ex.o
                0x08007318                HAL_TIMEx_Break2Callback
 .text.HAL_UART_Init
                0x0800732c       0xa0 ./Drivers/STM32L4xx_HAL_Driver/Src/stm32l4xx_hal_uart.o
                0x0800732c                HAL_UART_Init
 .text.HAL_UART_Transmit
                0x080073cc      0x11c ./Drivers/STM32L4xx_HAL_Driver/Src/stm32l4xx_hal_uart.o
                0x080073cc                HAL_UART_Transmit
 .text.HAL_UART_Receive
                0x080074e8      0x192 ./Drivers/STM32L4xx_HAL_Driver/Src/stm32l4xx_hal_uart.o
                0x080074e8                HAL_UART_Receive
 *fill*         0x0800767a        0x2 
 .text.UART_SetConfig
                0x0800767c      0x5f8 ./Drivers/STM32L4xx_HAL_Driver/Src/stm32l4xx_hal_uart.o
                0x0800767c                UART_SetConfig
 .text.UART_AdvFeatureConfig
                0x08007c74      0x144 ./Drivers/STM32L4xx_HAL_Driver/Src/stm32l4xx_hal_uart.o
                0x08007c74                UART_AdvFeatureConfig
 .text.UART_CheckIdleState
                0x08007db8      0x154 ./Drivers/STM32L4xx_HAL_Driver/Src/stm32l4xx_hal_uart.o
                0x08007db8                UART_CheckIdleState
 .text.UART_WaitOnFlagUntilTimeout
                0x08007f0c       0xda ./Drivers/STM32L4xx_HAL_Driver/Src/stm32l4xx_hal_uart.o
                0x08007f0c                UART_WaitOnFlagUntilTimeout
 .text.UART_EndRxTransfer
                0x08007fe6       0xcc ./Drivers/STM32L4xx_HAL_Driver/Src/stm32l4xx_hal_uart.o
 .text.HAL_UARTEx_DisableFifoMode
                0x080080b2       0x72 ./Drivers/STM32L4xx_HAL_Driver/Src/stm32l4xx_hal_uart_ex.o
                0x080080b2                HAL_UARTEx_DisableFifoMode
 .text.HAL_UARTEx_SetTxFifoThreshold
                0x08008124       0x7c ./Drivers/STM32L4xx_HAL_Driver/Src/stm32l4xx_hal_uart_ex.o
                0x08008124                HAL_UARTEx_SetTxFifoThreshold
 .text.HAL_UARTEx_SetRxFifoThreshold
                0x080081a0       0x7c ./Drivers/STM32L4xx_HAL_Driver/Src/stm32l4xx_hal_uart_ex.o
                0x080081a0                HAL_UARTEx_SetRxFifoThreshold
 .text.UARTEx_SetNbDataToProcess
                0x0800821c       0x9c ./Drivers/STM32L4xx_HAL_Driver/Src/stm32l4xx_hal_uart_ex.o
 .text.MX_FATFS_Init
                0x080082b8       0x24 ./FATFS/App/fatfs.o
                0x080082b8                MX_FATFS_Init
 .text.get_fattime
                0x080082dc       0x10 ./FATFS/App/fatfs.o
                0x080082dc                get_fattime
 .text.USER_initialize
                0x080082ec       0x1c ./FATFS/Target/user_diskio.o
                0x080082ec                USER_initialize
 .text.USER_status
                0x08008308       0x1c ./FATFS/Target/user_diskio.o
                0x08008308                USER_status
 .text.USER_read
                0x08008324       0x26 ./FATFS/Target/user_diskio.o
                0x08008324                USER_read
 .text.USER_write
                0x0800834a       0x26 ./FATFS/Target/user_diskio.o
                0x0800834a                USER_write
 .text.USER_ioctl
                0x08008370       0x26 ./FATFS/Target/user_diskio.o
                0x08008370                USER_ioctl
 *fill*         0x08008396        0x2 
 .text.SPI_Timer_On
                0x08008398       0x28 ./FATFS/Target/user_diskio_spi.o
                0x08008398                SPI_Timer_On
 .text.SPI_Timer_Status
                0x080083c0       0x2c ./FATFS/Target/user_diskio_spi.o
                0x080083c0                SPI_Timer_Status
 .text.xchg_spi
                0x080083ec       0x2c ./FATFS/Target/user_diskio_spi.o
 .text.rcvr_spi_multi
                0x08008418       0x38 ./FATFS/Target/user_diskio_spi.o
 .text.xmit_spi_multi
                0x08008450       0x28 ./FATFS/Target/user_diskio_spi.o
 .text.wait_ready
                0x08008478       0x46 ./FATFS/Target/user_diskio_spi.o
 *fill*         0x080084be        0x2 
 .text.despiselect
                0x080084c0       0x20 ./FATFS/Target/user_diskio_spi.o
 .text.spiselect
                0x080084e0       0x38 ./FATFS/Target/user_diskio_spi.o
 .text.rcvr_datablock
                0x08008518       0x52 ./FATFS/Target/user_diskio_spi.o
 .text.xmit_datablock
                0x0800856a       0x64 ./FATFS/Target/user_diskio_spi.o
 .text.send_cmd
                0x080085ce       0xde ./FATFS/Target/user_diskio_spi.o
 .text.USER_SPI_initialize
                0x080086ac      0x1d8 ./FATFS/Target/user_diskio_spi.o
                0x080086ac                USER_SPI_initialize
 .text.USER_SPI_status
                0x08008884       0x2c ./FATFS/Target/user_diskio_spi.o
                0x08008884                USER_SPI_status
 .text.USER_SPI_read
                0x080088b0       0xcc ./FATFS/Target/user_diskio_spi.o
                0x080088b0                USER_SPI_read
 .text.USER_SPI_write
                0x0800897c       0xf8 ./FATFS/Target/user_diskio_spi.o
                0x0800897c                USER_SPI_write
 .text.USER_SPI_ioctl
                0x08008a74      0x2e0 ./FATFS/Target/user_diskio_spi.o
                0x08008a74                USER_SPI_ioctl
 .text.disk_status
                0x08008d54       0x34 ./Middlewares/Third_Party/FatFs/src/diskio.o
                0x08008d54                disk_status
 .text.disk_initialize
                0x08008d88       0x4c ./Middlewares/Third_Party/FatFs/src/diskio.o
                0x08008d88                disk_initialize
 .text.disk_read
                0x08008dd4       0x40 ./Middlewares/Third_Party/FatFs/src/diskio.o
                0x08008dd4                disk_read
 .text.disk_write
                0x08008e14       0x40 ./Middlewares/Third_Party/FatFs/src/diskio.o
                0x08008e14                disk_write
 .text.disk_ioctl
                0x08008e54       0x3c ./Middlewares/Third_Party/FatFs/src/diskio.o
                0x08008e54                disk_ioctl
 .text.ld_word  0x08008e90       0x30 ./Middlewares/Third_Party/FatFs/src/ff.o
 .text.ld_dword
                0x08008ec0       0x46 ./Middlewares/Third_Party/FatFs/src/ff.o
 .text.st_word  0x08008f06       0x36 ./Middlewares/Third_Party/FatFs/src/ff.o
 .text.st_dword
                0x08008f3c       0x58 ./Middlewares/Third_Party/FatFs/src/ff.o
 .text.mem_cpy  0x08008f94       0x42 ./Middlewares/Third_Party/FatFs/src/ff.o
 .text.mem_set  0x08008fd6       0x36 ./Middlewares/Third_Party/FatFs/src/ff.o
 .text.dec_lock
                0x0800900c       0x78 ./Middlewares/Third_Party/FatFs/src/ff.o
 .text.clear_lock
                0x08009084       0x48 ./Middlewares/Third_Party/FatFs/src/ff.o
 .text.sync_window
                0x080090cc       0x88 ./Middlewares/Third_Party/FatFs/src/ff.o
 .text.move_window
                0x08009154       0x5a ./Middlewares/Third_Party/FatFs/src/ff.o
 *fill*         0x080091ae        0x2 
 .text.sync_fs  0x080091b0       0xdc ./Middlewares/Third_Party/FatFs/src/ff.o
 .text.clust2sect
                0x0800928c       0x3e ./Middlewares/Third_Party/FatFs/src/ff.o
 .text.get_fat  0x080092ca      0x14e ./Middlewares/Third_Party/FatFs/src/ff.o
 .text.put_fat  0x08009418      0x1d4 ./Middlewares/Third_Party/FatFs/src/ff.o
 .text.create_chain
                0x080095ec      0x130 ./Middlewares/Third_Party/FatFs/src/ff.o
 .text.clmt_clust
                0x0800971c       0x68 ./Middlewares/Third_Party/FatFs/src/ff.o
 .text.st_clust
                0x08009784       0x40 ./Middlewares/Third_Party/FatFs/src/ff.o
 .text.get_ldnumber
                0x080097c4       0x88 ./Middlewares/Third_Party/FatFs/src/ff.o
 .text.check_fs
                0x0800984c       0xac ./Middlewares/Third_Party/FatFs/src/ff.o
 .text.find_volume
                0x080098f8      0x498 ./Middlewares/Third_Party/FatFs/src/ff.o
 .text.validate
                0x08009d90       0x6a ./Middlewares/Third_Party/FatFs/src/ff.o
 *fill*         0x08009dfa        0x2 
 .text.f_mount  0x08009dfc       0x8c ./Middlewares/Third_Party/FatFs/src/ff.o
                0x08009dfc                f_mount
 .text.f_write  0x08009e88      0x2ea ./Middlewares/Third_Party/FatFs/src/ff.o
                0x08009e88                f_write
 .text.f_sync   0x0800a172       0xfc ./Middlewares/Third_Party/FatFs/src/ff.o
                0x0800a172                f_sync
 .text.f_close  0x0800a26e       0x54 ./Middlewares/Third_Party/FatFs/src/ff.o
                0x0800a26e                f_close
 *fill*         0x0800a2c2        0x2 
 .text.FATFS_LinkDriverEx
                0x0800a2c4       0x98 ./Middlewares/Third_Party/FatFs/src/ff_gen_drv.o
                0x0800a2c4                FATFS_LinkDriverEx
 .text.FATFS_LinkDriver
                0x0800a35c       0x1e ./Middlewares/Third_Party/FatFs/src/ff_gen_drv.o
                0x0800a35c                FATFS_LinkDriver
 *fill*         0x0800a37a        0x2 
 .text.rand     0x0800a37c       0x7c C:/ST/STM32CubeIDE_1.16.0/STM32CubeIDE/plugins/com.st.stm32cube.ide.mcu.externaltools.gnu-tools-for-stm32.12.3.rel1.win32_1.0.200.202406191623/tools/bin/../lib/gcc/arm-none-eabi/12.3.1/../../../../arm-none-eabi/lib/thumb/v7e-m+fp/hard\libc_nano.a(libc_a-rand.o)
                0x0800a37c                rand
 .text.std      0x0800a3f8       0x6c C:/ST/STM32CubeIDE_1.16.0/STM32CubeIDE/plugins/com.st.stm32cube.ide.mcu.externaltools.gnu-tools-for-stm32.12.3.rel1.win32_1.0.200.202406191623/tools/bin/../lib/gcc/arm-none-eabi/12.3.1/../../../../arm-none-eabi/lib/thumb/v7e-m+fp/hard\libc_nano.a(libc_a-findfp.o)
 .text.stdio_exit_handler
                0x0800a464       0x18 C:/ST/STM32CubeIDE_1.16.0/STM32CubeIDE/plugins/com.st.stm32cube.ide.mcu.externaltools.gnu-tools-for-stm32.12.3.rel1.win32_1.0.200.202406191623/tools/bin/../lib/gcc/arm-none-eabi/12.3.1/../../../../arm-none-eabi/lib/thumb/v7e-m+fp/hard\libc_nano.a(libc_a-findfp.o)
 .text.cleanup_stdio
                0x0800a47c       0x40 C:/ST/STM32CubeIDE_1.16.0/STM32CubeIDE/plugins/com.st.stm32cube.ide.mcu.externaltools.gnu-tools-for-stm32.12.3.rel1.win32_1.0.200.202406191623/tools/bin/../lib/gcc/arm-none-eabi/12.3.1/../../../../arm-none-eabi/lib/thumb/v7e-m+fp/hard\libc_nano.a(libc_a-findfp.o)
 .text.global_stdio_init.part.0
                0x0800a4bc       0x3c C:/ST/STM32CubeIDE_1.16.0/STM32CubeIDE/plugins/com.st.stm32cube.ide.mcu.externaltools.gnu-tools-for-stm32.12.3.rel1.win32_1.0.200.202406191623/tools/bin/../lib/gcc/arm-none-eabi/12.3.1/../../../../arm-none-eabi/lib/thumb/v7e-m+fp/hard\libc_nano.a(libc_a-findfp.o)
 .text.__sfp_lock_acquire
                0x0800a4f8        0xc C:/ST/STM32CubeIDE_1.16.0/STM32CubeIDE/plugins/com.st.stm32cube.ide.mcu.externaltools.gnu-tools-for-stm32.12.3.rel1.win32_1.0.200.202406191623/tools/bin/../lib/gcc/arm-none-eabi/12.3.1/../../../../arm-none-eabi/lib/thumb/v7e-m+fp/hard\libc_nano.a(libc_a-findfp.o)
                0x0800a4f8                __sfp_lock_acquire
 .text.__sfp_lock_release
                0x0800a504        0xc C:/ST/STM32CubeIDE_1.16.0/STM32CubeIDE/plugins/com.st.stm32cube.ide.mcu.externaltools.gnu-tools-for-stm32.12.3.rel1.win32_1.0.200.202406191623/tools/bin/../lib/gcc/arm-none-eabi/12.3.1/../../../../arm-none-eabi/lib/thumb/v7e-m+fp/hard\libc_nano.a(libc_a-findfp.o)
                0x0800a504                __sfp_lock_release
 .text.__sinit  0x0800a510       0x30 C:/ST/STM32CubeIDE_1.16.0/STM32CubeIDE/plugins/com.st.stm32cube.ide.mcu.externaltools.gnu-tools-for-stm32.12.3.rel1.win32_1.0.200.202406191623/tools/bin/../lib/gcc/arm-none-eabi/12.3.1/../../../../arm-none-eabi/lib/thumb/v7e-m+fp/hard\libc_nano.a(libc_a-findfp.o)
                0x0800a510                __sinit
 .text._fwalk_sglue
                0x0800a540       0x3c C:/ST/STM32CubeIDE_1.16.0/STM32CubeIDE/plugins/com.st.stm32cube.ide.mcu.externaltools.gnu-tools-for-stm32.12.3.rel1.win32_1.0.200.202406191623/tools/bin/../lib/gcc/arm-none-eabi/12.3.1/../../../../arm-none-eabi/lib/thumb/v7e-m+fp/hard\libc_nano.a(libc_a-fwalk.o)
                0x0800a540                _fwalk_sglue
 .text.sprintf  0x0800a57c       0x40 C:/ST/STM32CubeIDE_1.16.0/STM32CubeIDE/plugins/com.st.stm32cube.ide.mcu.externaltools.gnu-tools-for-stm32.12.3.rel1.win32_1.0.200.202406191623/tools/bin/../lib/gcc/arm-none-eabi/12.3.1/../../../../arm-none-eabi/lib/thumb/v7e-m+fp/hard\libc_nano.a(libc_a-sprintf.o)
                0x0800a57c                siprintf
                0x0800a57c                sprintf
 .text.__sread  0x0800a5bc       0x22 C:/ST/STM32CubeIDE_1.16.0/STM32CubeIDE/plugins/com.st.stm32cube.ide.mcu.externaltools.gnu-tools-for-stm32.12.3.rel1.win32_1.0.200.202406191623/tools/bin/../lib/gcc/arm-none-eabi/12.3.1/../../../../arm-none-eabi/lib/thumb/v7e-m+fp/hard\libc_nano.a(libc_a-stdio.o)
                0x0800a5bc                __sread
 .text.__swrite
                0x0800a5de       0x38 C:/ST/STM32CubeIDE_1.16.0/STM32CubeIDE/plugins/com.st.stm32cube.ide.mcu.externaltools.gnu-tools-for-stm32.12.3.rel1.win32_1.0.200.202406191623/tools/bin/../lib/gcc/arm-none-eabi/12.3.1/../../../../arm-none-eabi/lib/thumb/v7e-m+fp/hard\libc_nano.a(libc_a-stdio.o)
                0x0800a5de                __swrite
 .text.__sseek  0x0800a616       0x24 C:/ST/STM32CubeIDE_1.16.0/STM32CubeIDE/plugins/com.st.stm32cube.ide.mcu.externaltools.gnu-tools-for-stm32.12.3.rel1.win32_1.0.200.202406191623/tools/bin/../lib/gcc/arm-none-eabi/12.3.1/../../../../arm-none-eabi/lib/thumb/v7e-m+fp/hard\libc_nano.a(libc_a-stdio.o)
                0x0800a616                __sseek
 .text.__sclose
                0x0800a63a        0x8 C:/ST/STM32CubeIDE_1.16.0/STM32CubeIDE/plugins/com.st.stm32cube.ide.mcu.externaltools.gnu-tools-for-stm32.12.3.rel1.win32_1.0.200.202406191623/tools/bin/../lib/gcc/arm-none-eabi/12.3.1/../../../../arm-none-eabi/lib/thumb/v7e-m+fp/hard\libc_nano.a(libc_a-stdio.o)
                0x0800a63a                __sclose
 .text.memset   0x0800a642       0x10 C:/ST/STM32CubeIDE_1.16.0/STM32CubeIDE/plugins/com.st.stm32cube.ide.mcu.externaltools.gnu-tools-for-stm32.12.3.rel1.win32_1.0.200.202406191623/tools/bin/../lib/gcc/arm-none-eabi/12.3.1/../../../../arm-none-eabi/lib/thumb/v7e-m+fp/hard\libc_nano.a(libc_a-memset.o)
                0x0800a642                memset
 .text.strcat   0x0800a652       0x1e C:/ST/STM32CubeIDE_1.16.0/STM32CubeIDE/plugins/com.st.stm32cube.ide.mcu.externaltools.gnu-tools-for-stm32.12.3.rel1.win32_1.0.200.202406191623/tools/bin/../lib/gcc/arm-none-eabi/12.3.1/../../../../arm-none-eabi/lib/thumb/v7e-m+fp/hard\libc_nano.a(libc_a-strcat.o)
                0x0800a652                strcat
 .text._close_r
                0x0800a670       0x20 C:/ST/STM32CubeIDE_1.16.0/STM32CubeIDE/plugins/com.st.stm32cube.ide.mcu.externaltools.gnu-tools-for-stm32.12.3.rel1.win32_1.0.200.202406191623/tools/bin/../lib/gcc/arm-none-eabi/12.3.1/../../../../arm-none-eabi/lib/thumb/v7e-m+fp/hard\libc_nano.a(libc_a-closer.o)
                0x0800a670                _close_r
 .text._lseek_r
                0x0800a690       0x24 C:/ST/STM32CubeIDE_1.16.0/STM32CubeIDE/plugins/com.st.stm32cube.ide.mcu.externaltools.gnu-tools-for-stm32.12.3.rel1.win32_1.0.200.202406191623/tools/bin/../lib/gcc/arm-none-eabi/12.3.1/../../../../arm-none-eabi/lib/thumb/v7e-m+fp/hard\libc_nano.a(libc_a-lseekr.o)
                0x0800a690                _lseek_r
 .text._read_r  0x0800a6b4       0x24 C:/ST/STM32CubeIDE_1.16.0/STM32CubeIDE/plugins/com.st.stm32cube.ide.mcu.externaltools.gnu-tools-for-stm32.12.3.rel1.win32_1.0.200.202406191623/tools/bin/../lib/gcc/arm-none-eabi/12.3.1/../../../../arm-none-eabi/lib/thumb/v7e-m+fp/hard\libc_nano.a(libc_a-readr.o)
                0x0800a6b4                _read_r
 .text._write_r
                0x0800a6d8       0x24 C:/ST/STM32CubeIDE_1.16.0/STM32CubeIDE/plugins/com.st.stm32cube.ide.mcu.externaltools.gnu-tools-for-stm32.12.3.rel1.win32_1.0.200.202406191623/tools/bin/../lib/gcc/arm-none-eabi/12.3.1/../../../../arm-none-eabi/lib/thumb/v7e-m+fp/hard\libc_nano.a(libc_a-writer.o)
                0x0800a6d8                _write_r
 .text.__errno  0x0800a6fc        0xc C:/ST/STM32CubeIDE_1.16.0/STM32CubeIDE/plugins/com.st.stm32cube.ide.mcu.externaltools.gnu-tools-for-stm32.12.3.rel1.win32_1.0.200.202406191623/tools/bin/../lib/gcc/arm-none-eabi/12.3.1/../../../../arm-none-eabi/lib/thumb/v7e-m+fp/hard\libc_nano.a(libc_a-errno.o)
                0x0800a6fc                __errno
 .text.__libc_init_array
                0x0800a708       0x48 C:/ST/STM32CubeIDE_1.16.0/STM32CubeIDE/plugins/com.st.stm32cube.ide.mcu.externaltools.gnu-tools-for-stm32.12.3.rel1.win32_1.0.200.202406191623/tools/bin/../lib/gcc/arm-none-eabi/12.3.1/../../../../arm-none-eabi/lib/thumb/v7e-m+fp/hard\libc_nano.a(libc_a-init.o)
                0x0800a708                __libc_init_array
 .text.__retarget_lock_init_recursive
                0x0800a750        0x2 C:/ST/STM32CubeIDE_1.16.0/STM32CubeIDE/plugins/com.st.stm32cube.ide.mcu.externaltools.gnu-tools-for-stm32.12.3.rel1.win32_1.0.200.202406191623/tools/bin/../lib/gcc/arm-none-eabi/12.3.1/../../../../arm-none-eabi/lib/thumb/v7e-m+fp/hard\libc_nano.a(libc_a-lock.o)
                0x0800a750                __retarget_lock_init_recursive
 .text.__retarget_lock_acquire_recursive
                0x0800a752        0x2 C:/ST/STM32CubeIDE_1.16.0/STM32CubeIDE/plugins/com.st.stm32cube.ide.mcu.externaltools.gnu-tools-for-stm32.12.3.rel1.win32_1.0.200.202406191623/tools/bin/../lib/gcc/arm-none-eabi/12.3.1/../../../../arm-none-eabi/lib/thumb/v7e-m+fp/hard\libc_nano.a(libc_a-lock.o)
                0x0800a752                __retarget_lock_acquire_recursive
 .text.__retarget_lock_release_recursive
                0x0800a754        0x2 C:/ST/STM32CubeIDE_1.16.0/STM32CubeIDE/plugins/com.st.stm32cube.ide.mcu.externaltools.gnu-tools-for-stm32.12.3.rel1.win32_1.0.200.202406191623/tools/bin/../lib/gcc/arm-none-eabi/12.3.1/../../../../arm-none-eabi/lib/thumb/v7e-m+fp/hard\libc_nano.a(libc_a-lock.o)
                0x0800a754                __retarget_lock_release_recursive
 *fill*         0x0800a756        0x2 
 .text.__assert_func
                0x0800a758       0x3c C:/ST/STM32CubeIDE_1.16.0/STM32CubeIDE/plugins/com.st.stm32cube.ide.mcu.externaltools.gnu-tools-for-stm32.12.3.rel1.win32_1.0.200.202406191623/tools/bin/../lib/gcc/arm-none-eabi/12.3.1/../../../../arm-none-eabi/lib/thumb/v7e-m+fp/hard\libc_nano.a(libc_a-assert.o)
                0x0800a758                __assert_func
 .text._free_r  0x0800a794       0x94 C:/ST/STM32CubeIDE_1.16.0/STM32CubeIDE/plugins/com.st.stm32cube.ide.mcu.externaltools.gnu-tools-for-stm32.12.3.rel1.win32_1.0.200.202406191623/tools/bin/../lib/gcc/arm-none-eabi/12.3.1/../../../../arm-none-eabi/lib/thumb/v7e-m+fp/hard\libc_nano.a(libc_a-freer.o)
                0x0800a794                _free_r
 .text.malloc   0x0800a828       0x10 C:/ST/STM32CubeIDE_1.16.0/STM32CubeIDE/plugins/com.st.stm32cube.ide.mcu.externaltools.gnu-tools-for-stm32.12.3.rel1.win32_1.0.200.202406191623/tools/bin/../lib/gcc/arm-none-eabi/12.3.1/../../../../arm-none-eabi/lib/thumb/v7e-m+fp/hard\libc_nano.a(libc_a-malloc.o)
                0x0800a828                malloc
 .text.sbrk_aligned
                0x0800a838       0x44 C:/ST/STM32CubeIDE_1.16.0/STM32CubeIDE/plugins/com.st.stm32cube.ide.mcu.externaltools.gnu-tools-for-stm32.12.3.rel1.win32_1.0.200.202406191623/tools/bin/../lib/gcc/arm-none-eabi/12.3.1/../../../../arm-none-eabi/lib/thumb/v7e-m+fp/hard\libc_nano.a(libc_a-mallocr.o)
 .text._malloc_r
                0x0800a87c      0x100 C:/ST/STM32CubeIDE_1.16.0/STM32CubeIDE/plugins/com.st.stm32cube.ide.mcu.externaltools.gnu-tools-for-stm32.12.3.rel1.win32_1.0.200.202406191623/tools/bin/../lib/gcc/arm-none-eabi/12.3.1/../../../../arm-none-eabi/lib/thumb/v7e-m+fp/hard\libc_nano.a(libc_a-mallocr.o)
                0x0800a87c                _malloc_r
 .text.__malloc_lock
                0x0800a97c        0xc C:/ST/STM32CubeIDE_1.16.0/STM32CubeIDE/plugins/com.st.stm32cube.ide.mcu.externaltools.gnu-tools-for-stm32.12.3.rel1.win32_1.0.200.202406191623/tools/bin/../lib/gcc/arm-none-eabi/12.3.1/../../../../arm-none-eabi/lib/thumb/v7e-m+fp/hard\libc_nano.a(libc_a-mlock.o)
                0x0800a97c                __malloc_lock
 .text.__malloc_unlock
                0x0800a988        0xc C:/ST/STM32CubeIDE_1.16.0/STM32CubeIDE/plugins/com.st.stm32cube.ide.mcu.externaltools.gnu-tools-for-stm32.12.3.rel1.win32_1.0.200.202406191623/tools/bin/../lib/gcc/arm-none-eabi/12.3.1/../../../../arm-none-eabi/lib/thumb/v7e-m+fp/hard\libc_nano.a(libc_a-mlock.o)
                0x0800a988                __malloc_unlock
 .text.__ssputs_r
                0x0800a994       0xb6 C:/ST/STM32CubeIDE_1.16.0/STM32CubeIDE/plugins/com.st.stm32cube.ide.mcu.externaltools.gnu-tools-for-stm32.12.3.rel1.win32_1.0.200.202406191623/tools/bin/../lib/gcc/arm-none-eabi/12.3.1/../../../../arm-none-eabi/lib/thumb/v7e-m+fp/hard\libc_nano.a(libc_a-nano-svfprintf.o)
                0x0800a994                __ssputs_r
 *fill*         0x0800aa4a        0x2 
 .text._svfprintf_r
                0x0800aa4c      0x1f8 C:/ST/STM32CubeIDE_1.16.0/STM32CubeIDE/plugins/com.st.stm32cube.ide.mcu.externaltools.gnu-tools-for-stm32.12.3.rel1.win32_1.0.200.202406191623/tools/bin/../lib/gcc/arm-none-eabi/12.3.1/../../../../arm-none-eabi/lib/thumb/v7e-m+fp/hard\libc_nano.a(libc_a-nano-svfprintf.o)
                0x0800aa4c                _svfiprintf_r
                0x0800aa4c                _svfprintf_r
 .text._printf_common
                0x0800ac44       0xda C:/ST/STM32CubeIDE_1.16.0/STM32CubeIDE/plugins/com.st.stm32cube.ide.mcu.externaltools.gnu-tools-for-stm32.12.3.rel1.win32_1.0.200.202406191623/tools/bin/../lib/gcc/arm-none-eabi/12.3.1/../../../../arm-none-eabi/lib/thumb/v7e-m+fp/hard\libc_nano.a(libc_a-nano-vfprintf_i.o)
                0x0800ac44                _printf_common
 *fill*         0x0800ad1e        0x2 
 .text._printf_i
                0x0800ad20      0x240 C:/ST/STM32CubeIDE_1.16.0/STM32CubeIDE/plugins/com.st.stm32cube.ide.mcu.externaltools.gnu-tools-for-stm32.12.3.rel1.win32_1.0.200.202406191623/tools/bin/../lib/gcc/arm-none-eabi/12.3.1/../../../../arm-none-eabi/lib/thumb/v7e-m+fp/hard\libc_nano.a(libc_a-nano-vfprintf_i.o)
                0x0800ad20                _printf_i
 .text.__sflush_r
                0x0800af60      0x108 C:/ST/STM32CubeIDE_1.16.0/STM32CubeIDE/plugins/com.st.stm32cube.ide.mcu.externaltools.gnu-tools-for-stm32.12.3.rel1.win32_1.0.200.202406191623/tools/bin/../lib/gcc/arm-none-eabi/12.3.1/../../../../arm-none-eabi/lib/thumb/v7e-m+fp/hard\libc_nano.a(libc_a-fflush.o)
                0x0800af60                __sflush_r
 .text._fflush_r
                0x0800b068       0x50 C:/ST/STM32CubeIDE_1.16.0/STM32CubeIDE/plugins/com.st.stm32cube.ide.mcu.externaltools.gnu-tools-for-stm32.12.3.rel1.win32_1.0.200.202406191623/tools/bin/../lib/gcc/arm-none-eabi/12.3.1/../../../../arm-none-eabi/lib/thumb/v7e-m+fp/hard\libc_nano.a(libc_a-fflush.o)
                0x0800b068                _fflush_r
 .text.fprintf  0x0800b0b8       0x24 C:/ST/STM32CubeIDE_1.16.0/STM32CubeIDE/plugins/com.st.stm32cube.ide.mcu.externaltools.gnu-tools-for-stm32.12.3.rel1.win32_1.0.200.202406191623/tools/bin/../lib/gcc/arm-none-eabi/12.3.1/../../../../arm-none-eabi/lib/thumb/v7e-m+fp/hard\libc_nano.a(libc_a-fprintf.o)
                0x0800b0b8                fiprintf
                0x0800b0b8                fprintf
 .text.memmove  0x0800b0dc       0x34 C:/ST/STM32CubeIDE_1.16.0/STM32CubeIDE/plugins/com.st.stm32cube.ide.mcu.externaltools.gnu-tools-for-stm32.12.3.rel1.win32_1.0.200.202406191623/tools/bin/../lib/gcc/arm-none-eabi/12.3.1/../../../../arm-none-eabi/lib/thumb/v7e-m+fp/hard\libc_nano.a(libc_a-memmove.o)
                0x0800b0dc                memmove
 .text._sbrk_r  0x0800b110       0x20 C:/ST/STM32CubeIDE_1.16.0/STM32CubeIDE/plugins/com.st.stm32cube.ide.mcu.externaltools.gnu-tools-for-stm32.12.3.rel1.win32_1.0.200.202406191623/tools/bin/../lib/gcc/arm-none-eabi/12.3.1/../../../../arm-none-eabi/lib/thumb/v7e-m+fp/hard\libc_nano.a(libc_a-sbrkr.o)
                0x0800b110                _sbrk_r
 .text.memcpy   0x0800b130       0x1c C:/ST/STM32CubeIDE_1.16.0/STM32CubeIDE/plugins/com.st.stm32cube.ide.mcu.externaltools.gnu-tools-for-stm32.12.3.rel1.win32_1.0.200.202406191623/tools/bin/../lib/gcc/arm-none-eabi/12.3.1/../../../../arm-none-eabi/lib/thumb/v7e-m+fp/hard\libc_nano.a(libc_a-memcpy-stub.o)
                0x0800b130                memcpy
 .text.abort    0x0800b14c        0xe C:/ST/STM32CubeIDE_1.16.0/STM32CubeIDE/plugins/com.st.stm32cube.ide.mcu.externaltools.gnu-tools-for-stm32.12.3.rel1.win32_1.0.200.202406191623/tools/bin/../lib/gcc/arm-none-eabi/12.3.1/../../../../arm-none-eabi/lib/thumb/v7e-m+fp/hard\libc_nano.a(libc_a-abort.o)
                0x0800b14c                abort
 .text._realloc_r
                0x0800b15a       0x5c C:/ST/STM32CubeIDE_1.16.0/STM32CubeIDE/plugins/com.st.stm32cube.ide.mcu.externaltools.gnu-tools-for-stm32.12.3.rel1.win32_1.0.200.202406191623/tools/bin/../lib/gcc/arm-none-eabi/12.3.1/../../../../arm-none-eabi/lib/thumb/v7e-m+fp/hard\libc_nano.a(libc_a-reallocr.o)
                0x0800b15a                _realloc_r
 .text.__sfputc_r
                0x0800b1b6       0x2e C:/ST/STM32CubeIDE_1.16.0/STM32CubeIDE/plugins/com.st.stm32cube.ide.mcu.externaltools.gnu-tools-for-stm32.12.3.rel1.win32_1.0.200.202406191623/tools/bin/../lib/gcc/arm-none-eabi/12.3.1/../../../../arm-none-eabi/lib/thumb/v7e-m+fp/hard\libc_nano.a(libc_a-nano-vfprintf.o)
 .text.__sfputs_r
                0x0800b1e4       0x24 C:/ST/STM32CubeIDE_1.16.0/STM32CubeIDE/plugins/com.st.stm32cube.ide.mcu.externaltools.gnu-tools-for-stm32.12.3.rel1.win32_1.0.200.202406191623/tools/bin/../lib/gcc/arm-none-eabi/12.3.1/../../../../arm-none-eabi/lib/thumb/v7e-m+fp/hard\libc_nano.a(libc_a-nano-vfprintf.o)
                0x0800b1e4                __sfputs_r
 .text._vfprintf_r
                0x0800b208      0x230 C:/ST/STM32CubeIDE_1.16.0/STM32CubeIDE/plugins/com.st.stm32cube.ide.mcu.externaltools.gnu-tools-for-stm32.12.3.rel1.win32_1.0.200.202406191623/tools/bin/../lib/gcc/arm-none-eabi/12.3.1/../../../../arm-none-eabi/lib/thumb/v7e-m+fp/hard\libc_nano.a(libc_a-nano-vfprintf.o)
                0x0800b208                _vfprintf_r
                0x0800b208                _vfiprintf_r
 .text.__swbuf_r
                0x0800b438       0x7c C:/ST/STM32CubeIDE_1.16.0/STM32CubeIDE/plugins/com.st.stm32cube.ide.mcu.externaltools.gnu-tools-for-stm32.12.3.rel1.win32_1.0.200.202406191623/tools/bin/../lib/gcc/arm-none-eabi/12.3.1/../../../../arm-none-eabi/lib/thumb/v7e-m+fp/hard\libc_nano.a(libc_a-wbuf.o)
                0x0800b438                __swbuf_r
 .text.__swsetup_r
                0x0800b4b4       0xac C:/ST/STM32CubeIDE_1.16.0/STM32CubeIDE/plugins/com.st.stm32cube.ide.mcu.externaltools.gnu-tools-for-stm32.12.3.rel1.win32_1.0.200.202406191623/tools/bin/../lib/gcc/arm-none-eabi/12.3.1/../../../../arm-none-eabi/lib/thumb/v7e-m+fp/hard\libc_nano.a(libc_a-wsetup.o)
                0x0800b4b4                __swsetup_r
 .text._raise_r
                0x0800b560       0x50 C:/ST/STM32CubeIDE_1.16.0/STM32CubeIDE/plugins/com.st.stm32cube.ide.mcu.externaltools.gnu-tools-for-stm32.12.3.rel1.win32_1.0.200.202406191623/tools/bin/../lib/gcc/arm-none-eabi/12.3.1/../../../../arm-none-eabi/lib/thumb/v7e-m+fp/hard\libc_nano.a(libc_a-signal.o)
                0x0800b560                _raise_r
 .text.raise    0x0800b5b0       0x10 C:/ST/STM32CubeIDE_1.16.0/STM32CubeIDE/plugins/com.st.stm32cube.ide.mcu.externaltools.gnu-tools-for-stm32.12.3.rel1.win32_1.0.200.202406191623/tools/bin/../lib/gcc/arm-none-eabi/12.3.1/../../../../arm-none-eabi/lib/thumb/v7e-m+fp/hard\libc_nano.a(libc_a-signal.o)
                0x0800b5b0                raise
 .text._kill_r  0x0800b5c0       0x24 C:/ST/STM32CubeIDE_1.16.0/STM32CubeIDE/plugins/com.st.stm32cube.ide.mcu.externaltools.gnu-tools-for-stm32.12.3.rel1.win32_1.0.200.202406191623/tools/bin/../lib/gcc/arm-none-eabi/12.3.1/../../../../arm-none-eabi/lib/thumb/v7e-m+fp/hard\libc_nano.a(libc_a-signalr.o)
                0x0800b5c0                _kill_r
 .text._getpid_r
                0x0800b5e4        0x4 C:/ST/STM32CubeIDE_1.16.0/STM32CubeIDE/plugins/com.st.stm32cube.ide.mcu.externaltools.gnu-tools-for-stm32.12.3.rel1.win32_1.0.200.202406191623/tools/bin/../lib/gcc/arm-none-eabi/12.3.1/../../../../arm-none-eabi/lib/thumb/v7e-m+fp/hard\libc_nano.a(libc_a-signalr.o)
                0x0800b5e4                _getpid_r
 .text._malloc_usable_size_r
                0x0800b5e8       0x10 C:/ST/STM32CubeIDE_1.16.0/STM32CubeIDE/plugins/com.st.stm32cube.ide.mcu.externaltools.gnu-tools-for-stm32.12.3.rel1.win32_1.0.200.202406191623/tools/bin/../lib/gcc/arm-none-eabi/12.3.1/../../../../arm-none-eabi/lib/thumb/v7e-m+fp/hard\libc_nano.a(libc_a-msizer.o)
                0x0800b5e8                _malloc_usable_size_r
 .text.__swhatbuf_r
                0x0800b5f8       0x4c C:/ST/STM32CubeIDE_1.16.0/STM32CubeIDE/plugins/com.st.stm32cube.ide.mcu.externaltools.gnu-tools-for-stm32.12.3.rel1.win32_1.0.200.202406191623/tools/bin/../lib/gcc/arm-none-eabi/12.3.1/../../../../arm-none-eabi/lib/thumb/v7e-m+fp/hard\libc_nano.a(libc_a-makebuf.o)
                0x0800b5f8                __swhatbuf_r
 .text.__smakebuf_r
                0x0800b644       0x78 C:/ST/STM32CubeIDE_1.16.0/STM32CubeIDE/plugins/com.st.stm32cube.ide.mcu.externaltools.gnu-tools-for-stm32.12.3.rel1.win32_1.0.200.202406191623/tools/bin/../lib/gcc/arm-none-eabi/12.3.1/../../../../arm-none-eabi/lib/thumb/v7e-m+fp/hard\libc_nano.a(libc_a-makebuf.o)
                0x0800b644                __smakebuf_r
 .text._fstat_r
                0x0800b6bc       0x24 C:/ST/STM32CubeIDE_1.16.0/STM32CubeIDE/plugins/com.st.stm32cube.ide.mcu.externaltools.gnu-tools-for-stm32.12.3.rel1.win32_1.0.200.202406191623/tools/bin/../lib/gcc/arm-none-eabi/12.3.1/../../../../arm-none-eabi/lib/thumb/v7e-m+fp/hard\libc_nano.a(libc_a-fstatr.o)
                0x0800b6bc                _fstat_r
 .text._isatty_r
                0x0800b6e0       0x20 C:/ST/STM32CubeIDE_1.16.0/STM32CubeIDE/plugins/com.st.stm32cube.ide.mcu.externaltools.gnu-tools-for-stm32.12.3.rel1.win32_1.0.200.202406191623/tools/bin/../lib/gcc/arm-none-eabi/12.3.1/../../../../arm-none-eabi/lib/thumb/v7e-m+fp/hard\libc_nano.a(libc_a-isattyr.o)
                0x0800b6e0                _isatty_r
 *(.glue_7)
 .glue_7        0x0800b700        0x0 linker stubs
 *(.glue_7t)
 .glue_7t       0x0800b700        0x0 linker stubs
 *(.eh_frame)
 .eh_frame      0x0800b700        0x0 C:/ST/STM32CubeIDE_1.16.0/STM32CubeIDE/plugins/com.st.stm32cube.ide.mcu.externaltools.gnu-tools-for-stm32.12.3.rel1.win32_1.0.200.202406191623/tools/bin/../lib/gcc/arm-none-eabi/12.3.1/thumb/v7e-m+fp/hard/crtbegin.o
 *(.init)
 .init          0x0800b700        0x4 C:/ST/STM32CubeIDE_1.16.0/STM32CubeIDE/plugins/com.st.stm32cube.ide.mcu.externaltools.gnu-tools-for-stm32.12.3.rel1.win32_1.0.200.202406191623/tools/bin/../lib/gcc/arm-none-eabi/12.3.1/thumb/v7e-m+fp/hard/crti.o
                0x0800b700                _init
 .init          0x0800b704        0x8 C:/ST/STM32CubeIDE_1.16.0/STM32CubeIDE/plugins/com.st.stm32cube.ide.mcu.externaltools.gnu-tools-for-stm32.12.3.rel1.win32_1.0.200.202406191623/tools/bin/../lib/gcc/arm-none-eabi/12.3.1/thumb/v7e-m+fp/hard/crtn.o
 *(.fini)
 .fini          0x0800b70c        0x4 C:/ST/STM32CubeIDE_1.16.0/STM32CubeIDE/plugins/com.st.stm32cube.ide.mcu.externaltools.gnu-tools-for-stm32.12.3.rel1.win32_1.0.200.202406191623/tools/bin/../lib/gcc/arm-none-eabi/12.3.1/thumb/v7e-m+fp/hard/crti.o
                0x0800b70c                _fini
 .fini          0x0800b710        0x8 C:/ST/STM32CubeIDE_1.16.0/STM32CubeIDE/plugins/com.st.stm32cube.ide.mcu.externaltools.gnu-tools-for-stm32.12.3.rel1.win32_1.0.200.202406191623/tools/bin/../lib/gcc/arm-none-eabi/12.3.1/thumb/v7e-m+fp/hard/crtn.o
                0x0800b718                        . = ALIGN (0x4)
                0x0800b718                        _etext = .

.vfp11_veneer   0x0800b718        0x0
 .vfp11_veneer  0x0800b718        0x0 linker stubs

.v4_bx          0x0800b718        0x0
 .v4_bx         0x0800b718        0x0 linker stubs

.iplt           0x0800b718        0x0
 .iplt          0x0800b718        0x0 C:/ST/STM32CubeIDE_1.16.0/STM32CubeIDE/plugins/com.st.stm32cube.ide.mcu.externaltools.gnu-tools-for-stm32.12.3.rel1.win32_1.0.200.202406191623/tools/bin/../lib/gcc/arm-none-eabi/12.3.1/thumb/v7e-m+fp/hard/crtbegin.o

.rodata         0x0800b718    0x48f0c
                0x0800b718                        . = ALIGN (0x4)
 *(.rodata)
 .rodata        0x0800b718       0x59 ./Core/Src/lcd.o
 *fill*         0x0800b771        0x3 
 .rodata        0x0800b774        0x1 ./Core/Src/main.o
 *fill*         0x0800b775        0x3 
 .rodata        0x0800b778       0x33 ./Drivers/LCD/Src/ili9341.o
 *(.rodata*)
 *fill*         0x0800b7ab        0x1 
 .rodata.squirrelres
                0x0800b7ac    0x21480 ./Core/Src/lcd.o
                0x0800b7ac                squirrelres
 .rodata.squirrelclip
                0x0802cc2c    0x25800 ./Core/Src/lcd.o
                0x0802cc2c                squirrelclip
 .rodata.AHBPrescTable
                0x0805242c       0x10 ./Core/Src/system_stm32l4xx.o
                0x0805242c                AHBPrescTable
 .rodata.APBPrescTable
                0x0805243c        0x8 ./Core/Src/system_stm32l4xx.o
                0x0805243c                APBPrescTable
 .rodata.MSIRangeTable
                0x08052444       0x30 ./Core/Src/system_stm32l4xx.o
                0x08052444                MSIRangeTable
 .rodata.Font11x18
                0x08052474      0xd5c ./Drivers/LCD/Src/fonts.o
 .rodata.Font16x26
                0x080531d0     0x134c ./Drivers/LCD/Src/fonts.o
 .rodata.UARTPrescTable
                0x0805451c       0x18 ./Drivers/STM32L4xx_HAL_Driver/Src/stm32l4xx_hal_uart.o
                0x0805451c                UARTPrescTable
 .rodata.numerator.1
                0x08054534        0x8 ./Drivers/STM32L4xx_HAL_Driver/Src/stm32l4xx_hal_uart_ex.o
 .rodata.denominator.0
                0x0805453c        0x8 ./Drivers/STM32L4xx_HAL_Driver/Src/stm32l4xx_hal_uart_ex.o
 .rodata.srand.str1.1
                0x08054544       0x6f C:/ST/STM32CubeIDE_1.16.0/STM32CubeIDE/plugins/com.st.stm32cube.ide.mcu.externaltools.gnu-tools-for-stm32.12.3.rel1.win32_1.0.200.202406191623/tools/bin/../lib/gcc/arm-none-eabi/12.3.1/../../../../arm-none-eabi/lib/thumb/v7e-m+fp/hard\libc_nano.a(libc_a-rand.o)
 .rodata.__assert_func.str1.1
                0x080545b3       0x3c C:/ST/STM32CubeIDE_1.16.0/STM32CubeIDE/plugins/com.st.stm32cube.ide.mcu.externaltools.gnu-tools-for-stm32.12.3.rel1.win32_1.0.200.202406191623/tools/bin/../lib/gcc/arm-none-eabi/12.3.1/../../../../arm-none-eabi/lib/thumb/v7e-m+fp/hard\libc_nano.a(libc_a-assert.o)
                                 0x3d (size before relaxing)
 .rodata._svfprintf_r.str1.1
                0x080545ef       0x11 C:/ST/STM32CubeIDE_1.16.0/STM32CubeIDE/plugins/com.st.stm32cube.ide.mcu.externaltools.gnu-tools-for-stm32.12.3.rel1.win32_1.0.200.202406191623/tools/bin/../lib/gcc/arm-none-eabi/12.3.1/../../../../arm-none-eabi/lib/thumb/v7e-m+fp/hard\libc_nano.a(libc_a-nano-svfprintf.o)
 .rodata._printf_i.str1.1
                0x08054600       0x22 C:/ST/STM32CubeIDE_1.16.0/STM32CubeIDE/plugins/com.st.stm32cube.ide.mcu.externaltools.gnu-tools-for-stm32.12.3.rel1.win32_1.0.200.202406191623/tools/bin/../lib/gcc/arm-none-eabi/12.3.1/../../../../arm-none-eabi/lib/thumb/v7e-m+fp/hard\libc_nano.a(libc_a-nano-vfprintf_i.o)
 .rodata._vfprintf_r.str1.1
                0x08054622       0x11 C:/ST/STM32CubeIDE_1.16.0/STM32CubeIDE/plugins/com.st.stm32cube.ide.mcu.externaltools.gnu-tools-for-stm32.12.3.rel1.win32_1.0.200.202406191623/tools/bin/../lib/gcc/arm-none-eabi/12.3.1/../../../../arm-none-eabi/lib/thumb/v7e-m+fp/hard\libc_nano.a(libc_a-nano-vfprintf.o)
                0x08054634                        . = ALIGN (0x4)
 *fill*         0x08054622        0x2 

.ARM.extab      0x08054624        0x0
                0x08054624                        . = ALIGN (0x4)
 *(.ARM.extab* .gnu.linkonce.armextab.*)
                0x08054624                        . = ALIGN (0x4)

.ARM            0x08054624        0x8
                0x08054624                        . = ALIGN (0x4)
                0x08054624                        __exidx_start = .
 *(.ARM.exidx*)
 .ARM.exidx     0x08054624        0x8 C:/ST/STM32CubeIDE_1.16.0/STM32CubeIDE/plugins/com.st.stm32cube.ide.mcu.externaltools.gnu-tools-for-stm32.12.3.rel1.win32_1.0.200.202406191623/tools/bin/../lib/gcc/arm-none-eabi/12.3.1/../../../../arm-none-eabi/lib/thumb/v7e-m+fp/hard\libc_nano.a(libc_a-memchr.o)
 .ARM.exidx     0x0805462c        0x0 C:/ST/STM32CubeIDE_1.16.0/STM32CubeIDE/plugins/com.st.stm32cube.ide.mcu.externaltools.gnu-tools-for-stm32.12.3.rel1.win32_1.0.200.202406191623/tools/bin/../lib/gcc/arm-none-eabi/12.3.1/thumb/v7e-m+fp/hard\libgcc.a(_udivmoddi4.o)
                                  0x8 (size before relaxing)
                0x0805462c                        __exidx_end = .
                0x0805462c                        . = ALIGN (0x4)

.preinit_array  0x0805462c        0x0
                0x0805462c                        . = ALIGN (0x4)
                0x0805462c                        PROVIDE (__preinit_array_start = .)
 *(.preinit_array*)
                0x0805462c                        PROVIDE (__preinit_array_end = .)
                0x0805462c                        . = ALIGN (0x4)

.init_array     0x0805462c        0x4
                0x0805462c                        . = ALIGN (0x4)
                0x0805462c                        PROVIDE (__init_array_start = .)
 *(SORT_BY_NAME(.init_array.*))
 *(.init_array*)
 .init_array    0x0805462c        0x4 C:/ST/STM32CubeIDE_1.16.0/STM32CubeIDE/plugins/com.st.stm32cube.ide.mcu.externaltools.gnu-tools-for-stm32.12.3.rel1.win32_1.0.200.202406191623/tools/bin/../lib/gcc/arm-none-eabi/12.3.1/thumb/v7e-m+fp/hard/crtbegin.o
                0x08054630                        PROVIDE (__init_array_end = .)
                0x08054630                        . = ALIGN (0x4)

.fini_array     0x08054630        0x4
                0x08054630                        . = ALIGN (0x4)
                [!provide]                        PROVIDE (__fini_array_start = .)
 *(SORT_BY_NAME(.fini_array.*))
 *(.fini_array*)
 .fini_array    0x08054630        0x4 C:/ST/STM32CubeIDE_1.16.0/STM32CubeIDE/plugins/com.st.stm32cube.ide.mcu.externaltools.gnu-tools-for-stm32.12.3.rel1.win32_1.0.200.202406191623/tools/bin/../lib/gcc/arm-none-eabi/12.3.1/thumb/v7e-m+fp/hard/crtbegin.o
                [!provide]                        PROVIDE (__fini_array_end = .)
                0x08054634                        . = ALIGN (0x4)
                0x08054634                        _sidata = LOADADDR (.data)

.rel.dyn        0x08054634        0x0
 .rel.iplt      0x08054634        0x0 C:/ST/STM32CubeIDE_1.16.0/STM32CubeIDE/plugins/com.st.stm32cube.ide.mcu.externaltools.gnu-tools-for-stm32.12.3.rel1.win32_1.0.200.202406191623/tools/bin/../lib/gcc/arm-none-eabi/12.3.1/thumb/v7e-m+fp/hard/crtbegin.o

.data           0x20040000      0x11c load address 0x08054634
                0x20040000                        . = ALIGN (0x4)
                0x20040000                        _sdata = .
 *(.data)
 *(.data*)
 .data.knownOriginal
                0x20040000        0x4 ./Core/Src/load_cell.o
 .data.knownHX711
                0x20040004        0x4 ./Core/Src/load_cell.o
 .data.steps    0x20040008       0x80 ./Core/Src/motor.o
 .data.motor_is_ready
                0x20040088        0x1 ./Core/Src/motor.o
 *fill*         0x20040089        0x3 
 .data.SystemCoreClock
                0x2004008c        0x4 ./Core/Src/system_stm32l4xx.o
                0x2004008c                SystemCoreClock
 .data.Font_11x18
                0x20040090        0x8 ./Drivers/LCD/Src/fonts.o
                0x20040090                Font_11x18
 .data.Font_16x26
                0x20040098        0x8 ./Drivers/LCD/Src/fonts.o
                0x20040098                Font_16x26
 .data.uwTickPrio
                0x200400a0        0x4 ./Drivers/STM32L4xx_HAL_Driver/Src/stm32l4xx_hal.o
                0x200400a0                uwTickPrio
 .data.uwTickFreq
                0x200400a4        0x1 ./Drivers/STM32L4xx_HAL_Driver/Src/stm32l4xx_hal.o
                0x200400a4                uwTickFreq
 *fill*         0x200400a5        0x3 
 .data.USER_Driver
                0x200400a8       0x14 ./FATFS/Target/user_diskio.o
                0x200400a8                USER_Driver
 .data.Stat     0x200400bc        0x1 ./FATFS/Target/user_diskio_spi.o
 *fill*         0x200400bd        0x3 
 .data.__sglue  0x200400c0        0xc C:/ST/STM32CubeIDE_1.16.0/STM32CubeIDE/plugins/com.st.stm32cube.ide.mcu.externaltools.gnu-tools-for-stm32.12.3.rel1.win32_1.0.200.202406191623/tools/bin/../lib/gcc/arm-none-eabi/12.3.1/../../../../arm-none-eabi/lib/thumb/v7e-m+fp/hard\libc_nano.a(libc_a-findfp.o)
                0x200400c0                __sglue
 .data._impure_ptr
                0x200400cc        0x4 C:/ST/STM32CubeIDE_1.16.0/STM32CubeIDE/plugins/com.st.stm32cube.ide.mcu.externaltools.gnu-tools-for-stm32.12.3.rel1.win32_1.0.200.202406191623/tools/bin/../lib/gcc/arm-none-eabi/12.3.1/../../../../arm-none-eabi/lib/thumb/v7e-m+fp/hard\libc_nano.a(libc_a-impure.o)
                0x200400cc                _impure_ptr
 .data._impure_data
                0x200400d0       0x4c C:/ST/STM32CubeIDE_1.16.0/STM32CubeIDE/plugins/com.st.stm32cube.ide.mcu.externaltools.gnu-tools-for-stm32.12.3.rel1.win32_1.0.200.202406191623/tools/bin/../lib/gcc/arm-none-eabi/12.3.1/../../../../arm-none-eabi/lib/thumb/v7e-m+fp/hard\libc_nano.a(libc_a-impure.o)
                0x200400d0                _impure_data
 *(.RamFunc)
 *(.RamFunc*)
                0x2004011c                        . = ALIGN (0x4)
                0x2004011c                        _edata = .

.igot.plt       0x2004011c        0x0 load address 0x08054750
 .igot.plt      0x2004011c        0x0 C:/ST/STM32CubeIDE_1.16.0/STM32CubeIDE/plugins/com.st.stm32cube.ide.mcu.externaltools.gnu-tools-for-stm32.12.3.rel1.win32_1.0.200.202406191623/tools/bin/../lib/gcc/arm-none-eabi/12.3.1/thumb/v7e-m+fp/hard/crtbegin.o
                0x2004011c                        . = ALIGN (0x4)

.bss            0x2004011c      0x758 load address 0x08054750
                0x2004011c                        _sbss = .
                0x2004011c                        __bss_start__ = _sbss
 *(.bss)
 .bss           0x2004011c       0x1c C:/ST/STM32CubeIDE_1.16.0/STM32CubeIDE/plugins/com.st.stm32cube.ide.mcu.externaltools.gnu-tools-for-stm32.12.3.rel1.win32_1.0.200.202406191623/tools/bin/../lib/gcc/arm-none-eabi/12.3.1/thumb/v7e-m+fp/hard/crtbegin.o
 *(.bss*)
 .bss.camera_ready
                0x20040138        0x1 ./Core/Src/camera_handler.o
 *fill*         0x20040139        0x3 
 .bss.image_size
                0x2004013c        0x4 ./Core/Src/camera_handler.o
 .bss.cur_image_idx
                0x20040140        0x4 ./Core/Src/camera_handler.o
 .bss.pic_index
                0x20040144        0x2 ./Core/Src/camera_handler.o
 .bss.rand_seed
                0x20040146        0x2 ./Core/Src/camera_handler.o
 .bss.img_read_buf
                0x20040148       0x2a ./Core/Src/camera_handler.o
 *fill*         0x20040172        0x2 
 .bss.file_writer
                0x20040174      0x230 ./Core/Src/camera_handler.o
 .bss.FeederState
                0x200403a4        0x1 ./Core/Src/integration.o
                0x200403a4                FeederState
 *fill*         0x200403a5        0x3 
 .bss.distance_measurements
                0x200403a8       0x20 ./Core/Src/ir_sensor.o
 .bss.distance_idx
                0x200403c8        0x1 ./Core/Src/ir_sensor.o
 *fill*         0x200403c9        0x3 
 .bss.CURRENT_READING
                0x200403cc        0x4 ./Core/Src/load_cell.o
 .bss.weight    0x200403d0        0x4 ./Core/Src/main.o
                0x200403d0                weight
 .bss.squirrel_count
                0x200403d4        0x4 ./Core/Src/main.o
                0x200403d4                squirrel_count
 .bss.hadc1     0x200403d8       0x68 ./Core/Src/main.o
                0x200403d8                hadc1
 .bss.hspi1     0x20040440       0x64 ./Core/Src/main.o
                0x20040440                hspi1
 .bss.hspi3     0x200404a4       0x64 ./Core/Src/main.o
                0x200404a4                hspi3
 .bss.htim2     0x20040508       0x4c ./Core/Src/main.o
                0x20040508                htim2
 .bss.htim3     0x20040554       0x4c ./Core/Src/main.o
                0x20040554                htim3
 .bss.htim4     0x200405a0       0x4c ./Core/Src/main.o
                0x200405a0                htim4
 .bss.htim5     0x200405ec       0x4c ./Core/Src/main.o
                0x200405ec                htim5
 .bss.huart3    0x20040638       0x94 ./Core/Src/main.o
                0x20040638                huart3
 .bss.num_steps
                0x200406cc        0x4 ./Core/Src/motor.o
 .bss.num_steps_completed
                0x200406d0        0x4 ./Core/Src/motor.o
 .bss.cur_rotation_idx
                0x200406d4        0x4 ./Core/Src/motor.o
 .bss.__sbrk_heap_end
                0x200406d8        0x4 ./Core/Src/sysmem.o
 .bss.uwTick    0x200406dc        0x4 ./Drivers/STM32L4xx_HAL_Driver/Src/stm32l4xx_hal.o
                0x200406dc                uwTick
 .bss.retUSER   0x200406e0        0x1 ./FATFS/App/fatfs.o
                0x200406e0                retUSER
 *fill*         0x200406e1        0x3 
 .bss.USERPath  0x200406e4        0x4 ./FATFS/App/fatfs.o
                0x200406e4                USERPath
 .bss.CardType  0x200406e8        0x1 ./FATFS/Target/user_diskio_spi.o
 *fill*         0x200406e9        0x3 
 .bss.spiTimerTickStart
                0x200406ec        0x4 ./FATFS/Target/user_diskio_spi.o
                0x200406ec                spiTimerTickStart
 .bss.spiTimerTickDelay
                0x200406f0        0x4 ./FATFS/Target/user_diskio_spi.o
                0x200406f0                spiTimerTickDelay
 .bss.FatFs     0x200406f4        0x4 ./Middlewares/Third_Party/FatFs/src/ff.o
 .bss.Fsid      0x200406f8        0x2 ./Middlewares/Third_Party/FatFs/src/ff.o
 *fill*         0x200406fa        0x2 
 .bss.Files     0x200406fc       0x20 ./Middlewares/Third_Party/FatFs/src/ff.o
 .bss.disk      0x2004071c        0xc ./Middlewares/Third_Party/FatFs/src/ff_gen_drv.o
                0x2004071c                disk
 .bss.__sf      0x20040728      0x138 C:/ST/STM32CubeIDE_1.16.0/STM32CubeIDE/plugins/com.st.stm32cube.ide.mcu.externaltools.gnu-tools-for-stm32.12.3.rel1.win32_1.0.200.202406191623/tools/bin/../lib/gcc/arm-none-eabi/12.3.1/../../../../arm-none-eabi/lib/thumb/v7e-m+fp/hard\libc_nano.a(libc_a-findfp.o)
                0x20040728                __sf
 .bss.__stdio_exit_handler
                0x20040860        0x4 C:/ST/STM32CubeIDE_1.16.0/STM32CubeIDE/plugins/com.st.stm32cube.ide.mcu.externaltools.gnu-tools-for-stm32.12.3.rel1.win32_1.0.200.202406191623/tools/bin/../lib/gcc/arm-none-eabi/12.3.1/../../../../arm-none-eabi/lib/thumb/v7e-m+fp/hard\libc_nano.a(libc_a-findfp.o)
                0x20040860                __stdio_exit_handler
 .bss.errno     0x20040864        0x4 C:/ST/STM32CubeIDE_1.16.0/STM32CubeIDE/plugins/com.st.stm32cube.ide.mcu.externaltools.gnu-tools-for-stm32.12.3.rel1.win32_1.0.200.202406191623/tools/bin/../lib/gcc/arm-none-eabi/12.3.1/../../../../arm-none-eabi/lib/thumb/v7e-m+fp/hard\libc_nano.a(libc_a-reent.o)
                0x20040864                errno
 .bss.__lock___malloc_recursive_mutex
                0x20040868        0x1 C:/ST/STM32CubeIDE_1.16.0/STM32CubeIDE/plugins/com.st.stm32cube.ide.mcu.externaltools.gnu-tools-for-stm32.12.3.rel1.win32_1.0.200.202406191623/tools/bin/../lib/gcc/arm-none-eabi/12.3.1/../../../../arm-none-eabi/lib/thumb/v7e-m+fp/hard\libc_nano.a(libc_a-lock.o)
                0x20040868                __lock___malloc_recursive_mutex
 .bss.__lock___sfp_recursive_mutex
                0x20040869        0x1 C:/ST/STM32CubeIDE_1.16.0/STM32CubeIDE/plugins/com.st.stm32cube.ide.mcu.externaltools.gnu-tools-for-stm32.12.3.rel1.win32_1.0.200.202406191623/tools/bin/../lib/gcc/arm-none-eabi/12.3.1/../../../../arm-none-eabi/lib/thumb/v7e-m+fp/hard\libc_nano.a(libc_a-lock.o)
                0x20040869                __lock___sfp_recursive_mutex
 *fill*         0x2004086a        0x2 
 .bss.__malloc_sbrk_start
                0x2004086c        0x4 C:/ST/STM32CubeIDE_1.16.0/STM32CubeIDE/plugins/com.st.stm32cube.ide.mcu.externaltools.gnu-tools-for-stm32.12.3.rel1.win32_1.0.200.202406191623/tools/bin/../lib/gcc/arm-none-eabi/12.3.1/../../../../arm-none-eabi/lib/thumb/v7e-m+fp/hard\libc_nano.a(libc_a-mallocr.o)
                0x2004086c                __malloc_sbrk_start
 .bss.__malloc_free_list
                0x20040870        0x4 C:/ST/STM32CubeIDE_1.16.0/STM32CubeIDE/plugins/com.st.stm32cube.ide.mcu.externaltools.gnu-tools-for-stm32.12.3.rel1.win32_1.0.200.202406191623/tools/bin/../lib/gcc/arm-none-eabi/12.3.1/../../../../arm-none-eabi/lib/thumb/v7e-m+fp/hard\libc_nano.a(libc_a-mallocr.o)
                0x20040870                __malloc_free_list
 *(COMMON)
                0x20040874                        . = ALIGN (0x4)
                0x20040874                        _ebss = .
                0x20040874                        __bss_end__ = _ebss

._user_heap_stack
                0x20040874      0x604 load address 0x08054750
                0x20040878                        . = ALIGN (0x8)
 *fill*         0x20040874        0x4 
                [!provide]                        PROVIDE (end = .)
                0x20040878                        PROVIDE (_end = .)
                0x20040a78                        . = (. + _Min_Heap_Size)
 *fill*         0x20040878      0x200 
                0x20040e78                        . = (. + _Min_Stack_Size)
 *fill*         0x20040a78      0x400 
                0x20040e78                        . = ALIGN (0x8)

/DISCARD/
 libc.a(*)
 libm.a(*)
 libgcc.a(*)

.ARM.attributes
                0x00000000       0x30
 *(.ARM.attributes)
 .ARM.attributes
                0x00000000       0x22 C:/ST/STM32CubeIDE_1.16.0/STM32CubeIDE/plugins/com.st.stm32cube.ide.mcu.externaltools.gnu-tools-for-stm32.12.3.rel1.win32_1.0.200.202406191623/tools/bin/../lib/gcc/arm-none-eabi/12.3.1/thumb/v7e-m+fp/hard/crti.o
 .ARM.attributes
                0x00000022       0x34 C:/ST/STM32CubeIDE_1.16.0/STM32CubeIDE/plugins/com.st.stm32cube.ide.mcu.externaltools.gnu-tools-for-stm32.12.3.rel1.win32_1.0.200.202406191623/tools/bin/../lib/gcc/arm-none-eabi/12.3.1/thumb/v7e-m+fp/hard/crtbegin.o
 .ARM.attributes
                0x00000056       0x34 ./Core/Src/camera_handler.o
 .ARM.attributes
                0x0000008a       0x34 ./Core/Src/integration.o
 .ARM.attributes
                0x000000be       0x34 ./Core/Src/ir_sensor.o
 .ARM.attributes
                0x000000f2       0x34 ./Core/Src/lcd.o
 .ARM.attributes
                0x00000126       0x34 ./Core/Src/load_cell.o
 .ARM.attributes
                0x0000015a       0x34 ./Core/Src/main.o
 .ARM.attributes
                0x0000018e       0x34 ./Core/Src/motor.o
 .ARM.attributes
                0x000001c2       0x34 ./Core/Src/stm32l4xx_hal_msp.o
 .ARM.attributes
                0x000001f6       0x34 ./Core/Src/stm32l4xx_it.o
 .ARM.attributes
                0x0000022a       0x34 ./Core/Src/syscalls.o
 .ARM.attributes
                0x0000025e       0x34 ./Core/Src/sysmem.o
 .ARM.attributes
                0x00000292       0x34 ./Core/Src/system_stm32l4xx.o
 .ARM.attributes
                0x000002c6       0x34 ./Core/Src/vc0706_driver.o
 .ARM.attributes
                0x000002fa       0x21 ./Core/Startup/startup_stm32l4r5zitxp.o
 .ARM.attributes
                0x0000031b       0x34 ./Drivers/LCD/Src/fonts.o
 .ARM.attributes
                0x0000034f       0x34 ./Drivers/LCD/Src/ili9341.o
 .ARM.attributes
                0x00000383       0x34 ./Drivers/STM32L4xx_HAL_Driver/Src/stm32l4xx_hal.o
 .ARM.attributes
                0x000003b7       0x34 ./Drivers/STM32L4xx_HAL_Driver/Src/stm32l4xx_hal_adc.o
 .ARM.attributes
                0x000003eb       0x34 ./Drivers/STM32L4xx_HAL_Driver/Src/stm32l4xx_hal_cortex.o
 .ARM.attributes
                0x0000041f       0x34 ./Drivers/STM32L4xx_HAL_Driver/Src/stm32l4xx_hal_gpio.o
 .ARM.attributes
                0x00000453       0x34 ./Drivers/STM32L4xx_HAL_Driver/Src/stm32l4xx_hal_pwr_ex.o
 .ARM.attributes
                0x00000487       0x34 ./Drivers/STM32L4xx_HAL_Driver/Src/stm32l4xx_hal_rcc.o
 .ARM.attributes
                0x000004bb       0x34 ./Drivers/STM32L4xx_HAL_Driver/Src/stm32l4xx_hal_rcc_ex.o
 .ARM.attributes
                0x000004ef       0x34 ./Drivers/STM32L4xx_HAL_Driver/Src/stm32l4xx_hal_spi.o
 .ARM.attributes
                0x00000523       0x34 ./Drivers/STM32L4xx_HAL_Driver/Src/stm32l4xx_hal_tim.o
 .ARM.attributes
                0x00000557       0x34 ./Drivers/STM32L4xx_HAL_Driver/Src/stm32l4xx_hal_tim_ex.o
 .ARM.attributes
                0x0000058b       0x34 ./Drivers/STM32L4xx_HAL_Driver/Src/stm32l4xx_hal_uart.o
 .ARM.attributes
                0x000005bf       0x34 ./Drivers/STM32L4xx_HAL_Driver/Src/stm32l4xx_hal_uart_ex.o
 .ARM.attributes
                0x000005f3       0x34 ./FATFS/App/fatfs.o
 .ARM.attributes
                0x00000627       0x34 ./FATFS/Target/user_diskio.o
 .ARM.attributes
                0x0000065b       0x34 ./FATFS/Target/user_diskio_spi.o
 .ARM.attributes
                0x0000068f       0x34 ./Middlewares/Third_Party/FatFs/src/diskio.o
 .ARM.attributes
                0x000006c3       0x34 ./Middlewares/Third_Party/FatFs/src/ff.o
 .ARM.attributes
                0x000006f7       0x34 ./Middlewares/Third_Party/FatFs/src/ff_gen_drv.o
 .ARM.attributes
                0x0000072b       0x34 C:/ST/STM32CubeIDE_1.16.0/STM32CubeIDE/plugins/com.st.stm32cube.ide.mcu.externaltools.gnu-tools-for-stm32.12.3.rel1.win32_1.0.200.202406191623/tools/bin/../lib/gcc/arm-none-eabi/12.3.1/../../../../arm-none-eabi/lib/thumb/v7e-m+fp/hard\libc_nano.a(libc_a-rand.o)
 .ARM.attributes
                0x0000075f       0x34 C:/ST/STM32CubeIDE_1.16.0/STM32CubeIDE/plugins/com.st.stm32cube.ide.mcu.externaltools.gnu-tools-for-stm32.12.3.rel1.win32_1.0.200.202406191623/tools/bin/../lib/gcc/arm-none-eabi/12.3.1/../../../../arm-none-eabi/lib/thumb/v7e-m+fp/hard\libc_nano.a(libc_a-findfp.o)
 .ARM.attributes
                0x00000793       0x34 C:/ST/STM32CubeIDE_1.16.0/STM32CubeIDE/plugins/com.st.stm32cube.ide.mcu.externaltools.gnu-tools-for-stm32.12.3.rel1.win32_1.0.200.202406191623/tools/bin/../lib/gcc/arm-none-eabi/12.3.1/../../../../arm-none-eabi/lib/thumb/v7e-m+fp/hard\libc_nano.a(libc_a-fwalk.o)
 .ARM.attributes
                0x000007c7       0x34 C:/ST/STM32CubeIDE_1.16.0/STM32CubeIDE/plugins/com.st.stm32cube.ide.mcu.externaltools.gnu-tools-for-stm32.12.3.rel1.win32_1.0.200.202406191623/tools/bin/../lib/gcc/arm-none-eabi/12.3.1/../../../../arm-none-eabi/lib/thumb/v7e-m+fp/hard\libc_nano.a(libc_a-sprintf.o)
 .ARM.attributes
                0x000007fb       0x34 C:/ST/STM32CubeIDE_1.16.0/STM32CubeIDE/plugins/com.st.stm32cube.ide.mcu.externaltools.gnu-tools-for-stm32.12.3.rel1.win32_1.0.200.202406191623/tools/bin/../lib/gcc/arm-none-eabi/12.3.1/../../../../arm-none-eabi/lib/thumb/v7e-m+fp/hard\libc_nano.a(libc_a-stdio.o)
 .ARM.attributes
                0x0000082f       0x34 C:/ST/STM32CubeIDE_1.16.0/STM32CubeIDE/plugins/com.st.stm32cube.ide.mcu.externaltools.gnu-tools-for-stm32.12.3.rel1.win32_1.0.200.202406191623/tools/bin/../lib/gcc/arm-none-eabi/12.3.1/../../../../arm-none-eabi/lib/thumb/v7e-m+fp/hard\libc_nano.a(libc_a-memset.o)
 .ARM.attributes
                0x00000863       0x34 C:/ST/STM32CubeIDE_1.16.0/STM32CubeIDE/plugins/com.st.stm32cube.ide.mcu.externaltools.gnu-tools-for-stm32.12.3.rel1.win32_1.0.200.202406191623/tools/bin/../lib/gcc/arm-none-eabi/12.3.1/../../../../arm-none-eabi/lib/thumb/v7e-m+fp/hard\libc_nano.a(libc_a-strcat.o)