Archive member included to satisfy reference by file (symbol)

C:/ST/STM32CubeIDE_1.16.0/STM32CubeIDE/plugins/com.st.stm32cube.ide.mcu.externaltools.gnu-tools-for-stm32.12.3.rel1.win32_1.0.200.202406191623/tools/bin/../lib/gcc/arm-none-eabi/12.3.1/../../../../arm-none-eabi/lib/thumb/v7e-m+fp/hard\libc_nano.a(libc_a-exit.o)
                              C:/ST/STM32CubeIDE_1.16.0/STM32CubeIDE/plugins/com.st.stm32cube.ide.mcu.externaltools.gnu-tools-for-stm32.12.3.rel1.win32_1.0.200.202406191623/tools/bin/../lib/gcc/arm-none-eabi/12.3.1/../../../../arm-none-eabi/lib/thumb/v7e-m+fp/hard/crt0.o (exit)
C:/ST/STM32CubeIDE_1.16.0/STM32CubeIDE/plugins/com.st.stm32cube.ide.mcu.externaltools.gnu-tools-for-stm32.12.3.rel1.win32_1.0.200.202406191623/tools/bin/../lib/gcc/arm-none-eabi/12.3.1/../../../../arm-none-eabi/lib/thumb/v7e-m+fp/hard\libc_nano.a(libc_a-rand.o)
                              ./Core/Src/camera_handler.o (rand)
C:/ST/STM32CubeIDE_1.16.0/STM32CubeIDE/plugins/com.st.stm32cube.ide.mcu.externaltools.gnu-tools-for-stm32.12.3.rel1.win32_1.0.200.202406191623/tools/bin/../lib/gcc/arm-none-eabi/12.3.1/../../../../arm-none-eabi/lib/thumb/v7e-m+fp/hard\libc_nano.a(libc_a-findfp.o)
                              C:/ST/STM32CubeIDE_1.16.0/STM32CubeIDE/plugins/com.st.stm32cube.ide.mcu.externaltools.gnu-tools-for-stm32.12.3.rel1.win32_1.0.200.202406191623/tools/bin/../lib/gcc/arm-none-eabi/12.3.1/../../../../arm-none-eabi/lib/thumb/v7e-m+fp/hard\libc_nano.a(libc_a-exit.o) (__stdio_exit_handler)
C:/ST/STM32CubeIDE_1.16.0/STM32CubeIDE/plugins/com.st.stm32cube.ide.mcu.externaltools.gnu-tools-for-stm32.12.3.rel1.win32_1.0.200.202406191623/tools/bin/../lib/gcc/arm-none-eabi/12.3.1/../../../../arm-none-eabi/lib/thumb/v7e-m+fp/hard\libc_nano.a(libc_a-fwalk.o)
                              C:/ST/STM32CubeIDE_1.16.0/STM32CubeIDE/plugins/com.st.stm32cube.ide.mcu.externaltools.gnu-tools-for-stm32.12.3.rel1.win32_1.0.200.202406191623/tools/bin/../lib/gcc/arm-none-eabi/12.3.1/../../../../arm-none-eabi/lib/thumb/v7e-m+fp/hard\libc_nano.a(libc_a-findfp.o) (_fwalk_sglue)
C:/ST/STM32CubeIDE_1.16.0/STM32CubeIDE/plugins/com.st.stm32cube.ide.mcu.externaltools.gnu-tools-for-stm32.12.3.rel1.win32_1.0.200.202406191623/tools/bin/../lib/gcc/arm-none-eabi/12.3.1/../../../../arm-none-eabi/lib/thumb/v7e-m+fp/hard\libc_nano.a(libc_a-sprintf.o)
                              ./Core/Src/camera_handler.o (sprintf)
C:/ST/STM32CubeIDE_1.16.0/STM32CubeIDE/plugins/com.st.stm32cube.ide.mcu.externaltools.gnu-tools-for-stm32.12.3.rel1.win32_1.0.200.202406191623/tools/bin/../lib/gcc/arm-none-eabi/12.3.1/../../../../arm-none-eabi/lib/thumb/v7e-m+fp/hard\libc_nano.a(libc_a-stdio.o)
                              C:/ST/STM32CubeIDE_1.16.0/STM32CubeIDE/plugins/com.st.stm32cube.ide.mcu.externaltools.gnu-tools-for-stm32.12.3.rel1.win32_1.0.200.202406191623/tools/bin/../lib/gcc/arm-none-eabi/12.3.1/../../../../arm-none-eabi/lib/thumb/v7e-m+fp/hard\libc_nano.a(libc_a-findfp.o) (__sread)
C:/ST/STM32CubeIDE_1.16.0/STM32CubeIDE/plugins/com.st.stm32cube.ide.mcu.externaltools.gnu-tools-for-stm32.12.3.rel1.win32_1.0.200.202406191623/tools/bin/../lib/gcc/arm-none-eabi/12.3.1/../../../../arm-none-eabi/lib/thumb/v7e-m+fp/hard\libc_nano.a(libc_a-memset.o)
                              C:/ST/STM32CubeIDE_1.16.0/STM32CubeIDE/plugins/com.st.stm32cube.ide.mcu.externaltools.gnu-tools-for-stm32.12.3.rel1.win32_1.0.200.202406191623/tools/bin/../lib/gcc/arm-none-eabi/12.3.1/../../../../arm-none-eabi/lib/thumb/v7e-m+fp/hard/crt0.o (memset)
C:/ST/STM32CubeIDE_1.16.0/STM32CubeIDE/plugins/com.st.stm32cube.ide.mcu.externaltools.gnu-tools-for-stm32.12.3.rel1.win32_1.0.200.202406191623/tools/bin/../lib/gcc/arm-none-eabi/12.3.1/../../../../arm-none-eabi/lib/thumb/v7e-m+fp/hard\libc_nano.a(libc_a-strcat.o)
                              ./Core/Src/lcd.o (strcat)
C:/ST/STM32CubeIDE_1.16.0/STM32CubeIDE/plugins/com.st.stm32cube.ide.mcu.externaltools.gnu-tools-for-stm32.12.3.rel1.win32_1.0.200.202406191623/tools/bin/../lib/gcc/arm-none-eabi/12.3.1/../../../../arm-none-eabi/lib/thumb/v7e-m+fp/hard\libc_nano.a(libc_a-closer.o)
                              C:/ST/STM32CubeIDE_1.16.0/STM32CubeIDE/plugins/com.st.stm32cube.ide.mcu.externaltools.gnu-tools-for-stm32.12.3.rel1.win32_1.0.200.202406191623/tools/bin/../lib/gcc/arm-none-eabi/12.3.1/../../../../arm-none-eabi/lib/thumb/v7e-m+fp/hard\libc_nano.a(libc_a-stdio.o) (_close_r)
C:/ST/STM32CubeIDE_1.16.0/STM32CubeIDE/plugins/com.st.stm32cube.ide.mcu.externaltools.gnu-tools-for-stm32.12.3.rel1.win32_1.0.200.202406191623/tools/bin/../lib/gcc/arm-none-eabi/12.3.1/../../../../arm-none-eabi/lib/thumb/v7e-m+fp/hard\libc_nano.a(libc_a-reent.o)
                              C:/ST/STM32CubeIDE_1.16.0/STM32CubeIDE/plugins/com.st.stm32cube.ide.mcu.externaltools.gnu-tools-for-stm32.12.3.rel1.win32_1.0.200.202406191623/tools/bin/../lib/gcc/arm-none-eabi/12.3.1/../../../../arm-none-eabi/lib/thumb/v7e-m+fp/hard\libc_nano.a(libc_a-closer.o) (errno)
[...]
Memory Configuration

Name             Origin             Length             Attributes
RAM              0x20000000         0x00030000         xrw
RAM2             0x10000000         0x00010000         xrw
RAM3             0x20040000         0x00060000         xrw
FLASH            0x08000000         0x00200000         xr
*default*        0x00000000         0xffffffff

Linker script and memory map

LOAD C:/ST/STM32CubeIDE_1.16.0/STM32CubeIDE/plugins/com.st.stm32cube.ide.mcu.externaltools.gnu-tools-for-stm32.12.3.rel1.win32_1.0.200.202406191623/tools/bin/../lib/gcc/arm-none-eabi/12.3.1/thumb/v7e-m+fp/hard/crti.o
LOAD C:/ST/STM32CubeIDE_1.16.0/STM32CubeIDE/plugins/com.st.stm32cube.ide.mcu.externaltools.gnu-tools-for-stm32.12.3.rel1.win32_1.0.200.202406191623/tools/bin/../lib/gcc/arm-none-eabi/12.3.1/thumb/v7e-m+fp/hard/crtbegin.o
LOAD C:/ST/STM32CubeIDE_1.16.0/STM32CubeIDE/plugins/com.st.stm32cube.ide.mcu.externaltools.gnu-tools-for-stm32.12.3.rel1.win32_1.0.200.202406191623/tools/bin/../lib/gcc/arm-none-eabi/12.3.1/../../../../arm-none-eabi/lib/thumb/v7e-m+fp/hard/crt0.o
LOAD ./Core/Src/camera_handler.o
LOAD ./Core/Src/integration.o
LOAD ./Core/Src/ir_sensor.o
LOAD ./Core/Src/lcd.o
LOAD ./Core/Src/load_cell.o
LOAD ./Core/Src/main.o
LOAD ./Core/Src/motor.o
LOAD ./Core/Src/stm32l4xx_hal_msp.o
LOAD ./Core/Src/stm32l4xx_it.o
LOAD ./Core/Src/syscalls.o
LOAD ./Core/Src/sysmem.o
LOAD ./Core/Src/system_stm32l4xx.o
LOAD ./Core/Src/vc0706_driver.o
LOAD ./Core/Startup/startup_stm32l4r5zitxp.o
LOAD ./Drivers/LCD/Src/fonts.o
LOAD ./Drivers/LCD/Src/ili9341.o
LOAD ./Drivers/STM32L4xx_HAL_Driver/Src/stm32l4xx_hal.o
LOAD ./Drivers/STM32L4xx_HAL_Driver/Src/stm32l4xx_hal_adc.o
LOAD ./Drivers/STM32L4xx_HAL_Driver/Src/stm32l4xx_hal_adc_ex.o
LOAD ./Drivers/STM32L4xx_HAL_Driver/Src/stm32l4xx_hal_cortex.o
LOAD ./Drivers/STM32L4xx_HAL_Driver/Src/stm32l4xx_hal_dma.o
LOAD ./Drivers/STM32L4xx_HAL_Driver/Src/stm32l4xx_hal_dma_ex.o
LOAD ./Drivers/STM32L4xx_HAL_Driver/Src/stm32l4xx_hal_exti.o
LOAD ./Drivers/STM32L4xx_HAL_Driver/Src/stm32l4xx_hal_flash.o
LOAD ./Drivers/STM32L4xx_HAL_Driver/Src/stm32l4xx_hal_flash_ex.o
LOAD ./Drivers/STM32L4xx_HAL_Driver/Src/stm32l4xx_hal_flash_ramfunc.o
LOAD ./Drivers/STM32L4xx_HAL_Driver/Src/stm32l4xx_hal_gpio.o
LOAD ./Drivers/STM32L4xx_HAL_Driver/Src/stm32l4xx_hal_i2c.o
LOAD ./Drivers/STM32L4xx_HAL_Driver/Src/stm32l4xx_hal_i2c_ex.o
LOAD ./Drivers/STM32L4xx_HAL_Driver/Src/stm32l4xx_hal_pwr.o
LOAD ./Drivers/STM32L4xx_HAL_Driver/Src/stm32l4xx_hal_pwr_ex.o
LOAD ./Drivers/STM32L4xx_HAL_Driver/Src/stm32l4xx_hal_rcc.o
LOAD ./Drivers/STM32L4xx_HAL_Driver/Src/stm32l4xx_hal_rcc_ex.o
LOAD ./Drivers/STM32L4xx_HAL_Driver/Src/stm32l4xx_hal_spi.o
LOAD ./Drivers/STM32L4xx_HAL_Driver/Src/stm32l4xx_hal_spi_ex.o
LOAD ./Drivers/STM32L4xx_HAL_Driver/Src/stm32l4xx_hal_tim.o
LOAD ./Drivers/STM32L4xx_HAL_Driver/Src/stm32l4xx_hal_tim_ex.o
LOAD ./Drivers/STM32L4xx_HAL_Driver/Src/stm32l4xx_hal_uart.o
LOAD ./Drivers/STM32L4xx_HAL_Driver/Src/stm32l4xx_hal_uart_ex.o
LOAD ./FATFS/App/fatfs.o
LOAD ./FATFS/Target/user_diskio.o
LOAD ./FATFS/Target/user_diskio_spi.o
LOAD ./Middlewares/Third_Party/FatFs/src/diskio.o
LOAD ./Middlewares/Third_Party/FatFs/src/ff.o
LOAD ./Middlewares/Third_Party/FatFs/src/ff_gen_drv.o
LOAD ./Middlewares/Third_Party/FatFs/src/option/syscall.o
START GROUP
LOAD C:/ST/STM32CubeIDE_1.16.0/STM32CubeIDE/plugins/com.st.stm32cube.ide.mcu.externaltools.gnu-tools-for-stm32.12.3.rel1.win32_1.0.200.202406191623/tools/bin/../lib/gcc/arm-none-eabi/12.3.1/../../../../arm-none-eabi/lib/thumb/v7e-m+fp/hard\libc_nano.a
LOAD C:/ST/STM32CubeIDE_1.16.0/STM32CubeIDE/plugins/com.st.stm32cube.ide.mcu.externaltools.gnu-tools-for-stm32.12.3.rel1.win32_1.0.200.202406191623/tools/bin/../lib/gcc/arm-none-eabi/12.3.1/../../../../arm-none-eabi/lib/thumb/v7e-m+fp/hard\libm.a
END GROUP
START GROUP
LOAD C:/ST/STM32CubeIDE_1.16.0/STM32CubeIDE/plugins/com.st.stm32cube.ide.mcu.externaltools.gnu-tools-for-stm32.12.3.rel1.win32_1.0.200.202406191623/tools/bin/../lib/gcc/arm-none-eabi/12.3.1/thumb/v7e-m+fp/hard\libgcc.a
LOAD C:/ST/STM32CubeIDE_1.16.0/STM32CubeIDE/plugins/com.st.stm32cube.ide.mcu.externaltools.gnu-tools-for-stm32.12.3.rel1.win32_1.0.200.202406191623/tools/bin/../lib/gcc/arm-none-eabi/12.3.1/../../../../arm-none-eabi/lib/thumb/v7e-m+fp/hard\libc_nano.a
END GROUP
START GROUP
LOAD C:/ST/STM32CubeIDE_1.16.0/STM32CubeIDE/plugins/com.st.stm32cube.ide.mcu.externaltools.gnu-tools-for-stm32.12.3.rel1.win32_1.0.200.202406191623/tools/bin/../lib/gcc/arm-none-eabi/12.3.1/thumb/v7e-m+fp/hard\libgcc.a
LOAD C:/ST/STM32CubeIDE_1.16.0/STM32CubeIDE/plugins/com.st.stm32cube.ide.mcu.externaltools.gnu-tools-for-stm32.12.3.rel1.win32_1.0.200.202406191623/tools/bin/../lib/gcc/arm-none-eabi/12.3.1/../../../../arm-none-eabi/lib/thumb/v7e-m+fp/hard\libc_nano.a
LOAD C:/ST/STM32CubeIDE_1.16.0/STM32CubeIDE/plugins/com.st.stm32cube.ide.mcu.externaltools.gnu-tools-for-stm32.12.3.rel1.win32_1.0.200.202406191623/tools/bin/../lib/gcc/arm-none-eabi/12.3.1/../../../../arm-none-eabi/lib/thumb/v7e-m+fp/hard\libnosys.a
END GROUP
START GROUP
LOAD C:/ST/STM32CubeIDE_1.16.0/STM32CubeIDE/plugins/com.st.stm32cube.ide.mcu.externaltools.gnu-tools-for-stm32.12.3.rel1.win32_1.0.200.202406191623/tools/bin/../lib/gcc/arm-none-eabi/12.3.1/thumb/v7e-m+fp/hard\libgcc.a
LOAD C:/ST/STM32CubeIDE_1.16.0/STM32CubeIDE/plugins/com.st.stm32cube.ide.mcu.externaltools.gnu-tools-for-stm32.12.3.rel1.win32_1.0.200.202406191623/tools/bin/../lib/gcc/arm-none-eabi/12.3.1/../../../../arm-none-eabi/lib/thumb/v7e-m+fp/hard\libc_nano.a
LOAD C:/ST/STM32CubeIDE_1.16.0/STM32CubeIDE/plugins/com.st.stm32cube.ide.mcu.externaltools.gnu-tools-for-stm32.12.3.rel1.win32_1.0.200.202406191623/tools/bin/../lib/gcc/arm-none-eabi/12.3.1/../../../../arm-none-eabi/lib/thumb/v7e-m+fp/hard\libnosys.a
END GROUP
LOAD C:/ST/STM32CubeIDE_1.16.0/STM32CubeIDE/plugins/com.st.stm32cube.ide.mcu.externaltools.gnu-tools-for-stm32.12.3.rel1.win32_1.0.200.202406191623/tools/bin/../lib/gcc/arm-none-eabi/12.3.1/thumb/v7e-m+fp/hard/crtend.o
LOAD C:/ST/STM32CubeIDE_1.16.0/STM32CubeIDE/plugins/com.st.stm32cube.ide.mcu.externaltools.gnu-tools-for-stm32.12.3.rel1.win32_1.0.200.202406191623/tools/bin/../lib/gcc/arm-none-eabi/12.3.1/thumb/v7e-m+fp/hard/crtn.o
                0x200a0000                        _estack = (ORIGIN (RAM3) + LENGTH (RAM3))
                0x00000200                        _Min_Heap_Size = 0x200
                0x00000400                        _Min_Stack_Size = 0x400

.isr_vector     0x08000000      0x1bc
                0x08000000                        . = ALIGN (0x4)
 *(.isr_vector)
 .isr_vector    0x08000000      0x1bc ./Core/Startup/startup_stm32l4r5zitxp.o
                0x08000000                g_pfnVectors
                0x080001bc                        . = ALIGN (0x4)

.text           0x080001c0     0xc818
                0x080001c0                        . = ALIGN (0x4)
 *(.text)
 .text          0x080001c0       0x40 C:/ST/STM32CubeIDE_1.16.0/STM32CubeIDE/plugins/com.st.stm32cube.ide.mcu.externaltools.gnu-tools-for-stm32.12.3.rel1.win32_1.0.200.202406191623/tools/bin/../lib/gcc/arm-none-eabi/12.3.1/thumb/v7e-m+fp/hard/crtbegin.o
 .text          0x08000200       0xa0 C:/ST/STM32CubeIDE_1.16.0/STM32CubeIDE/plugins/com.st.stm32cube.ide.mcu.externaltools.gnu-tools-for-stm32.12.3.rel1.win32_1.0.200.202406191623/tools/bin/../lib/gcc/arm-none-eabi/12.3.1/../../../../arm-none-eabi/lib/thumb/v7e-m+fp/hard\libc_nano.a(libc_a-memchr.o)
                0x08000200                memchr
 .text          0x080002a0      0x378 C:/ST/STM32CubeIDE_1.16.0/STM32CubeIDE/plugins/com.st.stm32cube.ide.mcu.externaltools.gnu-tools-for-stm32.12.3.rel1.win32_1.0.200.202406191623/tools/bin/../lib/gcc/arm-none-eabi/12.3.1/thumb/v7e-m+fp/hard\libgcc.a(_arm_addsubdf3.o)
                0x080002a0                __aeabi_drsub
                0x080002a8                __aeabi_dsub
                0x080002a8                __subdf3
                0x080002ac                __aeabi_dadd
                0x080002ac                __adddf3
                0x08000524                __floatunsidf
                0x08000524                __aeabi_ui2d
                0x08000544                __floatsidf
                0x08000544                __aeabi_i2d
                0x08000568                __aeabi_f2d
                0x08000568                __extendsfdf2
                0x080005ac                __floatundidf
                0x080005ac                __aeabi_ul2d
                0x080005bc                __floatdidf
                0x080005bc                __aeabi_l2d
 .text          0x08000618      0x424 C:/ST/STM32CubeIDE_1.16.0/STM32CubeIDE/plugins/com.st.stm32cube.ide.mcu.externaltools.gnu-tools-for-stm32.12.3.rel1.win32_1.0.200.202406191623/tools/bin/../lib/gcc/arm-none-eabi/12.3.1/thumb/v7e-m+fp/hard\libgcc.a(_arm_muldivdf3.o)
                0x08000618                __aeabi_dmul
                0x08000618                __muldf3
                0x0800086c                __divdf3
                0x0800086c                __aeabi_ddiv
 .text          0x08000a3c       0xa0 C:/ST/STM32CubeIDE_1.16.0/STM32CubeIDE/plugins/com.st.stm32cube.ide.mcu.externaltools.gnu-tools-for-stm32.12.3.rel1.win32_1.0.200.202406191623/tools/bin/../lib/gcc/arm-none-eabi/12.3.1/thumb/v7e-m+fp/hard\libgcc.a(_arm_truncdfsf2.o)
                0x08000a3c                __truncdfsf2
                0x08000a3c                __aeabi_d2f
 .text          0x08000adc       0x30 C:/ST/STM32CubeIDE_1.16.0/STM32CubeIDE/plugins/com.st.stm32cube.ide.mcu.externaltools.gnu-tools-for-stm32.12.3.rel1.win32_1.0.200.202406191623/tools/bin/../lib/gcc/arm-none-eabi/12.3.1/thumb/v7e-m+fp/hard\libgcc.a(_aeabi_uldivmod.o)
                0x08000adc                __aeabi_uldivmod
 .text          0x08000b0c      0x2bc C:/ST/STM32CubeIDE_1.16.0/STM32CubeIDE/plugins/com.st.stm32cube.ide.mcu.externaltools.gnu-tools-for-stm32.12.3.rel1.win32_1.0.200.202406191623/tools/bin/../lib/gcc/arm-none-eabi/12.3.1/thumb/v7e-m+fp/hard\libgcc.a(_udivmoddi4.o)
                0x08000b0c                __udivmoddi4
 .text          0x08000dc8        0x4 C:/ST/STM32CubeIDE_1.16.0/STM32CubeIDE/plugins/com.st.stm32cube.ide.mcu.externaltools.gnu-tools-for-stm32.12.3.rel1.win32_1.0.200.202406191623/tools/bin/../lib/gcc/arm-none-eabi/12.3.1/thumb/v7e-m+fp/hard\libgcc.a(_dvmd_tls.o)
                0x08000dc8                __aeabi_idiv0
                0x08000dc8                __aeabi_ldiv0
 *(.text*)
 .text.camera_init
                0x08000dcc       0x58 ./Core/Src/camera_handler.o
                0x08000dcc                camera_init
 .text.camera_take_photo
                0x08000e24       0xbc ./Core/Src/camera_handler.o
                0x08000e24                camera_take_photo
 .text.finish_image
                0x08000ee0       0x80 ./Core/Src/camera_handler.o
 .text.process_chunk
                0x08000f60       0x6c ./Core/Src/camera_handler.o
 .text.camera_process
                0x08000fcc       0x32 ./Core/Src/camera_handler.o
                0x08000fcc                camera_process
 *fill*         0x08000ffe        0x2 
 .text.camera_get_ready
                0x08001000       0x18 ./Core/Src/camera_handler.o
                0x08001000                camera_get_ready
 .text.init_peripherals
                0x08001018       0x4c ./Core/Src/integration.o
                0x08001018                init_peripherals
 .text.main_isr
                0x08001064       0x50 ./Core/Src/integration.o
                0x08001064                main_isr
 .text.waiting_for_squirrel_isr
                0x080010b4       0x2c ./Core/Src/integration.o
 .text.detected_squirrel_isr
                0x080010e0       0x3c ./Core/Src/integration.o
 .text.dispensing_isr
                0x0800111c       0x58 ./Core/Src/integration.o
 .text.cooldown_isr
                0x08001174       0x34 ./Core/Src/integration.o
 .text.out_of_food_isr
                0x080011a8       0x2c ./Core/Src/integration.o
 .text.ir_sensor_init
                0x080011d4       0x3c ./Core/Src/ir_sensor.o
                0x080011d4                ir_sensor_init
 .text.read_distance
                0x08001210       0x7c ./Core/Src/ir_sensor.o
 .text.ir_sensor_interrupt_routine
                0x0800128c       0x44 ./Core/Src/ir_sensor.o
                0x0800128c                ir_sensor_interrupt_routine
 .text.get_cur_distance_average
                0x080012d0       0x58 ./Core/Src/ir_sensor.o
                0x080012d0                get_cur_distance_average
 .text.squirrel_clip
                0x08001328       0x24 ./Core/Src/lcd.o
                0x08001328                squirrel_clip
 .text.squirrel_res
                0x0800134c       0x24 ./Core/Src/lcd.o
                0x0800134c                squirrel_res
 .text.display_stats
                0x08001370      0x14c ./Core/Src/lcd.o
                0x08001370                display_stats
 .text.lcd_init
                0x080014bc       0x10 ./Core/Src/lcd.o
                0x080014bc                lcd_init
 .text.lcd_between
                0x080014cc       0x18 ./Core/Src/lcd.o
                0x080014cc                lcd_between
 .text.microDelay
                0x080014e4       0x16 ./Core/Src/load_cell.o
 *fill*         0x080014fa        0x2 
 .text.getHX711
                0x080014fc       0xbc ./Core/Src/load_cell.o
 .text.weigh    0x080015b8       0x84 ./Core/Src/load_cell.o
 .text.ps_init  0x0800163c        0xe ./Core/Src/load_cell.o
                0x0800163c                ps_init
 *fill*         0x0800164a        0x2 
 .text.ps_isr   0x0800164c       0x18 ./Core/Src/load_cell.o
                0x0800164c                ps_isr
 .text.ps_get_reading
                0x08001664       0x18 ./Core/Src/load_cell.o
                0x08001664                ps_get_reading
 .text.main     0x0800167c       0x94 ./Core/Src/main.o
                0x0800167c                main
 .text.SystemClock_Config
                0x08001710       0x8c ./Core/Src/main.o
                0x08001710                SystemClock_Config
 .text.MX_ADC1_Init
                0x0800179c       0xc8 ./Core/Src/main.o
 .text.MX_SPI1_Init
                0x08001864       0x7c ./Core/Src/main.o
 .text.MX_SPI3_Init
                0x080018e0       0x7c ./Core/Src/main.o
 .text.MX_TIM2_Init
                0x0800195c       0x9c ./Core/Src/main.o
 .text.MX_TIM3_Init
                0x080019f8       0x9c ./Core/Src/main.o
 .text.MX_TIM4_Init
                0x08001a94       0x9c ./Core/Src/main.o
 .text.MX_TIM5_Init
                0x08001b30       0x9c ./Core/Src/main.o
 .text.MX_TIM15_Init
                0x08001bcc       0xa4 ./Core/Src/main.o
 .text.MX_TIM16_Init
                0x08001c70       0x4c ./Core/Src/main.o
 .text.MX_USART3_UART_Init
                0x08001cbc       0x98 ./Core/Src/main.o
 .text.MX_GPIO_Init
                0x08001d54      0x2a8 ./Core/Src/main.o
 .text.Error_Handler
                0x08001ffc        0xc ./Core/Src/main.o
                0x08001ffc                Error_Handler
 .text.stepper_rotate_clockwise_ir
                0x08002008       0x9c ./Core/Src/motor.o
                0x08002008                stepper_rotate_clockwise_ir
 .text.motor_start
                0x080020a4       0x28 ./Core/Src/motor.o
                0x080020a4                motor_start
 .text.motor_stop
                0x080020cc       0x2c ./Core/Src/motor.o
                0x080020cc                motor_stop
 .text.HAL_MspInit
                0x080020f8       0x48 ./Core/Src/stm32l4xx_hal_msp.o
                0x080020f8                HAL_MspInit
 .text.HAL_ADC_MspInit
                0x08002140      0x10c ./Core/Src/stm32l4xx_hal_msp.o
                0x08002140                HAL_ADC_MspInit
 .text.HAL_SPI_MspInit
                0x0800224c       0xe8 ./Core/Src/stm32l4xx_hal_msp.o
                0x0800224c                HAL_SPI_MspInit
 .text.HAL_TIM_Base_MspInit
                0x08002334      0x250 ./Core/Src/stm32l4xx_hal_msp.o
                0x08002334                HAL_TIM_Base_MspInit
 .text.HAL_UART_MspInit
                0x08002584       0xbc ./Core/Src/stm32l4xx_hal_msp.o
                0x08002584                HAL_UART_MspInit
 .text.NMI_Handler
                0x08002640        0x8 ./Core/Src/stm32l4xx_it.o
                0x08002640                NMI_Handler
 .text.HardFault_Handler
                0x08002648        0x8 ./Core/Src/stm32l4xx_it.o
                0x08002648                HardFault_Handler
 .text.MemManage_Handler
                0x08002650        0x8 ./Core/Src/stm32l4xx_it.o
                0x08002650                MemManage_Handler
 .text.BusFault_Handler
                0x08002658        0x8 ./Core/Src/stm32l4xx_it.o
                0x08002658                BusFault_Handler
 .text.UsageFault_Handler
                0x08002660        0x8 ./Core/Src/stm32l4xx_it.o
                0x08002660                UsageFault_Handler
 .text.SVC_Handler
                0x08002668        0xe ./Core/Src/stm32l4xx_it.o
                0x08002668                SVC_Handler
 .text.DebugMon_Handler
                0x08002676        0xe ./Core/Src/stm32l4xx_it.o
                0x08002676                DebugMon_Handler
 .text.PendSV_Handler
                0x08002684        0xe ./Core/Src/stm32l4xx_it.o
                0x08002684                PendSV_Handler
 .text.SysTick_Handler
                0x08002692        0xc ./Core/Src/stm32l4xx_it.o
                0x08002692                SysTick_Handler
 *fill*         0x0800269e        0x2 
 .text.TIM1_BRK_TIM15_IRQHandler
                0x080026a0       0x14 ./Core/Src/stm32l4xx_it.o
                0x080026a0                TIM1_BRK_TIM15_IRQHandler
 .text.TIM1_UP_TIM16_IRQHandler
                0x080026b4       0x18 ./Core/Src/stm32l4xx_it.o
                0x080026b4                TIM1_UP_TIM16_IRQHandler
 .text.TIM3_IRQHandler
                0x080026cc       0x20 ./Core/Src/stm32l4xx_it.o
                0x080026cc                TIM3_IRQHandler
 .text.TIM4_IRQHandler
                0x080026ec       0x18 ./Core/Src/stm32l4xx_it.o
                0x080026ec                TIM4_IRQHandler
 .text.TIM5_IRQHandler
                0x08002704       0x1c ./Core/Src/stm32l4xx_it.o
                0x08002704                TIM5_IRQHandler
 .text._getpid  0x08002720       0x10 ./Core/Src/syscalls.o
                0x08002720                _getpid
 .text._kill    0x08002730       0x20 ./Core/Src/syscalls.o
                0x08002730                _kill
 .text._exit    0x08002750       0x16 ./Core/Src/syscalls.o
                0x08002750                _exit
 .text._read    0x08002766       0x3a ./Core/Src/syscalls.o
                0x08002766                _read
 .text._write   0x080027a0       0x38 ./Core/Src/syscalls.o
                0x080027a0                _write
 .text._close   0x080027d8       0x18 ./Core/Src/syscalls.o
                0x080027d8                _close
 .text._fstat   0x080027f0       0x20 ./Core/Src/syscalls.o
                0x080027f0                _fstat
 .text._isatty  0x08002810       0x16 ./Core/Src/syscalls.o
                0x08002810                _isatty
 .text._lseek   0x08002826       0x1a ./Core/Src/syscalls.o
                0x08002826                _lseek
 .text._sbrk    0x08002840       0x6c ./Core/Src/sysmem.o
                0x08002840                _sbrk
 .text.SystemInit
                0x080028ac       0x24 ./Core/Src/system_stm32l4xx.o
                0x080028ac                SystemInit
 .text.VC0706_SendCommand
                0x080028d0       0x68 ./Core/Src/vc0706_driver.o
                0x080028d0                VC0706_SendCommand
 .text.VC0706_TakePhoto
                0x08002938       0x70 ./Core/Src/vc0706_driver.o
                0x08002938                VC0706_TakePhoto
 .text.VC0706_StopCapture
                0x080029a8       0x6c ./Core/Src/vc0706_driver.o
                0x080029a8                VC0706_StopCapture
 .text.VC0706_ReadImageDataLength
                0x08002a14       0x54 ./Core/Src/vc0706_driver.o
                0x08002a14                VC0706_ReadImageDataLength
 .text.VC0706_ReadImageBlock
                0x08002a68       0x7c ./Core/Src/vc0706_driver.o
                0x08002a68                VC0706_ReadImageBlock
 .text.Reset_Handler
                0x08002ae4       0x50 ./Core/Startup/startup_stm32l4r5zitxp.o
                0x08002ae4                Reset_Handler
 .text.Default_Handler
                0x08002b34        0x2 ./Core/Startup/startup_stm32l4r5zitxp.o
                0x08002b34                RTC_Alarm_IRQHandler
                0x08002b34                EXTI2_IRQHandler
                0x08002b34                TIM8_TRG_COM_IRQHandler
                0x08002b34                TIM8_CC_IRQHandler
                0x08002b34                TIM1_CC_IRQHandler
                0x08002b34                TSC_IRQHandler
                0x08002b34                TAMP_STAMP_IRQHandler
                0x08002b34                EXTI3_IRQHandler
                0x08002b34                LPTIM2_IRQHandler
                0x08002b34                DFSDM1_FLT1_IRQHandler
                0x08002b34                GFXMMU_IRQHandler
                0x08002b34                I2C3_ER_IRQHandler
                0x08002b34                DFSDM1_FLT2_IRQHandler
                0x08002b34                EXTI0_IRQHandler
                0x08002b34                I2C2_EV_IRQHandler
                0x08002b34                CAN1_RX0_IRQHandler
                0x08002b34                FPU_IRQHandler
                0x08002b34                LTDC_ER_IRQHandler
                0x08002b34                SPI1_IRQHandler
                0x08002b34                OCTOSPI1_IRQHandler
                0x08002b34                TIM6_DAC_IRQHandler
                0x08002b34                DCMI_IRQHandler
                0x08002b34                TIM8_UP_IRQHandler
                0x08002b34                OCTOSPI2_IRQHandler
                0x08002b34                DMA2_Channel2_IRQHandler
                0x08002b34                DMA1_Channel4_IRQHandler
                0x08002b34                SAI2_IRQHandler
                0x08002b34                ADC1_IRQHandler
                0x08002b34                DFSDM1_FLT3_IRQHandler
                0x08002b34                USART3_IRQHandler
                0x08002b34                DMA1_Channel7_IRQHandler
                0x08002b34                CAN1_RX1_IRQHandler
                0x08002b34                UART5_IRQHandler
                0x08002b34                DMA2_Channel1_IRQHandler
                0x08002b34                I2C1_EV_IRQHandler
                0x08002b34                DMAMUX1_OVR_IRQHandler
                0x08002b34                DMA1_Channel6_IRQHandler
                0x08002b34                UART4_IRQHandler
                0x08002b34                DMA2_Channel4_IRQHandler
                0x08002b34                RCC_IRQHandler
                0x08002b34                DMA1_Channel1_IRQHandler
                0x08002b34                Default_Handler
                0x08002b34                DMA2_Channel7_IRQHandler
                0x08002b34                EXTI15_10_IRQHandler
                0x08002b34                TIM7_IRQHandler
                0x08002b34                SDMMC1_IRQHandler
                0x08002b34                I2C3_EV_IRQHandler
                0x08002b34                EXTI9_5_IRQHandler
                0x08002b34                RTC_WKUP_IRQHandler
                0x08002b34                LTDC_IRQHandler
                0x08002b34                PVD_PVM_IRQHandler
                0x08002b34                SPI2_IRQHandler
                0x08002b34                CAN1_TX_IRQHandler
                0x08002b34                DMA2_Channel5_IRQHandler
                0x08002b34                CRS_IRQHandler
                0x08002b34                DMA1_Channel5_IRQHandler
                0x08002b34                EXTI4_IRQHandler
                0x08002b34                RNG_IRQHandler
                0x08002b34                TIM1_TRG_COM_TIM17_IRQHandler
                0x08002b34                DMA1_Channel3_IRQHandler
                0x08002b34                COMP_IRQHandler
                0x08002b34                WWDG_IRQHandler
                0x08002b34                I2C4_EV_IRQHandler
                0x08002b34                LPUART1_IRQHandler
                0x08002b34                DMA2_Channel6_IRQHandler
                0x08002b34                TIM2_IRQHandler
                0x08002b34                DMA2D_IRQHandler
                0x08002b34                EXTI1_IRQHandler
                0x08002b34                USART2_IRQHandler
                0x08002b34                DFSDM1_FLT0_IRQHandler
                0x08002b34                I2C2_ER_IRQHandler
                0x08002b34                DMA1_Channel2_IRQHandler
                0x08002b34                TIM8_BRK_IRQHandler
                0x08002b34                CAN1_SCE_IRQHandler
                0x08002b34                FLASH_IRQHandler
                0x08002b34                USART1_IRQHandler
                0x08002b34                OTG_FS_IRQHandler
                0x08002b34                SPI3_IRQHandler
                0x08002b34                I2C1_ER_IRQHandler
                0x08002b34                FMC_IRQHandler
                0x08002b34                LPTIM1_IRQHandler
                0x08002b34                I2C4_ER_IRQHandler
                0x08002b34                SAI1_IRQHandler
                0x08002b34                DMA2_Channel3_IRQHandler
 .text.ILI9341_Select
                0x08002b36       0x14 ./Drivers/LCD/Src/ili9341.o
 .text.ILI9341_Unselect
                0x08002b4a       0x14 ./Drivers/LCD/Src/ili9341.o
                0x08002b4a                ILI9341_Unselect
 *fill*         0x08002b5e        0x2 
 .text.ILI9341_Reset
                0x08002b60       0x28 ./Drivers/LCD/Src/ili9341.o
 .text.ILI9341_WriteCommand
                0x08002b88       0x34 ./Drivers/LCD/Src/ili9341.o
 .text.ILI9341_WriteData
                0x08002bbc       0x5c ./Drivers/LCD/Src/ili9341.o
 .text.ILI9341_SetAddressWindow
                0x08002c18       0x90 ./Drivers/LCD/Src/ili9341.o
 .text.ILI9341_Init
                0x08002ca8      0x25c ./Drivers/LCD/Src/ili9341.o
                0x08002ca8                ILI9341_Init
 .text.ILI9341_WriteChar
                0x08002f04       0xe4 ./Drivers/LCD/Src/ili9341.o
 .text.ILI9341_WriteString
                0x08002fe8       0x96 ./Drivers/LCD/Src/ili9341.o
                0x08002fe8                ILI9341_WriteString
 *fill*         0x0800307e        0x2 
 .text.ILI9341_FillRectangle
                0x08003080       0xdc ./Drivers/LCD/Src/ili9341.o
                0x08003080                ILI9341_FillRectangle
 .text.ILI9341_FillScreen
                0x0800315c       0x24 ./Drivers/LCD/Src/ili9341.o
                0x0800315c                ILI9341_FillScreen
 .text.ILI9341_DrawImage
                0x08003180       0x90 ./Drivers/LCD/Src/ili9341.o
                0x08003180                ILI9341_DrawImage
 .text.HAL_Init
                0x08003210       0x30 ./Drivers/STM32L4xx_HAL_Driver/Src/stm32l4xx_hal.o
                0x08003210                HAL_Init
 .text.HAL_InitTick
                0x08003240       0x78 ./Drivers/STM32L4xx_HAL_Driver/Src/stm32l4xx_hal.o
                0x08003240                HAL_InitTick
 .text.HAL_IncTick
                0x080032b8       0x28 ./Drivers/STM32L4xx_HAL_Driver/Src/stm32l4xx_hal.o
                0x080032b8                HAL_IncTick
 .text.HAL_GetTick
                0x080032e0       0x18 ./Drivers/STM32L4xx_HAL_Driver/Src/stm32l4xx_hal.o
                0x080032e0                HAL_GetTick
 .text.HAL_Delay
                0x080032f8       0x48 ./Drivers/STM32L4xx_HAL_Driver/Src/stm32l4xx_hal.o
                0x080032f8                HAL_Delay
 .text.LL_ADC_SetCommonClock
                0x08003340       0x26 ./Drivers/STM32L4xx_HAL_Driver/Src/stm32l4xx_hal_adc.o
 .text.LL_ADC_SetCommonPathInternalCh
                0x08003366       0x26 ./Drivers/STM32L4xx_HAL_Driver/Src/stm32l4xx_hal_adc.o
 .text.LL_ADC_GetCommonPathInternalCh
                0x0800338c       0x1c ./Drivers/STM32L4xx_HAL_Driver/Src/stm32l4xx_hal_adc.o
 .text.LL_ADC_SetOffset
                0x080033a8       0x48 ./Drivers/STM32L4xx_HAL_Driver/Src/stm32l4xx_hal_adc.o
 .text.LL_ADC_GetOffsetChannel
                0x080033f0       0x2c ./Drivers/STM32L4xx_HAL_Driver/Src/stm32l4xx_hal_adc.o
 .text.LL_ADC_SetOffsetState
                0x0800341c       0x36 ./Drivers/STM32L4xx_HAL_Driver/Src/stm32l4xx_hal_adc.o
 .text.LL_ADC_SetSamplingTimeCommonConfig
                0x08003452       0x26 ./Drivers/STM32L4xx_HAL_Driver/Src/stm32l4xx_hal_adc.o
 .text.LL_ADC_REG_IsTriggerSourceSWStart
                0x08003478       0x26 ./Drivers/STM32L4xx_HAL_Driver/Src/stm32l4xx_hal_adc.o
 .text.LL_ADC_REG_SetSequencerRanks
                0x0800349e       0x58 ./Drivers/STM32L4xx_HAL_Driver/Src/stm32l4xx_hal_adc.o
 .text.LL_ADC_SetChannelSamplingTime
                0x080034f6       0x56 ./Drivers/STM32L4xx_HAL_Driver/Src/stm32l4xx_hal_adc.o
 .text.LL_ADC_SetChannelSingleDiff
                0x0800354c       0x48 ./Drivers/STM32L4xx_HAL_Driver/Src/stm32l4xx_hal_adc.o
 .text.LL_ADC_DisableDeepPowerDown
                0x08003594       0x24 ./Drivers/STM32L4xx_HAL_Driver/Src/stm32l4xx_hal_adc.o
 .text.LL_ADC_IsDeepPowerDownEnabled
                0x080035b8       0x28 ./Drivers/STM32L4xx_HAL_Driver/Src/stm32l4xx_hal_adc.o
 .text.LL_ADC_EnableInternalRegulator
                0x080035e0       0x28 ./Drivers/STM32L4xx_HAL_Driver/Src/stm32l4xx_hal_adc.o
 .text.LL_ADC_IsInternalRegulatorEnabled
                0x08003608       0x28 ./Drivers/STM32L4xx_HAL_Driver/Src/stm32l4xx_hal_adc.o
 .text.LL_ADC_Enable
                0x08003630       0x28 ./Drivers/STM32L4xx_HAL_Driver/Src/stm32l4xx_hal_adc.o
 .text.LL_ADC_IsEnabled
                0x08003658       0x26 ./Drivers/STM32L4xx_HAL_Driver/Src/stm32l4xx_hal_adc.o
 .text.LL_ADC_REG_StartConversion
                0x0800367e       0x28 ./Drivers/STM32L4xx_HAL_Driver/Src/stm32l4xx_hal_adc.o
 .text.LL_ADC_REG_IsConversionOngoing
                0x080036a6       0x26 ./Drivers/STM32L4xx_HAL_Driver/Src/stm32l4xx_hal_adc.o
 .text.LL_ADC_INJ_IsConversionOngoing
                0x080036cc       0x26 ./Drivers/STM32L4xx_HAL_Driver/Src/stm32l4xx_hal_adc.o
 *fill*         0x080036f2        0x2 
 .text.HAL_ADC_Init
                0x080036f4      0x28c ./Drivers/STM32L4xx_HAL_Driver/Src/stm32l4xx_hal_adc.o
                0x080036f4                HAL_ADC_Init
 .text.HAL_ADC_Start
                0x08003980       0xc6 ./Drivers/STM32L4xx_HAL_Driver/Src/stm32l4xx_hal_adc.o
                0x08003980                HAL_ADC_Start
 .text.HAL_ADC_PollForConversion
                0x08003a46      0x11e ./Drivers/STM32L4xx_HAL_Driver/Src/stm32l4xx_hal_adc.o
                0x08003a46                HAL_ADC_PollForConversion
 .text.HAL_ADC_GetValue
                0x08003b64       0x1a ./Drivers/STM32L4xx_HAL_Driver/Src/stm32l4xx_hal_adc.o
                0x08003b64                HAL_ADC_GetValue
 *fill*         0x08003b7e        0x2 
 .text.HAL_ADC_ConfigChannel
                0x08003b80      0x7f8 ./Drivers/STM32L4xx_HAL_Driver/Src/stm32l4xx_hal_adc.o
                0x08003b80                HAL_ADC_ConfigChannel
 .text.ADC_Enable
                0x08004378      0x10c ./Drivers/STM32L4xx_HAL_Driver/Src/stm32l4xx_hal_adc.o
                0x08004378                ADC_Enable
 .text.__NVIC_SetPriorityGrouping
                0x08004484       0x48 ./Drivers/STM32L4xx_HAL_Driver/Src/stm32l4xx_hal_cortex.o
 .text.__NVIC_GetPriorityGrouping
                0x080044cc       0x1c ./Drivers/STM32L4xx_HAL_Driver/Src/stm32l4xx_hal_cortex.o
 .text.__NVIC_EnableIRQ
                0x080044e8       0x3c ./Drivers/STM32L4xx_HAL_Driver/Src/stm32l4xx_hal_cortex.o
 .text.__NVIC_SetPriority
                0x08004524       0x54 ./Drivers/STM32L4xx_HAL_Driver/Src/stm32l4xx_hal_cortex.o
 .text.NVIC_EncodePriority
                0x08004578       0x66 ./Drivers/STM32L4xx_HAL_Driver/Src/stm32l4xx_hal_cortex.o
 *fill*         0x080045de        0x2 
 .text.SysTick_Config
                0x080045e0       0x44 ./Drivers/STM32L4xx_HAL_Driver/Src/stm32l4xx_hal_cortex.o
 .text.HAL_NVIC_SetPriorityGrouping
                0x08004624       0x16 ./Drivers/STM32L4xx_HAL_Driver/Src/stm32l4xx_hal_cortex.o
                0x08004624                HAL_NVIC_SetPriorityGrouping
 .text.HAL_NVIC_SetPriority
                0x0800463a       0x38 ./Drivers/STM32L4xx_HAL_Driver/Src/stm32l4xx_hal_cortex.o
                0x0800463a                HAL_NVIC_SetPriority
 .text.HAL_NVIC_EnableIRQ
                0x08004672       0x1c ./Drivers/STM32L4xx_HAL_Driver/Src/stm32l4xx_hal_cortex.o
                0x08004672                HAL_NVIC_EnableIRQ
 .text.HAL_SYSTICK_Config
                0x0800468e       0x18 ./Drivers/STM32L4xx_HAL_Driver/Src/stm32l4xx_hal_cortex.o
                0x0800468e                HAL_SYSTICK_Config
 *fill*         0x080046a6        0x2 
 .text.HAL_GPIO_Init
                0x080046a8      0x324 ./Drivers/STM32L4xx_HAL_Driver/Src/stm32l4xx_hal_gpio.o
                0x080046a8                HAL_GPIO_Init
 .text.HAL_GPIO_ReadPin
                0x080049cc       0x30 ./Drivers/STM32L4xx_HAL_Driver/Src/stm32l4xx_hal_gpio.o
                0x080049cc                HAL_GPIO_ReadPin
 .text.HAL_GPIO_WritePin
                0x080049fc       0x30 ./Drivers/STM32L4xx_HAL_Driver/Src/stm32l4xx_hal_gpio.o
                0x080049fc                HAL_GPIO_WritePin
 .text.HAL_PWREx_GetVoltageRange
                0x08004a2c       0x40 ./Drivers/STM32L4xx_HAL_Driver/Src/stm32l4xx_hal_pwr_ex.o
                0x08004a2c                HAL_PWREx_GetVoltageRange
 .text.HAL_PWREx_ControlVoltageScaling
                0x08004a6c      0x148 ./Drivers/STM32L4xx_HAL_Driver/Src/stm32l4xx_hal_pwr_ex.o
                0x08004a6c                HAL_PWREx_ControlVoltageScaling
 .text.HAL_PWREx_EnableVddIO2
                0x08004bb4       0x20 ./Drivers/STM32L4xx_HAL_Driver/Src/stm32l4xx_hal_pwr_ex.o
                0x08004bb4                HAL_PWREx_EnableVddIO2
 .text.HAL_RCC_OscConfig
                0x08004bd4      0x834 ./Drivers/STM32L4xx_HAL_Driver/Src/stm32l4xx_hal_rcc.o
                0x08004bd4                HAL_RCC_OscConfig
 .text.HAL_RCC_ClockConfig
                0x08005408      0x274 ./Drivers/STM32L4xx_HAL_Driver/Src/stm32l4xx_hal_rcc.o
                0x08005408                HAL_RCC_ClockConfig
 .text.HAL_RCC_GetSysClockFreq
                0x0800567c      0x118 ./Drivers/STM32L4xx_HAL_Driver/Src/stm32l4xx_hal_rcc.o
                0x0800567c                HAL_RCC_GetSysClockFreq
 .text.HAL_RCC_GetHCLKFreq
                0x08005794       0x18 ./Drivers/STM32L4xx_HAL_Driver/Src/stm32l4xx_hal_rcc.o
                0x08005794                HAL_RCC_GetHCLKFreq
 .text.HAL_RCC_GetPCLK1Freq
                0x080057ac       0x2c ./Drivers/STM32L4xx_HAL_Driver/Src/stm32l4xx_hal_rcc.o
                0x080057ac                HAL_RCC_GetPCLK1Freq
 .text.HAL_RCC_GetPCLK2Freq
                0x080057d8       0x2c ./Drivers/STM32L4xx_HAL_Driver/Src/stm32l4xx_hal_rcc.o
                0x080057d8                HAL_RCC_GetPCLK2Freq
 .text.RCC_SetFlashLatencyFromMSIRange
                0x08005804       0xb4 ./Drivers/STM32L4xx_HAL_Driver/Src/stm32l4xx_hal_rcc.o
 .text.RCC_GetSysClockFreqFromPLLSource
                0x080058b8       0xcc ./Drivers/STM32L4xx_HAL_Driver/Src/stm32l4xx_hal_rcc.o
 .text.HAL_RCCEx_PeriphCLKConfig
                0x08005984      0x660 ./Drivers/STM32L4xx_HAL_Driver/Src/stm32l4xx_hal_rcc_ex.o
                0x08005984                HAL_RCCEx_PeriphCLKConfig
 .text.RCCEx_PLLSAI1_Config
                0x08005fe4      0x1e8 ./Drivers/STM32L4xx_HAL_Driver/Src/stm32l4xx_hal_rcc_ex.o
 .text.RCCEx_PLLSAI2_Config
                0x080061cc      0x1e8 ./Drivers/STM32L4xx_HAL_Driver/Src/stm32l4xx_hal_rcc_ex.o
 .text.HAL_SPI_Init
                0x080063b4      0x146 ./Drivers/STM32L4xx_HAL_Driver/Src/stm32l4xx_hal_spi.o
                0x080063b4                HAL_SPI_Init
 .text.HAL_SPI_Transmit
                0x080064fa      0x2ec ./Drivers/STM32L4xx_HAL_Driver/Src/stm32l4xx_hal_spi.o
                0x080064fa                HAL_SPI_Transmit
 .text.HAL_SPI_TransmitReceive
                0x080067e6      0x43e ./Drivers/STM32L4xx_HAL_Driver/Src/stm32l4xx_hal_spi.o
                0x080067e6                HAL_SPI_TransmitReceive
 .text.SPI_WaitFlagStateUntilTimeout
                0x08006c24      0x110 ./Drivers/STM32L4xx_HAL_Driver/Src/stm32l4xx_hal_spi.o
 .text.SPI_WaitFifoStateUntilTimeout
                0x08006d34      0x12c ./Drivers/STM32L4xx_HAL_Driver/Src/stm32l4xx_hal_spi.o
 .text.SPI_EndRxTxTransaction
                0x08006e60       0x8c ./Drivers/STM32L4xx_HAL_Driver/Src/stm32l4xx_hal_spi.o
 .text.HAL_TIM_Base_Init
                0x08006eec       0xae ./Drivers/STM32L4xx_HAL_Driver/Src/stm32l4xx_hal_tim.o
                0x08006eec                HAL_TIM_Base_Init
 *fill*         0x08006f9a        0x2 
 .text.HAL_TIM_Base_Start_IT
                0x08006f9c       0xe0 ./Drivers/STM32L4xx_HAL_Driver/Src/stm32l4xx_hal_tim.o
                0x08006f9c                HAL_TIM_Base_Start_IT
 .text.HAL_TIM_Base_Stop_IT
                0x0800707c       0x5e ./Drivers/STM32L4xx_HAL_Driver/Src/stm32l4xx_hal_tim.o
                0x0800707c                HAL_TIM_Base_Stop_IT
 .text.HAL_TIM_IRQHandler
                0x080070da      0x20e ./Drivers/STM32L4xx_HAL_Driver/Src/stm32l4xx_hal_tim.o
                0x080070da                HAL_TIM_IRQHandler
 .text.HAL_TIM_ConfigClockSource
                0x080072e8      0x192 ./Drivers/STM32L4xx_HAL_Driver/Src/stm32l4xx_hal_tim.o
                0x080072e8                HAL_TIM_ConfigClockSource
 .text.HAL_TIM_PeriodElapsedCallback
                0x0800747a       0x14 ./Drivers/STM32L4xx_HAL_Driver/Src/stm32l4xx_hal_tim.o
                0x0800747a                HAL_TIM_PeriodElapsedCallback
 .text.HAL_TIM_OC_DelayElapsedCallback
                0x0800748e       0x14 ./Drivers/STM32L4xx_HAL_Driver/Src/stm32l4xx_hal_tim.o
                0x0800748e                HAL_TIM_OC_DelayElapsedCallback
 .text.HAL_TIM_IC_CaptureCallback
                0x080074a2       0x14 ./Drivers/STM32L4xx_HAL_Driver/Src/stm32l4xx_hal_tim.o
                0x080074a2                HAL_TIM_IC_CaptureCallback
 .text.HAL_TIM_PWM_PulseFinishedCallback
                0x080074b6       0x14 ./Drivers/STM32L4xx_HAL_Driver/Src/stm32l4xx_hal_tim.o
                0x080074b6                HAL_TIM_PWM_PulseFinishedCallback
 .text.HAL_TIM_TriggerCallback
                0x080074ca       0x14 ./Drivers/STM32L4xx_HAL_Driver/Src/stm32l4xx_hal_tim.o
                0x080074ca                HAL_TIM_TriggerCallback
 *fill*         0x080074de        0x2 
 .text.TIM_Base_SetConfig
                0x080074e0      0x14c ./Drivers/STM32L4xx_HAL_Driver/Src/stm32l4xx_hal_tim.o
                0x080074e0                TIM_Base_SetConfig
 .text.TIM_TI1_ConfigInputStage
                0x0800762c       0x5e ./Drivers/STM32L4xx_HAL_Driver/Src/stm32l4xx_hal_tim.o
 .text.TIM_TI2_ConfigInputStage
                0x0800768a       0x60 ./Drivers/STM32L4xx_HAL_Driver/Src/stm32l4xx_hal_tim.o
 .text.TIM_ITRx_SetConfig
                0x080076ea       0x36 ./Drivers/STM32L4xx_HAL_Driver/Src/stm32l4xx_hal_tim.o
 .text.TIM_ETR_SetConfig
                0x08007720       0x40 ./Drivers/STM32L4xx_HAL_Driver/Src/stm32l4xx_hal_tim.o
                0x08007720                TIM_ETR_SetConfig
 .text.HAL_TIMEx_MasterConfigSynchronization
                0x08007760      0x110 ./Drivers/STM32L4xx_HAL_Driver/Src/stm32l4xx_hal_tim_ex.o
                0x08007760                HAL_TIMEx_MasterConfigSynchronization
 .text.HAL_TIMEx_CommutCallback
                0x08007870       0x14 ./Drivers/STM32L4xx_HAL_Driver/Src/stm32l4xx_hal_tim_ex.o
                0x08007870                HAL_TIMEx_CommutCallback
 .text.HAL_TIMEx_BreakCallback
                0x08007884       0x14 ./Drivers/STM32L4xx_HAL_Driver/Src/stm32l4xx_hal_tim_ex.o
                0x08007884                HAL_TIMEx_BreakCallback
 .text.HAL_TIMEx_Break2Callback
                0x08007898       0x14 ./Drivers/STM32L4xx_HAL_Driver/Src/stm32l4xx_hal_tim_ex.o
                0x08007898                HAL_TIMEx_Break2Callback
 .text.HAL_UART_Init
                0x080078ac       0xa0 ./Drivers/STM32L4xx_HAL_Driver/Src/stm32l4xx_hal_uart.o
                0x080078ac                HAL_UART_Init
 .text.HAL_UART_Transmit
                0x0800794c      0x11c ./Drivers/STM32L4xx_HAL_Driver/Src/stm32l4xx_hal_uart.o
                0x0800794c                HAL_UART_Transmit
 .text.HAL_UART_Receive
                0x08007a68      0x192 ./Drivers/STM32L4xx_HAL_Driver/Src/stm32l4xx_hal_uart.o
                0x08007a68                HAL_UART_Receive
 *fill*         0x08007bfa        0x2 
 .text.UART_SetConfig
                0x08007bfc      0x5f8 ./Drivers/STM32L4xx_HAL_Driver/Src/stm32l4xx_hal_uart.o
                0x08007bfc                UART_SetConfig
 .text.UART_AdvFeatureConfig
                0x080081f4      0x144 ./Drivers/STM32L4xx_HAL_Driver/Src/stm32l4xx_hal_uart.o
                0x080081f4                UART_AdvFeatureConfig
 .text.UART_CheckIdleState
                0x08008338      0x154 ./Drivers/STM32L4xx_HAL_Driver/Src/stm32l4xx_hal_uart.o
                0x08008338                UART_CheckIdleState
 .text.UART_WaitOnFlagUntilTimeout
                0x0800848c       0xda ./Drivers/STM32L4xx_HAL_Driver/Src/stm32l4xx_hal_uart.o
                0x0800848c                UART_WaitOnFlagUntilTimeout
 .text.UART_EndRxTransfer
                0x08008566       0xcc ./Drivers/STM32L4xx_HAL_Driver/Src/stm32l4xx_hal_uart.o
 .text.HAL_UARTEx_DisableFifoMode
                0x08008632       0x72 ./Drivers/STM32L4xx_HAL_Driver/Src/stm32l4xx_hal_uart_ex.o
                0x08008632                HAL_UARTEx_DisableFifoMode
 .text.HAL_UARTEx_SetTxFifoThreshold
                0x080086a4       0x7c ./Drivers/STM32L4xx_HAL_Driver/Src/stm32l4xx_hal_uart_ex.o
                0x080086a4                HAL_UARTEx_SetTxFifoThreshold
 .text.HAL_UARTEx_SetRxFifoThreshold
                0x08008720       0x7c ./Drivers/STM32L4xx_HAL_Driver/Src/stm32l4xx_hal_uart_ex.o
                0x08008720                HAL_UARTEx_SetRxFifoThreshold
 .text.UARTEx_SetNbDataToProcess
                0x0800879c       0x9c ./Drivers/STM32L4xx_HAL_Driver/Src/stm32l4xx_hal_uart_ex.o
 .text.MX_FATFS_Init
                0x08008838       0x24 ./FATFS/App/fatfs.o
                0x08008838                MX_FATFS_Init
 .text.get_fattime
                0x0800885c       0x10 ./FATFS/App/fatfs.o
                0x0800885c                get_fattime
 .text.USER_initialize
                0x0800886c       0x1c ./FATFS/Target/user_diskio.o
                0x0800886c                USER_initialize
 .text.USER_status
                0x08008888       0x1c ./FATFS/Target/user_diskio.o
                0x08008888                USER_status
 .text.USER_read
                0x080088a4       0x26 ./FATFS/Target/user_diskio.o
                0x080088a4                USER_read
 .text.USER_write
                0x080088ca       0x26 ./FATFS/Target/user_diskio.o
                0x080088ca                USER_write
 .text.USER_ioctl
                0x080088f0       0x26 ./FATFS/Target/user_diskio.o
                0x080088f0                USER_ioctl
 *fill*         0x08008916        0x2 
 .text.SPI_Timer_On
                0x08008918       0x28 ./FATFS/Target/user_diskio_spi.o
                0x08008918                SPI_Timer_On
 .text.SPI_Timer_Status
                0x08008940       0x2c ./FATFS/Target/user_diskio_spi.o
                0x08008940                SPI_Timer_Status
 .text.xchg_spi
                0x0800896c       0x2c ./FATFS/Target/user_diskio_spi.o
 .text.rcvr_spi_multi
                0x08008998       0x38 ./FATFS/Target/user_diskio_spi.o
 .text.xmit_spi_multi
                0x080089d0       0x28 ./FATFS/Target/user_diskio_spi.o
 .text.wait_ready
                0x080089f8       0x46 ./FATFS/Target/user_diskio_spi.o
 *fill*         0x08008a3e        0x2 
 .text.despiselect
                0x08008a40       0x20 ./FATFS/Target/user_diskio_spi.o
 .text.spiselect
                0x08008a60       0x38 ./FATFS/Target/user_diskio_spi.o
 .text.rcvr_datablock
                0x08008a98       0x52 ./FATFS/Target/user_diskio_spi.o
 .text.xmit_datablock
                0x08008aea       0x64 ./FATFS/Target/user_diskio_spi.o
 .text.send_cmd
                0x08008b4e       0xde ./FATFS/Target/user_diskio_spi.o
 .text.USER_SPI_initialize
                0x08008c2c      0x1d8 ./FATFS/Target/user_diskio_spi.o
                0x08008c2c                USER_SPI_initialize
 .text.USER_SPI_status
                0x08008e04       0x2c ./FATFS/Target/user_diskio_spi.o
                0x08008e04                USER_SPI_status
 .text.USER_SPI_read
                0x08008e30       0xcc ./FATFS/Target/user_diskio_spi.o
                0x08008e30                USER_SPI_read
 .text.USER_SPI_write
                0x08008efc       0xf8 ./FATFS/Target/user_diskio_spi.o
                0x08008efc                USER_SPI_write
 .text.USER_SPI_ioctl
                0x08008ff4      0x2e0 ./FATFS/Target/user_diskio_spi.o
                0x08008ff4                USER_SPI_ioctl
 .text.disk_status
                0x080092d4       0x34 ./Middlewares/Third_Party/FatFs/src/diskio.o
                0x080092d4                disk_status
 .text.disk_initialize
                0x08009308       0x4c ./Middlewares/Third_Party/FatFs/src/diskio.o
                0x08009308                disk_initialize
 .text.disk_read
                0x08009354       0x40 ./Middlewares/Third_Party/FatFs/src/diskio.o
                0x08009354                disk_read
 .text.disk_write
                0x08009394       0x40 ./Middlewares/Third_Party/FatFs/src/diskio.o
                0x08009394                disk_write
 .text.disk_ioctl
                0x080093d4       0x3c ./Middlewares/Third_Party/FatFs/src/diskio.o
                0x080093d4                disk_ioctl
 .text.ld_word  0x08009410       0x30 ./Middlewares/Third_Party/FatFs/src/ff.o
 .text.ld_dword
                0x08009440       0x46 ./Middlewares/Third_Party/FatFs/src/ff.o
 .text.st_word  0x08009486       0x36 ./Middlewares/Third_Party/FatFs/src/ff.o
 .text.st_dword
                0x080094bc       0x58 ./Middlewares/Third_Party/FatFs/src/ff.o
 .text.mem_cpy  0x08009514       0x42 ./Middlewares/Third_Party/FatFs/src/ff.o
 .text.mem_set  0x08009556       0x36 ./Middlewares/Third_Party/FatFs/src/ff.o
 .text.mem_cmp  0x0800958c       0x4e ./Middlewares/Third_Party/FatFs/src/ff.o
 .text.chk_chr  0x080095da       0x36 ./Middlewares/Third_Party/FatFs/src/ff.o
 .text.chk_lock
                0x08009610       0xb8 ./Middlewares/Third_Party/FatFs/src/ff.o
 .text.enq_lock
                0x080096c8       0x44 ./Middlewares/Third_Party/FatFs/src/ff.o
 .text.inc_lock
                0x0800970c      0x11c ./Middlewares/Third_Party/FatFs/src/ff.o
 .text.dec_lock
                0x08009828       0x78 ./Middlewares/Third_Party/FatFs/src/ff.o
 .text.clear_lock
                0x080098a0       0x48 ./Middlewares/Third_Party/FatFs/src/ff.o
 .text.sync_window
                0x080098e8       0x88 ./Middlewares/Third_Party/FatFs/src/ff.o
 .text.move_window
                0x08009970       0x5a ./Middlewares/Third_Party/FatFs/src/ff.o
 *fill*         0x080099ca        0x2 
 .text.sync_fs  0x080099cc       0xdc ./Middlewares/Third_Party/FatFs/src/ff.o
 .text.clust2sect
                0x08009aa8       0x3e ./Middlewares/Third_Party/FatFs/src/ff.o
 .text.get_fat  0x08009ae6      0x14e ./Middlewares/Third_Party/FatFs/src/ff.o
 .text.put_fat  0x08009c34      0x1d4 ./Middlewares/Third_Party/FatFs/src/ff.o
 .text.remove_chain
                0x08009e08       0xca ./Middlewares/Third_Party/FatFs/src/ff.o
 .text.create_chain
                0x08009ed2      0x130 ./Middlewares/Third_Party/FatFs/src/ff.o
 .text.clmt_clust
                0x0800a002       0x68 ./Middlewares/Third_Party/FatFs/src/ff.o
 .text.dir_sdi  0x0800a06a       0xf6 ./Middlewares/Third_Party/FatFs/src/ff.o
 .text.dir_next
                0x0800a160      0x18a ./Middlewares/Third_Party/FatFs/src/ff.o
 .text.dir_alloc
                0x0800a2ea       0x8e ./Middlewares/Third_Party/FatFs/src/ff.o
 .text.ld_clust
                0x0800a378       0x3e ./Middlewares/Third_Party/FatFs/src/ff.o
 .text.st_clust
                0x0800a3b6       0x40 ./Middlewares/Third_Party/FatFs/src/ff.o
 .text.dir_find
                0x0800a3f6       0xaa ./Middlewares/Third_Party/FatFs/src/ff.o
 .text.dir_register
                0x0800a4a0       0x64 ./Middlewares/Third_Party/FatFs/src/ff.o
 .text.create_name
                0x0800a504      0x128 ./Middlewares/Third_Party/FatFs/src/ff.o
 .text.follow_path
                0x0800a62c       0xe2 ./Middlewares/Third_Party/FatFs/src/ff.o
 .text.get_ldnumber
                0x0800a70e       0x88 ./Middlewares/Third_Party/FatFs/src/ff.o
 *fill*         0x0800a796        0x2 
 .text.check_fs
                0x0800a798       0xac ./Middlewares/Third_Party/FatFs/src/ff.o
 .text.find_volume
                0x0800a844      0x498 ./Middlewares/Third_Party/FatFs/src/ff.o
 .text.validate
                0x0800acdc       0x6a ./Middlewares/Third_Party/FatFs/src/ff.o
 *fill*         0x0800ad46        0x2 
 .text.f_mount  0x0800ad48       0x8c ./Middlewares/Third_Party/FatFs/src/ff.o
                0x0800ad48                f_mount
 .text.f_open   0x0800add4      0x374 ./Middlewares/Third_Party/FatFs/src/ff.o
                0x0800add4                f_open
 .text.f_write  0x0800b148      0x2ea ./Middlewares/Third_Party/FatFs/src/ff.o
                0x0800b148                f_write
 .text.f_sync   0x0800b432       0xfc ./Middlewares/Third_Party/FatFs/src/ff.o
                0x0800b432                f_sync
 .text.f_close  0x0800b52e       0x54 ./Middlewares/Third_Party/FatFs/src/ff.o
                0x0800b52e                f_close
 *fill*         0x0800b582        0x2 
 .text.FATFS_LinkDriverEx
                0x0800b584       0x98 ./Middlewares/Third_Party/FatFs/src/ff_gen_drv.o
                0x0800b584                FATFS_LinkDriverEx
 .text.FATFS_LinkDriver
                0x0800b61c       0x1e ./Middlewares/Third_Party/FatFs/src/ff_gen_drv.o
                0x0800b61c                FATFS_LinkDriver
 *fill*         0x0800b63a        0x2 
 .text.rand     0x0800b63c       0x7c C:/ST/STM32CubeIDE_1.16.0/STM32CubeIDE/plugins/com.st.stm32cube.ide.mcu.externaltools.gnu-tools-for-stm32.12.3.rel1.win32_1.0.200.202406191623/tools/bin/../lib/gcc/arm-none-eabi/12.3.1/../../../../arm-none-eabi/lib/thumb/v7e-m+fp/hard\libc_nano.a(libc_a-rand.o)
                0x0800b63c                rand
 .text.std      0x0800b6b8       0x6c C:/ST/STM32CubeIDE_1.16.0/STM32CubeIDE/plugins/com.st.stm32cube.ide.mcu.externaltools.gnu-tools-for-stm32.12.3.rel1.win32_1.0.200.202406191623/tools/bin/../lib/gcc/arm-none-eabi/12.3.1/../../../../arm-none-eabi/lib/thumb/v7e-m+fp/hard\libc_nano.a(libc_a-findfp.o)
 .text.stdio_exit_handler
                0x0800b724       0x18 C:/ST/STM32CubeIDE_1.16.0/STM32CubeIDE/plugins/com.st.stm32cube.ide.mcu.externaltools.gnu-tools-for-stm32.12.3.rel1.win32_1.0.200.202406191623/tools/bin/../lib/gcc/arm-none-eabi/12.3.1/../../../../arm-none-eabi/lib/thumb/v7e-m+fp/hard\libc_nano.a(libc_a-findfp.o)
 .text.cleanup_stdio
                0x0800b73c       0x40 C:/ST/STM32CubeIDE_1.16.0/STM32CubeIDE/plugins/com.st.stm32cube.ide.mcu.externaltools.gnu-tools-for-stm32.12.3.rel1.win32_1.0.200.202406191623/tools/bin/../lib/gcc/arm-none-eabi/12.3.1/../../../../arm-none-eabi/lib/thumb/v7e-m+fp/hard\libc_nano.a(libc_a-findfp.o)
 .text.global_stdio_init.part.0
                0x0800b77c       0x3c C:/ST/STM32CubeIDE_1.16.0/STM32CubeIDE/plugins/com.st.stm32cube.ide.mcu.externaltools.gnu-tools-for-stm32.12.3.rel1.win32_1.0.200.202406191623/tools/bin/../lib/gcc/arm-none-eabi/12.3.1/../../../../arm-none-eabi/lib/thumb/v7e-m+fp/hard\libc_nano.a(libc_a-findfp.o)
 .text.__sfp_lock_acquire
                0x0800b7b8        0xc C:/ST/STM32CubeIDE_1.16.0/STM32CubeIDE/plugins/com.st.stm32cube.ide.mcu.externaltools.gnu-tools-for-stm32.12.3.rel1.win32_1.0.200.202406191623/tools/bin/../lib/gcc/arm-none-eabi/12.3.1/../../../../arm-none-eabi/lib/thumb/v7e-m+fp/hard\libc_nano.a(libc_a-findfp.o)
                0x0800b7b8                __sfp_lock_acquire
 .text.__sfp_lock_release
                0x0800b7c4        0xc C:/ST/STM32CubeIDE_1.16.0/STM32CubeIDE/plugins/com.st.stm32cube.ide.mcu.externaltools.gnu-tools-for-stm32.12.3.rel1.win32_1.0.200.202406191623/tools/bin/../lib/gcc/arm-none-eabi/12.3.1/../../../../arm-none-eabi/lib/thumb/v7e-m+fp/hard\libc_nano.a(libc_a-findfp.o)
                0x0800b7c4                __sfp_lock_release
 .text.__sinit  0x0800b7d0       0x30 C:/ST/STM32CubeIDE_1.16.0/STM32CubeIDE/plugins/com.st.stm32cube.ide.mcu.externaltools.gnu-tools-for-stm32.12.3.rel1.win32_1.0.200.202406191623/tools/bin/../lib/gcc/arm-none-eabi/12.3.1/../../../../arm-none-eabi/lib/thumb/v7e-m+fp/hard\libc_nano.a(libc_a-findfp.o)
                0x0800b7d0                __sinit
 .text._fwalk_sglue
                0x0800b800       0x3c C:/ST/STM32CubeIDE_1.16.0/STM32CubeIDE/plugins/com.st.stm32cube.ide.mcu.externaltools.gnu-tools-for-stm32.12.3.rel1.win32_1.0.200.202406191623/tools/bin/../lib/gcc/arm-none-eabi/12.3.1/../../../../arm-none-eabi/lib/thumb/v7e-m+fp/hard\libc_nano.a(libc_a-fwalk.o)
                0x0800b800                _fwalk_sglue
 .text.sprintf  0x0800b83c       0x40 C:/ST/STM32CubeIDE_1.16.0/STM32CubeIDE/plugins/com.st.stm32cube.ide.mcu.externaltools.gnu-tools-for-stm32.12.3.rel1.win32_1.0.200.202406191623/tools/bin/../lib/gcc/arm-none-eabi/12.3.1/../../../../arm-none-eabi/lib/thumb/v7e-m+fp/hard\libc_nano.a(libc_a-sprintf.o)
                0x0800b83c                siprintf
                0x0800b83c                sprintf
 .text.__sread  0x0800b87c       0x22 C:/ST/STM32CubeIDE_1.16.0/STM32CubeIDE/plugins/com.st.stm32cube.ide.mcu.externaltools.gnu-tools-for-stm32.12.3.rel1.win32_1.0.200.202406191623/tools/bin/../lib/gcc/arm-none-eabi/12.3.1/../../../../arm-none-eabi/lib/thumb/v7e-m+fp/hard\libc_nano.a(libc_a-stdio.o)
                0x0800b87c                __sread
 .text.__swrite
                0x0800b89e       0x38 C:/ST/STM32CubeIDE_1.16.0/STM32CubeIDE/plugins/com.st.stm32cube.ide.mcu.externaltools.gnu-tools-for-stm32.12.3.rel1.win32_1.0.200.202406191623/tools/bin/../lib/gcc/arm-none-eabi/12.3.1/../../../../arm-none-eabi/lib/thumb/v7e-m+fp/hard\libc_nano.a(libc_a-stdio.o)
                0x0800b89e                __swrite
 .text.__sseek  0x0800b8d6       0x24 C:/ST/STM32CubeIDE_1.16.0/STM32CubeIDE/plugins/com.st.stm32cube.ide.mcu.externaltools.gnu-tools-for-stm32.12.3.rel1.win32_1.0.200.202406191623/tools/bin/../lib/gcc/arm-none-eabi/12.3.1/../../../../arm-none-eabi/lib/thumb/v7e-m+fp/hard\libc_nano.a(libc_a-stdio.o)
                0x0800b8d6                __sseek
 .text.__sclose
                0x0800b8fa        0x8 C:/ST/STM32CubeIDE_1.16.0/STM32CubeIDE/plugins/com.st.stm32cube.ide.mcu.externaltools.gnu-tools-for-stm32.12.3.rel1.win32_1.0.200.202406191623/tools/bin/../lib/gcc/arm-none-eabi/12.3.1/../../../../arm-none-eabi/lib/thumb/v7e-m+fp/hard\libc_nano.a(libc_a-stdio.o)
                0x0800b8fa                __sclose
 .text.memset   0x0800b902       0x10 C:/ST/STM32CubeIDE_1.16.0/STM32CubeIDE/plugins/com.st.stm32cube.ide.mcu.externaltools.gnu-tools-for-stm32.12.3.rel1.win32_1.0.200.202406191623/tools/bin/../lib/gcc/arm-none-eabi/12.3.1/../../../../arm-none-eabi/lib/thumb/v7e-m+fp/hard\libc_nano.a(libc_a-memset.o)
                0x0800b902                memset
 .text.strcat   0x0800b912       0x1e C:/ST/STM32CubeIDE_1.16.0/STM32CubeIDE/plugins/com.st.stm32cube.ide.mcu.externaltools.gnu-tools-for-stm32.12.3.rel1.win32_1.0.200.202406191623/tools/bin/../lib/gcc/arm-none-eabi/12.3.1/../../../../arm-none-eabi/lib/thumb/v7e-m+fp/hard\libc_nano.a(libc_a-strcat.o)
                0x0800b912                strcat
 .text._close_r
                0x0800b930       0x20 C:/ST/STM32CubeIDE_1.16.0/STM32CubeIDE/plugins/com.st.stm32cube.ide.mcu.externaltools.gnu-tools-for-stm32.12.3.rel1.win32_1.0.200.202406191623/tools/bin/../lib/gcc/arm-none-eabi/12.3.1/../../../../arm-none-eabi/lib/thumb/v7e-m+fp/hard\libc_nano.a(libc_a-closer.o)
                0x0800b930                _close_r
 .text._lseek_r
                0x0800b950       0x24 C:/ST/STM32CubeIDE_1.16.0/STM32CubeIDE/plugins/com.st.stm32cube.ide.mcu.externaltools.gnu-tools-for-stm32.12.3.rel1.win32_1.0.200.202406191623/tools/bin/../lib/gcc/arm-none-eabi/12.3.1/../../../../arm-none-eabi/lib/thumb/v7e-m+fp/hard\libc_nano.a(libc_a-lseekr.o)
                0x0800b950                _lseek_r
 .text._read_r  0x0800b974       0x24 C:/ST/STM32CubeIDE_1.16.0/STM32CubeIDE/plugins/com.st.stm32cube.ide.mcu.externaltools.gnu-tools-for-stm32.12.3.rel1.win32_1.0.200.202406191623/tools/bin/../lib/gcc/arm-none-eabi/12.3.1/../../../../arm-none-eabi/lib/thumb/v7e-m+fp/hard\libc_nano.a(libc_a-readr.o)
                0x0800b974                _read_r
 .text._write_r
                0x0800b998       0x24 C:/ST/STM32CubeIDE_1.16.0/STM32CubeIDE/plugins/com.st.stm32cube.ide.mcu.externaltools.gnu-tools-for-stm32.12.3.rel1.win32_1.0.200.202406191623/tools/bin/../lib/gcc/arm-none-eabi/12.3.1/../../../../arm-none-eabi/lib/thumb/v7e-m+fp/hard\libc_nano.a(libc_a-writer.o)
                0x0800b998                _write_r
 .text.__errno  0x0800b9bc        0xc C:/ST/STM32CubeIDE_1.16.0/STM32CubeIDE/plugins/com.st.stm32cube.ide.mcu.externaltools.gnu-tools-for-stm32.12.3.rel1.win32_1.0.200.202406191623/tools/bin/../lib/gcc/arm-none-eabi/12.3.1/../../../../arm-none-eabi/lib/thumb/v7e-m+fp/hard\libc_nano.a(libc_a-errno.o)
                0x0800b9bc                __errno
 .text.__libc_init_array
                0x0800b9c8       0x48 C:/ST/STM32CubeIDE_1.16.0/STM32CubeIDE/plugins/com.st.stm32cube.ide.mcu.externaltools.gnu-tools-for-stm32.12.3.rel1.win32_1.0.200.202406191623/tools/bin/../lib/gcc/arm-none-eabi/12.3.1/../../../../arm-none-eabi/lib/thumb/v7e-m+fp/hard\libc_nano.a(libc_a-init.o)
                0x0800b9c8                __libc_init_array
 .text.__retarget_lock_init_recursive
                0x0800ba10        0x2 C:/ST/STM32CubeIDE_1.16.0/STM32CubeIDE/plugins/com.st.stm32cube.ide.mcu.externaltools.gnu-tools-for-stm32.12.3.rel1.win32_1.0.200.202406191623/tools/bin/../lib/gcc/arm-none-eabi/12.3.1/../../../../arm-none-eabi/lib/thumb/v7e-m+fp/hard\libc_nano.a(libc_a-lock.o)
                0x0800ba10                __retarget_lock_init_recursive
 .text.__retarget_lock_acquire_recursive
                0x0800ba12        0x2 C:/ST/STM32CubeIDE_1.16.0/STM32CubeIDE/plugins/com.st.stm32cube.ide.mcu.externaltools.gnu-tools-for-stm32.12.3.rel1.win32_1.0.200.202406191623/tools/bin/../lib/gcc/arm-none-eabi/12.3.1/../../../../arm-none-eabi/lib/thumb/v7e-m+fp/hard\libc_nano.a(libc_a-lock.o)
                0x0800ba12                __retarget_lock_acquire_recursive
 .text.__retarget_lock_release_recursive
                0x0800ba14        0x2 C:/ST/STM32CubeIDE_1.16.0/STM32CubeIDE/plugins/com.st.stm32cube.ide.mcu.externaltools.gnu-tools-for-stm32.12.3.rel1.win32_1.0.200.202406191623/tools/bin/../lib/gcc/arm-none-eabi/12.3.1/../../../../arm-none-eabi/lib/thumb/v7e-m+fp/hard\libc_nano.a(libc_a-lock.o)
                0x0800ba14                __retarget_lock_release_recursive
 *fill*         0x0800ba16        0x2 
 .text.__assert_func
                0x0800ba18       0x3c C:/ST/STM32CubeIDE_1.16.0/STM32CubeIDE/plugins/com.st.stm32cube.ide.mcu.externaltools.gnu-tools-for-stm32.12.3.rel1.win32_1.0.200.202406191623/tools/bin/../lib/gcc/arm-none-eabi/12.3.1/../../../../arm-none-eabi/lib/thumb/v7e-m+fp/hard\libc_nano.a(libc_a-assert.o)
                0x0800ba18                __assert_func
 .text._free_r  0x0800ba54       0x94 C:/ST/STM32CubeIDE_1.16.0/STM32CubeIDE/plugins/com.st.stm32cube.ide.mcu.externaltools.gnu-tools-for-stm32.12.3.rel1.win32_1.0.200.202406191623/tools/bin/../lib/gcc/arm-none-eabi/12.3.1/../../../../arm-none-eabi/lib/thumb/v7e-m+fp/hard\libc_nano.a(libc_a-freer.o)
                0x0800ba54                _free_r
 .text.malloc   0x0800bae8       0x10 C:/ST/STM32CubeIDE_1.16.0/STM32CubeIDE/plugins/com.st.stm32cube.ide.mcu.externaltools.gnu-tools-for-stm32.12.3.rel1.win32_1.0.200.202406191623/tools/bin/../lib/gcc/arm-none-eabi/12.3.1/../../../../arm-none-eabi/lib/thumb/v7e-m+fp/hard\libc_nano.a(libc_a-malloc.o)
                0x0800bae8                malloc
 .text.sbrk_aligned
                0x0800baf8       0x44 C:/ST/STM32CubeIDE_1.16.0/STM32CubeIDE/plugins/com.st.stm32cube.ide.mcu.externaltools.gnu-tools-for-stm32.12.3.rel1.win32_1.0.200.202406191623/tools/bin/../lib/gcc/arm-none-eabi/12.3.1/../../../../arm-none-eabi/lib/thumb/v7e-m+fp/hard\libc_nano.a(libc_a-mallocr.o)
 .text._malloc_r
                0x0800bb3c      0x100 C:/ST/STM32CubeIDE_1.16.0/STM32CubeIDE/plugins/com.st.stm32cube.ide.mcu.externaltools.gnu-tools-for-stm32.12.3.rel1.win32_1.0.200.202406191623/tools/bin/../lib/gcc/arm-none-eabi/12.3.1/../../../../arm-none-eabi/lib/thumb/v7e-m+fp/hard\libc_nano.a(libc_a-mallocr.o)
                0x0800bb3c                _malloc_r
 .text.__malloc_lock
                0x0800bc3c        0xc C:/ST/STM32CubeIDE_1.16.0/STM32CubeIDE/plugins/com.st.stm32cube.ide.mcu.externaltools.gnu-tools-for-stm32.12.3.rel1.win32_1.0.200.202406191623/tools/bin/../lib/gcc/arm-none-eabi/12.3.1/../../../../arm-none-eabi/lib/thumb/v7e-m+fp/hard\libc_nano.a(libc_a-mlock.o)
                0x0800bc3c                __malloc_lock
 .text.__malloc_unlock
                0x0800bc48        0xc C:/ST/STM32CubeIDE_1.16.0/STM32CubeIDE/plugins/com.st.stm32cube.ide.mcu.externaltools.gnu-tools-for-stm32.12.3.rel1.win32_1.0.200.202406191623/tools/bin/../lib/gcc/arm-none-eabi/12.3.1/../../../../arm-none-eabi/lib/thumb/v7e-m+fp/hard\libc_nano.a(libc_a-mlock.o)
                0x0800bc48                __malloc_unlock
 .text.__ssputs_r
                0x0800bc54       0xb6 C:/ST/STM32CubeIDE_1.16.0/STM32CubeIDE/plugins/com.st.stm32cube.ide.mcu.externaltools.gnu-tools-for-stm32.12.3.rel1.win32_1.0.200.202406191623/tools/bin/../lib/gcc/arm-none-eabi/12.3.1/../../../../arm-none-eabi/lib/thumb/v7e-m+fp/hard\libc_nano.a(libc_a-nano-svfprintf.o)
                0x0800bc54                __ssputs_r
 *fill*         0x0800bd0a        0x2 
 .text._svfprintf_r
                0x0800bd0c      0x1f8 C:/ST/STM32CubeIDE_1.16.0/STM32CubeIDE/plugins/com.st.stm32cube.ide.mcu.externaltools.gnu-tools-for-stm32.12.3.rel1.win32_1.0.200.202406191623/tools/bin/../lib/gcc/arm-none-eabi/12.3.1/../../../../arm-none-eabi/lib/thumb/v7e-m+fp/hard\libc_nano.a(libc_a-nano-svfprintf.o)
                0x0800bd0c                _svfiprintf_r
                0x0800bd0c                _svfprintf_r
 .text._printf_common
                0x0800bf04       0xda C:/ST/STM32CubeIDE_1.16.0/STM32CubeIDE/plugins/com.st.stm32cube.ide.mcu.externaltools.gnu-tools-for-stm32.12.3.rel1.win32_1.0.200.202406191623/tools/bin/../lib/gcc/arm-none-eabi/12.3.1/../../../../arm-none-eabi/lib/thumb/v7e-m+fp/hard\libc_nano.a(libc_a-nano-vfprintf_i.o)
                0x0800bf04                _printf_common
 *fill*         0x0800bfde        0x2 
 .text._printf_i
                0x0800bfe0      0x240 C:/ST/STM32CubeIDE_1.16.0/STM32CubeIDE/plugins/com.st.stm32cube.ide.mcu.externaltools.gnu-tools-for-stm32.12.3.rel1.win32_1.0.200.202406191623/tools/bin/../lib/gcc/arm-none-eabi/12.3.1/../../../../arm-none-eabi/lib/thumb/v7e-m+fp/hard\libc_nano.a(libc_a-nano-vfprintf_i.o)
                0x0800bfe0                _printf_i
 .text.__sflush_r
                0x0800c220      0x108 C:/ST/STM32CubeIDE_1.16.0/STM32CubeIDE/plugins/com.st.stm32cube.ide.mcu.externaltools.gnu-tools-for-stm32.12.3.rel1.win32_1.0.200.202406191623/tools/bin/../lib/gcc/arm-none-eabi/12.3.1/../../../../arm-none-eabi/lib/thumb/v7e-m+fp/hard\libc_nano.a(libc_a-fflush.o)
                0x0800c220                __sflush_r
 .text._fflush_r
                0x0800c328       0x50 C:/ST/STM32CubeIDE_1.16.0/STM32CubeIDE/plugins/com.st.stm32cube.ide.mcu.externaltools.gnu-tools-for-stm32.12.3.rel1.win32_1.0.200.202406191623/tools/bin/../lib/gcc/arm-none-eabi/12.3.1/../../../../arm-none-eabi/lib/thumb/v7e-m+fp/hard\libc_nano.a(libc_a-fflush.o)
                0x0800c328                _fflush_r
 .text.fprintf  0x0800c378       0x24 C:/ST/STM32CubeIDE_1.16.0/STM32CubeIDE/plugins/com.st.stm32cube.ide.mcu.externaltools.gnu-tools-for-stm32.12.3.rel1.win32_1.0.200.202406191623/tools/bin/../lib/gcc/arm-none-eabi/12.3.1/../../../../arm-none-eabi/lib/thumb/v7e-m+fp/hard\libc_nano.a(libc_a-fprintf.o)
                0x0800c378                fiprintf
                0x0800c378                fprintf
 .text.memmove  0x0800c39c       0x34 C:/ST/STM32CubeIDE_1.16.0/STM32CubeIDE/plugins/com.st.stm32cube.ide.mcu.externaltools.gnu-tools-for-stm32.12.3.rel1.win32_1.0.200.202406191623/tools/bin/../lib/gcc/arm-none-eabi/12.3.1/../../../../arm-none-eabi/lib/thumb/v7e-m+fp/hard\libc_nano.a(libc_a-memmove.o)
                0x0800c39c                memmove
 .text._sbrk_r  0x0800c3d0       0x20 C:/ST/STM32CubeIDE_1.16.0/STM32CubeIDE/plugins/com.st.stm32cube.ide.mcu.externaltools.gnu-tools-for-stm32.12.3.rel1.win32_1.0.200.202406191623/tools/bin/../lib/gcc/arm-none-eabi/12.3.1/../../../../arm-none-eabi/lib/thumb/v7e-m+fp/hard\libc_nano.a(libc_a-sbrkr.o)
                0x0800c3d0                _sbrk_r
 .text.memcpy   0x0800c3f0       0x1c C:/ST/STM32CubeIDE_1.16.0/STM32CubeIDE/plugins/com.st.stm32cube.ide.mcu.externaltools.gnu-tools-for-stm32.12.3.rel1.win32_1.0.200.202406191623/tools/bin/../lib/gcc/arm-none-eabi/12.3.1/../../../../arm-none-eabi/lib/thumb/v7e-m+fp/hard\libc_nano.a(libc_a-memcpy-stub.o)
                0x0800c3f0                memcpy
 .text.abort    0x0800c40c        0xe C:/ST/STM32CubeIDE_1.16.0/STM32CubeIDE/plugins/com.st.stm32cube.ide.mcu.externaltools.gnu-tools-for-stm32.12.3.rel1.win32_1.0.200.202406191623/tools/bin/../lib/gcc/arm-none-eabi/12.3.1/../../../../arm-none-eabi/lib/thumb/v7e-m+fp/hard\libc_nano.a(libc_a-abort.o)
                0x0800c40c                abort
 .text._realloc_r
                0x0800c41a       0x5c C:/ST/STM32CubeIDE_1.16.0/STM32CubeIDE/plugins/com.st.stm32cube.ide.mcu.externaltools.gnu-tools-for-stm32.12.3.rel1.win32_1.0.200.202406191623/tools/bin/../lib/gcc/arm-none-eabi/12.3.1/../../../../arm-none-eabi/lib/thumb/v7e-m+fp/hard\libc_nano.a(libc_a-reallocr.o)
                0x0800c41a                _realloc_r
 .text.__sfputc_r
                0x0800c476       0x2e C:/ST/STM32CubeIDE_1.16.0/STM32CubeIDE/plugins/com.st.stm32cube.ide.mcu.externaltools.gnu-tools-for-stm32.12.3.rel1.win32_1.0.200.202406191623/tools/bin/../lib/gcc/arm-none-eabi/12.3.1/../../../../arm-none-eabi/lib/thumb/v7e-m+fp/hard\libc_nano.a(libc_a-nano-vfprintf.o)
 .text.__sfputs_r
                0x0800c4a4       0x24 C:/ST/STM32CubeIDE_1.16.0/STM32CubeIDE/plugins/com.st.stm32cube.ide.mcu.externaltools.gnu-tools-for-stm32.12.3.rel1.win32_1.0.200.202406191623/tools/bin/../lib/gcc/arm-none-eabi/12.3.1/../../../../arm-none-eabi/lib/thumb/v7e-m+fp/hard\libc_nano.a(libc_a-nano-vfprintf.o)
                0x0800c4a4                __sfputs_r
 .text._vfprintf_r
                0x0800c4c8      0x230 C:/ST/STM32CubeIDE_1.16.0/STM32CubeIDE/plugins/com.st.stm32cube.ide.mcu.externaltools.gnu-tools-for-stm32.12.3.rel1.win32_1.0.200.202406191623/tools/bin/../lib/gcc/arm-none-eabi/12.3.1/../../../../arm-none-eabi/lib/thumb/v7e-m+fp/hard\libc_nano.a(libc_a-nano-vfprintf.o)
                0x0800c4c8                _vfprintf_r
                0x0800c4c8                _vfiprintf_r
 .text.__swbuf_r
                0x0800c6f8       0x7c C:/ST/STM32CubeIDE_1.16.0/STM32CubeIDE/plugins/com.st.stm32cube.ide.mcu.externaltools.gnu-tools-for-stm32.12.3.rel1.win32_1.0.200.202406191623/tools/bin/../lib/gcc/arm-none-eabi/12.3.1/../../../../arm-none-eabi/lib/thumb/v7e-m+fp/hard\libc_nano.a(libc_a-wbuf.o)
                0x0800c6f8                __swbuf_r
 .text.__swsetup_r
                0x0800c774       0xac C:/ST/STM32CubeIDE_1.16.0/STM32CubeIDE/plugins/com.st.stm32cube.ide.mcu.externaltools.gnu-tools-for-stm32.12.3.rel1.win32_1.0.200.202406191623/tools/bin/../lib/gcc/arm-none-eabi/12.3.1/../../../../arm-none-eabi/lib/thumb/v7e-m+fp/hard\libc_nano.a(libc_a-wsetup.o)
                0x0800c774                __swsetup_r
 .text._raise_r
                0x0800c820       0x50 C:/ST/STM32CubeIDE_1.16.0/STM32CubeIDE/plugins/com.st.stm32cube.ide.mcu.externaltools.gnu-tools-for-stm32.12.3.rel1.win32_1.0.200.202406191623/tools/bin/../lib/gcc/arm-none-eabi/12.3.1/../../../../arm-none-eabi/lib/thumb/v7e-m+fp/hard\libc_nano.a(libc_a-signal.o)
                0x0800c820                _raise_r
 .text.raise    0x0800c870       0x10 C:/ST/STM32CubeIDE_1.16.0/STM32CubeIDE/plugins/com.st.stm32cube.ide.mcu.externaltools.gnu-tools-for-stm32.12.3.rel1.win32_1.0.200.202406191623/tools/bin/../lib/gcc/arm-none-eabi/12.3.1/../../../../arm-none-eabi/lib/thumb/v7e-m+fp/hard\libc_nano.a(libc_a-signal.o)
                0x0800c870                raise
 .text._kill_r  0x0800c880       0x24 C:/ST/STM32CubeIDE_1.16.0/STM32CubeIDE/plugins/com.st.stm32cube.ide.mcu.externaltools.gnu-tools-for-stm32.12.3.rel1.win32_1.0.200.202406191623/tools/bin/../lib/gcc/arm-none-eabi/12.3.1/../../../../arm-none-eabi/lib/thumb/v7e-m+fp/hard\libc_nano.a(libc_a-signalr.o)
                0x0800c880                _kill_r
 .text._getpid_r
                0x0800c8a4        0x4 C:/ST/STM32CubeIDE_1.16.0/STM32CubeIDE/plugins/com.st.stm32cube.ide.mcu.externaltools.gnu-tools-for-stm32.12.3.rel1.win32_1.0.200.202406191623/tools/bin/../lib/gcc/arm-none-eabi/12.3.1/../../../../arm-none-eabi/lib/thumb/v7e-m+fp/hard\libc_nano.a(libc_a-signalr.o)
                0x0800c8a4                _getpid_r
 .text._malloc_usable_size_r
                0x0800c8a8       0x10 C:/ST/STM32CubeIDE_1.16.0/STM32CubeIDE/plugins/com.st.stm32cube.ide.mcu.externaltools.gnu-tools-for-stm32.12.3.rel1.win32_1.0.200.202406191623/tools/bin/../lib/gcc/arm-none-eabi/12.3.1/../../../../arm-none-eabi/lib/thumb/v7e-m+fp/hard\libc_nano.a(libc_a-msizer.o)
                0x0800c8a8                _malloc_usable_size_r
 .text.__swhatbuf_r
                0x0800c8b8       0x4c C:/ST/STM32CubeIDE_1.16.0/STM32CubeIDE/plugins/com.st.stm32cube.ide.mcu.externaltools.gnu-tools-for-stm32.12.3.rel1.win32_1.0.200.202406191623/tools/bin/../lib/gcc/arm-none-eabi/12.3.1/../../../../arm-none-eabi/lib/thumb/v7e-m+fp/hard\libc_nano.a(libc_a-makebuf.o)
                0x0800c8b8                __swhatbuf_r
 .text.__smakebuf_r
                0x0800c904       0x78 C:/ST/STM32CubeIDE_1.16.0/STM32CubeIDE/plugins/com.st.stm32cube.ide.mcu.externaltools.gnu-tools-for-stm32.12.3.rel1.win32_1.0.200.202406191623/tools/bin/../lib/gcc/arm-none-eabi/12.3.1/../../../../arm-none-eabi/lib/thumb/v7e-m+fp/hard\libc_nano.a(libc_a-makebuf.o)
                0x0800c904                __smakebuf_r
 .text._fstat_r
                0x0800c97c       0x24 C:/ST/STM32CubeIDE_1.16.0/STM32CubeIDE/plugins/com.st.stm32cube.ide.mcu.externaltools.gnu-tools-for-stm32.12.3.rel1.win32_1.0.200.202406191623/tools/bin/../lib/gcc/arm-none-eabi/12.3.1/../../../../arm-none-eabi/lib/thumb/v7e-m+fp/hard\libc_nano.a(libc_a-fstatr.o)
                0x0800c97c                _fstat_r
 .text._isatty_r
                0x0800c9a0       0x20 C:/ST/STM32CubeIDE_1.16.0/STM32CubeIDE/plugins/com.st.stm32cube.ide.mcu.externaltools.gnu-tools-for-stm32.12.3.rel1.win32_1.0.200.202406191623/tools/bin/../lib/gcc/arm-none-eabi/12.3.1/../../../../arm-none-eabi/lib/thumb/v7e-m+fp/hard\libc_nano.a(libc_a-isattyr.o)
                0x0800c9a0                _isatty_r
 *(.glue_7)
 .glue_7        0x0800c9c0        0x0 linker stubs
 *(.glue_7t)
 .glue_7t       0x0800c9c0        0x0 linker stubs
 *(.eh_frame)
 .eh_frame      0x0800c9c0        0x0 C:/ST/STM32CubeIDE_1.16.0/STM32CubeIDE/plugins/com.st.stm32cube.ide.mcu.externaltools.gnu-tools-for-stm32.12.3.rel1.win32_1.0.200.202406191623/tools/bin/../lib/gcc/arm-none-eabi/12.3.1/thumb/v7e-m+fp/hard/crtbegin.o
 *(.init)
 .init          0x0800c9c0        0x4 C:/ST/STM32CubeIDE_1.16.0/STM32CubeIDE/plugins/com.st.stm32cube.ide.mcu.externaltools.gnu-tools-for-stm32.12.3.rel1.win32_1.0.200.202406191623/tools/bin/../lib/gcc/arm-none-eabi/12.3.1/thumb/v7e-m+fp/hard/crti.o
                0x0800c9c0                _init
 .init          0x0800c9c4        0x8 C:/ST/STM32CubeIDE_1.16.0/STM32CubeIDE/plugins/com.st.stm32cube.ide.mcu.externaltools.gnu-tools-for-stm32.12.3.rel1.win32_1.0.200.202406191623/tools/bin/../lib/gcc/arm-none-eabi/12.3.1/thumb/v7e-m+fp/hard/crtn.o
 *(.fini)
 .fini          0x0800c9cc        0x4 C:/ST/STM32CubeIDE_1.16.0/STM32CubeIDE/plugins/com.st.stm32cube.ide.mcu.externaltools.gnu-tools-for-stm32.12.3.rel1.win32_1.0.200.202406191623/tools/bin/../lib/gcc/arm-none-eabi/12.3.1/thumb/v7e-m+fp/hard/crti.o
                0x0800c9cc                _fini
 .fini          0x0800c9d0        0x8 C:/ST/STM32CubeIDE_1.16.0/STM32CubeIDE/plugins/com.st.stm32cube.ide.mcu.externaltools.gnu-tools-for-stm32.12.3.rel1.win32_1.0.200.202406191623/tools/bin/../lib/gcc/arm-none-eabi/12.3.1/thumb/v7e-m+fp/hard/crtn.o
                0x0800c9d8                        . = ALIGN (0x4)
                0x0800c9d8                        _etext = .

.vfp11_veneer   0x0800c9d8        0x0
 .vfp11_veneer  0x0800c9d8        0x0 linker stubs

.v4_bx          0x0800c9d8        0x0
 .v4_bx         0x0800c9d8        0x0 linker stubs

.iplt           0x0800c9d8        0x0
 .iplt          0x0800c9d8        0x0 C:/ST/STM32CubeIDE_1.16.0/STM32CubeIDE/plugins/com.st.stm32cube.ide.mcu.externaltools.gnu-tools-for-stm32.12.3.rel1.win32_1.0.200.202406191623/tools/bin/../lib/gcc/arm-none-eabi/12.3.1/thumb/v7e-m+fp/hard/crtbegin.o

.rodata         0x0800c9d8    0x48fdc
                0x0800c9d8                        . = ALIGN (0x4)
 *(.rodata)
 .rodata        0x0800c9d8        0x9 ./Core/Src/camera_handler.o
 *fill*         0x0800c9e1        0x3 
 .rodata        0x0800c9e4       0x59 ./Core/Src/lcd.o
 *fill*         0x0800ca3d        0x3 
 .rodata        0x0800ca40        0x1 ./Core/Src/main.o
 *fill*         0x0800ca41        0x3 
 .rodata        0x0800ca44       0x33 ./Drivers/LCD/Src/ili9341.o
 *fill*         0x0800ca77        0x1 
 .rodata        0x0800ca78       0x44 ./Middlewares/Third_Party/FatFs/src/ff.o
 *(.rodata*)
 .rodata.squirrelres
                0x0800cabc    0x21480 ./Core/Src/lcd.o
                0x0800cabc                squirrelres
 .rodata.squirrelclip
                0x0802df3c    0x25800 ./Core/Src/lcd.o
                0x0802df3c                squirrelclip
 .rodata.AHBPrescTable
                0x0805373c       0x10 ./Core/Src/system_stm32l4xx.o
                0x0805373c                AHBPrescTable
 .rodata.APBPrescTable
                0x0805374c        0x8 ./Core/Src/system_stm32l4xx.o
                0x0805374c                APBPrescTable
 .rodata.MSIRangeTable
                0x08053754       0x30 ./Core/Src/system_stm32l4xx.o
                0x08053754                MSIRangeTable
 .rodata.Font11x18
                0x08053784      0xd5c ./Drivers/LCD/Src/fonts.o
 .rodata.Font16x26
                0x080544e0     0x134c ./Drivers/LCD/Src/fonts.o
 .rodata.UARTPrescTable
                0x0805582c       0x18 ./Drivers/STM32L4xx_HAL_Driver/Src/stm32l4xx_hal_uart.o
                0x0805582c                UARTPrescTable
 .rodata.numerator.1
                0x08055844        0x8 ./Drivers/STM32L4xx_HAL_Driver/Src/stm32l4xx_hal_uart_ex.o
 .rodata.denominator.0
                0x0805584c        0x8 ./Drivers/STM32L4xx_HAL_Driver/Src/stm32l4xx_hal_uart_ex.o
 .rodata.ExCvt  0x08055854       0x80 ./Middlewares/Third_Party/FatFs/src/ff.o
 .rodata.srand.str1.1
                0x080558d4       0x6f C:/ST/STM32CubeIDE_1.16.0/STM32CubeIDE/plugins/com.st.stm32cube.ide.mcu.externaltools.gnu-tools-for-stm32.12.3.rel1.win32_1.0.200.202406191623/tools/bin/../lib/gcc/arm-none-eabi/12.3.1/../../../../arm-none-eabi/lib/thumb/v7e-m+fp/hard\libc_nano.a(libc_a-rand.o)
 .rodata.__assert_func.str1.1
                0x08055943       0x3c C:/ST/STM32CubeIDE_1.16.0/STM32CubeIDE/plugins/com.st.stm32cube.ide.mcu.externaltools.gnu-tools-for-stm32.12.3.rel1.win32_1.0.200.202406191623/tools/bin/../lib/gcc/arm-none-eabi/12.3.1/../../../../arm-none-eabi/lib/thumb/v7e-m+fp/hard\libc_nano.a(libc_a-assert.o)
                                 0x3d (size before relaxing)
 .rodata._svfprintf_r.str1.1
                0x0805597f       0x11 C:/ST/STM32CubeIDE_1.16.0/STM32CubeIDE/plugins/com.st.stm32cube.ide.mcu.externaltools.gnu-tools-for-stm32.12.3.rel1.win32_1.0.200.202406191623/tools/bin/../lib/gcc/arm-none-eabi/12.3.1/../../../../arm-none-eabi/lib/thumb/v7e-m+fp/hard\libc_nano.a(libc_a-nano-svfprintf.o)
 .rodata._printf_i.str1.1
                0x08055990       0x22 C:/ST/STM32CubeIDE_1.16.0/STM32CubeIDE/plugins/com.st.stm32cube.ide.mcu.externaltools.gnu-tools-for-stm32.12.3.rel1.win32_1.0.200.202406191623/tools/bin/../lib/gcc/arm-none-eabi/12.3.1/../../../../arm-none-eabi/lib/thumb/v7e-m+fp/hard\libc_nano.a(libc_a-nano-vfprintf_i.o)
 .rodata._vfprintf_r.str1.1
                0x080559b2       0x11 C:/ST/STM32CubeIDE_1.16.0/STM32CubeIDE/plugins/com.st.stm32cube.ide.mcu.externaltools.gnu-tools-for-stm32.12.3.rel1.win32_1.0.200.202406191623/tools/bin/../lib/gcc/arm-none-eabi/12.3.1/../../../../arm-none-eabi/lib/thumb/v7e-m+fp/hard\libc_nano.a(libc_a-nano-vfprintf.o)
                0x080559c4                        . = ALIGN (0x4)
 *fill*         0x080559b2        0x2 

.ARM.extab      0x080559b4        0x0
                0x080559b4                        . = ALIGN (0x4)
 *(.ARM.extab* .gnu.linkonce.armextab.*)
                0x080559b4                        . = ALIGN (0x4)

.ARM            0x080559b4        0x8
                0x080559b4                        . = ALIGN (0x4)
                0x080559b4                        __exidx_start = .
 *(.ARM.exidx*)
 .ARM.exidx     0x080559b4        0x8 C:/ST/STM32CubeIDE_1.16.0/STM32CubeIDE/plugins/com.st.stm32cube.ide.mcu.externaltools.gnu-tools-for-stm32.12.3.rel1.win32_1.0.200.202406191623/tools/bin/../lib/gcc/arm-none-eabi/12.3.1/../../../../arm-none-eabi/lib/thumb/v7e-m+fp/hard\libc_nano.a(libc_a-memchr.o)
 .ARM.exidx     0x080559bc        0x0 C:/ST/STM32CubeIDE_1.16.0/STM32CubeIDE/plugins/com.st.stm32cube.ide.mcu.externaltools.gnu-tools-for-stm32.12.3.rel1.win32_1.0.200.202406191623/tools/bin/../lib/gcc/arm-none-eabi/12.3.1/thumb/v7e-m+fp/hard\libgcc.a(_udivmoddi4.o)
                                  0x8 (size before relaxing)
                0x080559bc                        __exidx_end = .
                0x080559bc                        . = ALIGN (0x4)

.preinit_array  0x080559bc        0x0
                0x080559bc                        . = ALIGN (0x4)
                0x080559bc                        PROVIDE (__preinit_array_start = .)
 *(.preinit_array*)
                0x080559bc                        PROVIDE (__preinit_array_end = .)
                0x080559bc                        . = ALIGN (0x4)

.init_array     0x080559bc        0x4
                0x080559bc                        . = ALIGN (0x4)
                0x080559bc                        PROVIDE (__init_array_start = .)
 *(SORT_BY_NAME(.init_array.*))
 *(.init_array*)
 .init_array    0x080559bc        0x4 C:/ST/STM32CubeIDE_1.16.0/STM32CubeIDE/plugins/com.st.stm32cube.ide.mcu.externaltools.gnu-tools-for-stm32.12.3.rel1.win32_1.0.200.202406191623/tools/bin/../lib/gcc/arm-none-eabi/12.3.1/thumb/v7e-m+fp/hard/crtbegin.o
                0x080559c0                        PROVIDE (__init_array_end = .)
                0x080559c0                        . = ALIGN (0x4)

.fini_array     0x080559c0        0x4
                0x080559c0                        . = ALIGN (0x4)
                [!provide]                        PROVIDE (__fini_array_start = .)
 *(SORT_BY_NAME(.fini_array.*))
 *(.fini_array*)
 .fini_array    0x080559c0        0x4 C:/ST/STM32CubeIDE_1.16.0/STM32CubeIDE/plugins/com.st.stm32cube.ide.mcu.externaltools.gnu-tools-for-stm32.12.3.rel1.win32_1.0.200.202406191623/tools/bin/../lib/gcc/arm-none-eabi/12.3.1/thumb/v7e-m+fp/hard/crtbegin.o
                [!provide]                        PROVIDE (__fini_array_end = .)
                0x080559c4                        . = ALIGN (0x4)
                0x080559c4                        _sidata = LOADADDR (.data)

.rel.dyn        0x080559c4        0x0
 .rel.iplt      0x080559c4        0x0 C:/ST/STM32CubeIDE_1.16.0/STM32CubeIDE/plugins/com.st.stm32cube.ide.mcu.externaltools.gnu-tools-for-stm32.12.3.rel1.win32_1.0.200.202406191623/tools/bin/../lib/gcc/arm-none-eabi/12.3.1/thumb/v7e-m+fp/hard/crtbegin.o

.data           0x20040000      0x118 load address 0x080559c4
                0x20040000                        . = ALIGN (0x4)
                0x20040000                        _sdata = .
 *(.data)
 *(.data*)
 .data.knownOriginal
                0x20040000        0x4 ./Core/Src/load_cell.o
 .data.knownHX711
                0x20040004        0x4 ./Core/Src/load_cell.o
 .data.steps    0x20040008       0x80 ./Core/Src/motor.o
 .data.SystemCoreClock
                0x20040088        0x4 ./Core/Src/system_stm32l4xx.o
                0x20040088                SystemCoreClock
 .data.Font_11x18
                0x2004008c        0x8 ./Drivers/LCD/Src/fonts.o
                0x2004008c                Font_11x18
 .data.Font_16x26
                0x20040094        0x8 ./Drivers/LCD/Src/fonts.o
                0x20040094                Font_16x26
 .data.uwTickPrio
                0x2004009c        0x4 ./Drivers/STM32L4xx_HAL_Driver/Src/stm32l4xx_hal.o
                0x2004009c                uwTickPrio
 .data.uwTickFreq
                0x200400a0        0x1 ./Drivers/STM32L4xx_HAL_Driver/Src/stm32l4xx_hal.o
                0x200400a0                uwTickFreq
 *fill*         0x200400a1        0x3 
 .data.USER_Driver
                0x200400a4       0x14 ./FATFS/Target/user_diskio.o
                0x200400a4                USER_Driver
 .data.Stat     0x200400b8        0x1 ./FATFS/Target/user_diskio_spi.o
 *fill*         0x200400b9        0x3 
 .data.__sglue  0x200400bc        0xc C:/ST/STM32CubeIDE_1.16.0/STM32CubeIDE/plugins/com.st.stm32cube.ide.mcu.externaltools.gnu-tools-for-stm32.12.3.rel1.win32_1.0.200.202406191623/tools/bin/../lib/gcc/arm-none-eabi/12.3.1/../../../../arm-none-eabi/lib/thumb/v7e-m+fp/hard\libc_nano.a(libc_a-findfp.o)
                0x200400bc                __sglue
 .data._impure_ptr
                0x200400c8        0x4 C:/ST/STM32CubeIDE_1.16.0/STM32CubeIDE/plugins/com.st.stm32cube.ide.mcu.externaltools.gnu-tools-for-stm32.12.3.rel1.win32_1.0.200.202406191623/tools/bin/../lib/gcc/arm-none-eabi/12.3.1/../../../../arm-none-eabi/lib/thumb/v7e-m+fp/hard\libc_nano.a(libc_a-impure.o)
                0x200400c8                _impure_ptr
 .data._impure_data
                0x200400cc       0x4c C:/ST/STM32CubeIDE_1.16.0/STM32CubeIDE/plugins/com.st.stm32cube.ide.mcu.externaltools.gnu-tools-for-stm32.12.3.rel1.win32_1.0.200.202406191623/tools/bin/../lib/gcc/arm-none-eabi/12.3.1/../../../../arm-none-eabi/lib/thumb/v7e-m+fp/hard\libc_nano.a(libc_a-impure.o)
                0x200400cc                _impure_data
 *(.RamFunc)
 *(.RamFunc*)
                0x20040118                        . = ALIGN (0x4)
                0x20040118                        _edata = .

.igot.plt       0x20040118        0x0 load address 0x08055adc
 .igot.plt      0x20040118        0x0 C:/ST/STM32CubeIDE_1.16.0/STM32CubeIDE/plugins/com.st.stm32cube.ide.mcu.externaltools.gnu-tools-for-stm32.12.3.rel1.win32_1.0.200.202406191623/tools/bin/../lib/gcc/arm-none-eabi/12.3.1/thumb/v7e-m+fp/hard/crtbegin.o
                0x20040118                        . = ALIGN (0x4)

.bss            0x20040118      0x800 load address 0x08055adc
                0x20040118                        _sbss = .
                0x20040118                        __bss_start__ = _sbss
 *(.bss)
 .bss           0x20040118       0x1c C:/ST/STM32CubeIDE_1.16.0/STM32CubeIDE/plugins/com.st.stm32cube.ide.mcu.externaltools.gnu-tools-for-stm32.12.3.rel1.win32_1.0.200.202406191623/tools/bin/../lib/gcc/arm-none-eabi/12.3.1/thumb/v7e-m+fp/hard/crtbegin.o
 *(.bss*)
 .bss.camera_ready
                0x20040134        0x1 ./Core/Src/camera_handler.o
 *fill*         0x20040135        0x3 
 .bss.image_size
                0x20040138        0x4 ./Core/Src/camera_handler.o
 .bss.cur_image_idx
                0x2004013c        0x4 ./Core/Src/camera_handler.o
 .bss.pic_index
                0x20040140        0x2 ./Core/Src/camera_handler.o
 .bss.rand_seed
                0x20040142        0x2 ./Core/Src/camera_handler.o
 .bss.img_read_buf
                0x20040144       0x2a ./Core/Src/camera_handler.o
 *fill*         0x2004016e        0x2 
 .bss.file_writer
                0x20040170      0x230 ./Core/Src/camera_handler.o
 .bss.feeder    0x200403a0        0xc ./Core/Src/integration.o
 .bss.error_state
                0x200403ac        0x1 ./Core/Src/integration.o
                0x200403ac                error_state
 *fill*         0x200403ad        0x3 
 .bss.times_dispensed
                0x200403b0        0x4 ./Core/Src/integration.o
 .bss.cooldown_cur_iteration
                0x200403b4        0x4 ./Core/Src/integration.o
 .bss.distance_measurements
                0x200403b8       0x20 ./Core/Src/ir_sensor.o
 .bss.distance_idx
                0x200403d8        0x1 ./Core/Src/ir_sensor.o
 *fill*         0x200403d9        0x3 
 .bss.CURRENT_READING
                0x200403dc        0x4 ./Core/Src/load_cell.o
 .bss.weight    0x200403e0        0x4 ./Core/Src/main.o
                0x200403e0                weight
 .bss.squirrel_count
                0x200403e4        0x4 ./Core/Src/main.o
                0x200403e4                squirrel_count
 .bss.hadc1     0x200403e8       0x68 ./Core/Src/main.o
                0x200403e8                hadc1
 .bss.hspi1     0x20040450       0x64 ./Core/Src/main.o
                0x20040450                hspi1
 .bss.hspi3     0x200404b4       0x64 ./Core/Src/main.o
                0x200404b4                hspi3
 .bss.htim2     0x20040518       0x4c ./Core/Src/main.o
                0x20040518                htim2
 .bss.htim3     0x20040564       0x4c ./Core/Src/main.o
                0x20040564                htim3
 .bss.htim4     0x200405b0       0x4c ./Core/Src/main.o
                0x200405b0                htim4
 .bss.htim5     0x200405fc       0x4c ./Core/Src/main.o
                0x200405fc                htim5
 .bss.htim15    0x20040648       0x4c ./Core/Src/main.o
                0x20040648                htim15
 .bss.htim16    0x20040694       0x4c ./Core/Src/main.o
                0x20040694                htim16
 .bss.huart3    0x200406e0       0x94 ./Core/Src/main.o
                0x200406e0                huart3
 .bss.motor_running
                0x20040774        0x1 ./Core/Src/motor.o
 *fill*         0x20040775        0x3 
 .bss.cur_rotation_idx
                0x20040778        0x4 ./Core/Src/motor.o
 .bss.__sbrk_heap_end
                0x2004077c        0x4 ./Core/Src/sysmem.o
 .bss.uwTick    0x20040780        0x4 ./Drivers/STM32L4xx_HAL_Driver/Src/stm32l4xx_hal.o
                0x20040780                uwTick
 .bss.retUSER   0x20040784        0x1 ./FATFS/App/fatfs.o
                0x20040784                retUSER
 *fill*         0x20040785        0x3 
 .bss.USERPath  0x20040788        0x4 ./FATFS/App/fatfs.o
                0x20040788                USERPath
 .bss.CardType  0x2004078c        0x1 ./FATFS/Target/user_diskio_spi.o
 *fill*         0x2004078d        0x3 
 .bss.spiTimerTickStart
                0x20040790        0x4 ./FATFS/Target/user_diskio_spi.o
                0x20040790                spiTimerTickStart
 .bss.spiTimerTickDelay
                0x20040794        0x4 ./FATFS/Target/user_diskio_spi.o
                0x20040794                spiTimerTickDelay
 .bss.FatFs     0x20040798        0x4 ./Middlewares/Third_Party/FatFs/src/ff.o
 .bss.Fsid      0x2004079c        0x2 ./Middlewares/Third_Party/FatFs/src/ff.o
 *fill*         0x2004079e        0x2 
 .bss.Files     0x200407a0       0x20 ./Middlewares/Third_Party/FatFs/src/ff.o
 .bss.disk      0x200407c0        0xc ./Middlewares/Third_Party/FatFs/src/ff_gen_drv.o
                0x200407c0                disk
 .bss.__sf      0x200407cc      0x138 C:/ST/STM32CubeIDE_1.16.0/STM32CubeIDE/plugins/com.st.stm32cube.ide.mcu.externaltools.gnu-tools-for-stm32.12.3.rel1.win32_1.0.200.202406191623/tools/bin/../lib/gcc/arm-none-eabi/12.3.1/../../../../arm-none-eabi/lib/thumb/v7e-m+fp/hard\libc_nano.a(libc_a-findfp.o)
                0x200407cc                __sf
 .bss.__stdio_exit_handler
                0x20040904        0x4 C:/ST/STM32CubeIDE_1.16.0/STM32CubeIDE/plugins/com.st.stm32cube.ide.mcu.externaltools.gnu-tools-for-stm32.12.3.rel1.win32_1.0.200.202406191623/tools/bin/../lib/gcc/arm-none-eabi/12.3.1/../../../../arm-none-eabi/lib/thumb/v7e-m+fp/hard\libc_nano.a(libc_a-findfp.o)
                0x20040904                __stdio_exit_handler
 .bss.errno     0x20040908        0x4 C:/ST/STM32CubeIDE_1.16.0/STM32CubeIDE/plugins/com.st.stm32cube.ide.mcu.externaltools.gnu-tools-for-stm32.12.3.rel1.win32_1.0.200.202406191623/tools/bin/../lib/gcc/arm-none-eabi/12.3.1/../../../../arm-none-eabi/lib/thumb/v7e-m+fp/hard\libc_nano.a(libc_a-reent.o)
                0x20040908                errno
 .bss.__lock___malloc_recursive_mutex
                0x2004090c        0x1 C:/ST/STM32CubeIDE_1.16.0/STM32CubeIDE/plugins/com.st.stm32cube.ide.mcu.externaltools.gnu-tools-for-stm32.12.3.rel1.win32_1.0.200.202406191623/tools/bin/../lib/gcc/arm-none-eabi/12.3.1/../../../../arm-none-eabi/lib/thumb/v7e-m+fp/hard\libc_nano.a(libc_a-lock.o)
                0x2004090c                __lock___malloc_recursive_mutex
 .bss.__lock___sfp_recursive_mutex
                0x2004090d        0x1 C:/ST/STM32CubeIDE_1.16.0/STM32CubeIDE/plugins/com.st.stm32cube.ide.mcu.externaltools.gnu-tools-for-stm32.12.3.rel1.win32_1.0.200.202406191623/tools/bin/../lib/gcc/arm-none-eabi/12.3.1/../../../../arm-none-eabi/lib/thumb/v7e-m+fp/hard\libc_nano.a(libc_a-lock.o)
                0x2004090d                __lock___sfp_recursive_mutex
 *fill*         0x2004090e        0x2 
 .bss.__malloc_sbrk_start
                0x20040910        0x4 C:/ST/STM32CubeIDE_1.16.0/STM32CubeIDE/plugins/com.st.stm32cube.ide.mcu.externaltools.gnu-tools-for-stm32.12.3.rel1.win32_1.0.200.202406191623/tools/bin/../lib/gcc/arm-none-eabi/12.3.1/../../../../arm-none-eabi/lib/thumb/v7e-m+fp/hard\libc_nano.a(libc_a-mallocr.o)
                0x20040910                __malloc_sbrk_start
 .bss.__malloc_free_list
                0x20040914        0x4 C:/ST/STM32CubeIDE_1.16.0/STM32CubeIDE/plugins/com.st.stm32cube.ide.mcu.externaltools.gnu-tools-for-stm32.12.3.rel1.win32_1.0.200.202406191623/tools/bin/../lib/gcc/arm-none-eabi/12.3.1/../../../../arm-none-eabi/lib/thumb/v7e-m+fp/hard\libc_nano.a(libc_a-mallocr.o)
                0x20040914                __malloc_free_list
 *(COMMON)
                0x20040918                        . = ALIGN (0x4)
                0x20040918                        _ebss = .
                0x20040918                        __bss_end__ = _ebss

._user_heap_stack
                0x20040918      0x600 load address 0x08055adc
                0x20040918                        . = ALIGN (0x8)
                [!provide]                        PROVIDE (end = .)
                0x20040918                        PROVIDE (_end = .)
                0x20040b18                        . = (. + _Min_Heap_Size)
 *fill*         0x20040918      0x200 
                0x20040f18                        . = (. + _Min_Stack_Size)
 *fill*         0x20040b18      0x400 
                0x20040f18                        . = ALIGN (0x8)

/DISCARD/
 libc.a(*)
 libm.a(*)
 libgcc.a(*)

.ARM.attributes
                0x00000000       0x30
 *(.ARM.attributes)
 .ARM.attributes
                0x00000000       0x22 C:/ST/STM32CubeIDE_1.16.0/STM32CubeIDE/plugins/com.st.stm32cube.ide.mcu.externaltools.gnu-tools-for-stm32.12.3.rel1.win32_1.0.200.202406191623/tools/bin/../lib/gcc/arm-none-eabi/12.3.1/thumb/v7e-m+fp/hard/crti.o
 .ARM.attributes
                0x00000022       0x34 C:/ST/STM32CubeIDE_1.16.0/STM32CubeIDE/plugins/com.st.stm32cube.ide.mcu.externaltools.gnu-tools-for-stm32.12.3.rel1.win32_1.0.200.202406191623/tools/bin/../lib/gcc/arm-none-eabi/12.3.1/thumb/v7e-m+fp/hard/crtbegin.o
 .ARM.attributes
                0x00000056       0x34 ./Core/Src/camera_handler.o
 .ARM.attributes
                0x0000008a       0x34 ./Core/Src/integration.o
 .ARM.attributes
                0x000000be       0x34 ./Core/Src/ir_sensor.o
 .ARM.attributes
                0x000000f2       0x34 ./Core/Src/lcd.o
 .ARM.attributes
                0x00000126       0x34 ./Core/Src/load_cell.o
 .ARM.attributes
                0x0000015a       0x34 ./Core/Src/main.o
 .ARM.attributes
                0x0000018e       0x34 ./Core/Src/motor.o
 .ARM.attributes
                0x000001c2       0x34 ./Core/Src/stm32l4xx_hal_msp.o
 .ARM.attributes
                0x000001f6       0x34 ./Core/Src/stm32l4xx_it.o
 .ARM.attributes
                0x0000022a       0x34 ./Core/Src/syscalls.o
 .ARM.attributes
                0x0000025e       0x34 ./Core/Src/sysmem.o
 .ARM.attributes
                0x00000292       0x34 ./Core/Src/system_stm32l4xx.o
 .ARM.attributes
                0x000002c6       0x34 ./Core/Src/vc0706_driver.o
 .ARM.attributes
                0x000002fa       0x21 ./Core/Startup/startup_stm32l4r5zitxp.o
 .ARM.attributes
                0x0000031b       0x34 ./Drivers/LCD/Src/fonts.o
 .ARM.attributes
                0x0000034f       0x34 ./Drivers/LCD/Src/ili9341.o
 .ARM.attributes
                0x00000383       0x34 ./Drivers/STM32L4xx_HAL_Driver/Src/stm32l4xx_hal.o
 .ARM.attributes