../Core/Src/camera_handler.cpp:62:6:void CAMERA_Init()	8	static
../Core/Src/camera_handler.cpp:66:9:uint8_t CAMERA_Take_Photo()	8	static
../Core/Src/camera_handler.cpp:70:9:uint8_t CAMERA_Process()	8	static
../Core/Src/camera_handler.cpp:75:6:void Camera::init()	16	static
../Core/Src/camera_handler.cpp:86:9:uint8_t Camera::take_photo()	32	static
../Core/Src/camera_handler.cpp:130:9:uint8_t Camera::process()	24	static
../Core/Src/camera_handler.cpp:141:9:uint8_t Camera::process_chunk()	24	static
../Core/Src/camera_handler.cpp:161:6:void Camera::finish_image()	24	static
