../Core/Src/main.c:82:5:main	8	static
../Core/Src/main.c:144:6:SystemClock_Config	96	static
../Core/Src/main.c:189:13:MX_ADC1_Init	32	static
../Core/Src/main.c:247:13:MX_SPI1_Init	8	static
../Core/Src/main.c:287:13:MX_SPI3_Init	8	static
../Core/Src/main.c:327:13:MX_USART3_UART_Init	8	static
../Core/Src/main.c:375:13:MX_GPIO_Init	64	static
../Core/Src/main.c:593:13:FS_Init	576	static
../Core/Src/main.c:605:13:FS_Cleanup	8	static
../Core/Src/main.c:615:6:Error_Handler	4	static,ignoring_inline_asm
