../Core/Src/main.c:82:5:main	592	static
../Core/Src/main.c:148:6:SystemClock_Config	96	static
../Core/Src/main.c:193:13:MX_ADC1_Init	32	static
../Core/Src/main.c:251:13:MX_SPI1_Init	8	static
../Core/Src/main.c:291:13:MX_SPI3_Init	8	static
../Core/Src/main.c:331:13:MX_USART3_UART_Init	8	static
../Core/Src/main.c:379:13:MX_GPIO_Init	64	static
../Core/Src/main.c:597:13:FS_Init	576	static
../Core/Src/main.c:609:13:FS_Cleanup	8	static
../Core/Src/main.c:619:6:Error_Handler	4	static,ignoring_inline_asm
