../Drivers/hx8357d/src/LCD_Driver.c:278:6:LCD_SendCommand	24	static
../Drivers/hx8357d/src/LCD_Driver.c:293:6:LCD_SendData	24	static
../Drivers/hx8357d/src/LCD_Driver.c:307:6:LCD_SendDataMulti	16	static
../Drivers/hx8357d/src/LCD_Driver.c:323:6:LCD_SetCursorPosition	24	static
../Drivers/hx8357d/src/LCD_Driver.c:339:6:LCD_Init	24	static
../Drivers/hx8357d/src/LCD_Driver.c:452:6:LCD_DrawPixel	16	static
../Drivers/hx8357d/src/LCD_Driver.c:458:6:LCD_Fill	24	static
../Drivers/hx8357d/src/LCD_Driver.c:479:6:LCD_Fill_Rect	32	static
../Drivers/hx8357d/src/LCD_Driver.c:491:6:LCD_drawCircle	40	static
../Drivers/hx8357d/src/LCD_Driver.c:524:13:drawCircleHelper	40	static
../Drivers/hx8357d/src/LCD_Driver.c:559:13:fillCircleHelper	40	static
../Drivers/hx8357d/src/LCD_Driver.c:587:6:LCD_fillCircle	32	static
../Drivers/hx8357d/src/LCD_Driver.c:594:6:LCD_drawLine	48	static
../Drivers/hx8357d/src/LCD_Driver.c:634:6:LCD_drawFastHLine	32	static
../Drivers/hx8357d/src/LCD_Driver.c:639:6:LCD_drawFastVLine	32	static
../Drivers/hx8357d/src/LCD_Driver.c:644:6:LCD_drawTriangle	32	static
../Drivers/hx8357d/src/LCD_Driver.c:650:6:LCD_fillTriangle	64	static
../Drivers/hx8357d/src/LCD_Driver.c:720:6:LCD_drawChar	40	static
../Drivers/hx8357d/src/LCD_Driver.c:766:6:LCD_printText	48	static
../Drivers/hx8357d/src/LCD_Driver.c:777:6:LCD_printImage	32	static
../Drivers/hx8357d/src/LCD_Driver.c:788:6:LCD_setRotation	16	static
../Drivers/hx8357d/src/LCD_Driver.c:820:9:LCD_getRotation	4	static
