13:29:40 **** Incremental Build of configuration Debug for project integration ****
make -j12 all 
arm-none-eabi-gcc "../Core/Src/load_cell.c" -mcpu=cortex-m4 -std=gnu11 -g3 -DDEBUG -DUSE_HAL_DRIVER -DSTM32L4R5xx -c -I../Core/Inc -I../Drivers/STM32L4xx_HAL_Driver/Inc -I../Drivers/STM32L4xx_HAL_Driver/Inc/Legacy -I../Drivers/CMSIS/Device/ST/STM32L4xx/Include -I../Drivers/CMSIS/Include -I../FATFS/Target -I../FATFS/App -I../Middlewares/Third_Party/FatFs/src -I"C:/Users/mvielmet/Documents/eecs373_squirrel_feeder/integration/Drivers/LCD/Inc" -I../Drivers/LCD/Inc -O0 -ffunction-sections -fdata-sections -Wall -fstack-usage -fcyclomatic-complexity -MMD -MP -MF"Core/Src/load_cell.d" -MT"Core/Src/load_cell.o" --specs=nano.specs -mfpu=fpv4-sp-d16 -mfloat-abi=hard -mthumb -o "Core/Src/load_cell.o"
arm-none-eabi-gcc "../Core/Src/main.c" -mcpu=cortex-m4 -std=gnu11 -g3 -DDEBUG -DUSE_HAL_DRIVER -DSTM32L4R5xx -c -I../Core/Inc -I../Drivers/STM32L4xx_HAL_Driver/Inc -I../Drivers/STM32L4xx_HAL_Driver/Inc/Legacy -I../Drivers/CMSIS/Device/ST/STM32L4xx/Include -I../Drivers/CMSIS/Include -I../FATFS/Target -I../FATFS/App -I../Middlewares/Third_Party/FatFs/src -I"C:/Users/mvielmet/Documents/eecs373_squirrel_feeder/integration/Drivers/LCD/Inc" -I../Drivers/LCD/Inc -O0 -ffunction-sections -fdata-sections -Wall -fstack-usage -fcyclomatic-complexity -MMD -MP -MF"Core/Src/main.d" -MT"Core/Src/main.o" --specs=nano.specs -mfpu=fpv4-sp-d16 -mfloat-abi=hard -mthumb -o "Core/Src/main.o"
../Core/Src/main.c: In function 'main':
../Core/Src/main.c:153:7: warning: unused variable 'fil' [-Wunused-variable]
  153 |   FIL fil;              //File handle
      |       ^~~
arm-none-eabi-gcc -o "integration.elf" @"objects.list"   -mcpu=cortex-m4 -T"C:\Users\mvielmet\Documents\eecs373_squirrel_feeder\integration\STM32L4R5ZITXP_FLASH.ld" --specs=nosys.specs -Wl,-Map="integration.map" -Wl,--gc-sections -static --specs=nano.specs -mfpu=fpv4-sp-d16 -mfloat-abi=hard -mthumb -u _printf_float -Wl,--start-group -lc -lm -Wl,--end-group
Finished building target: integration.elf
 
arm-none-eabi-size  integration.elf 
arm-none-eabi-objdump -h -S integration.elf  > "integration.list"
   text	   data	    bss	    dec	    hex	filename
 488980	    644	   3660	 493284	  786e4	integration.elf
Finished building: default.size.stdout
 
Finished building: integration.list
 

13:29:42 Build Finished. 0 errors, 1 warnings. (took 1s.794ms)

